
. 
. clear all

. 
. /*=========================================================================
>                         1: Load data 
> ===========================================================================*/   
. use "example31.dta", clear

. 
. keep if inrange(t,6,15)
(10,000 observations deleted)

. 
. /*=========================================================================
>                         2: Run tests
> ===========================================================================*/
.         
. graph drop _all

. 
. *------------------------ 2.1: Replicate 2a and test basic funcionality ----------------------------------
. 
. xtevent y eta , panelvar(i) timevar(t) policyvar(z) window(5)

No proxy or instruments provided. Implementing OLS estimator
(0 differences between z and zn)

Linear regression, absorbing indicators         Number of obs     =     10,000
Absorbed variable: i                            No. of categories =      1,000
                                                F(  22,   8978)   =     267.37
                                                Prob > F          =     0.0000
                                                R-squared         =     0.7508
                                                Adj R-squared     =     0.7225
                                                Root MSE          =     1.0000

------------------------------------------------------------------------------
           y |      Coef.   Std. Err.      t    P>|t|     [95% Conf. Interval]
-------------+----------------------------------------------------------------
         eta |   .2621247   .0086998    30.13   0.000     .2450711    .2791783
    _k_eq_m6 |   .1815567   .1147092     1.58   0.114    -.0432995    .4064129
    _k_eq_m5 |   .0892733   .1277738     0.70   0.485    -.1611925    .3397391
    _k_eq_m4 |    .202121   .1186207     1.70   0.088    -.0304026    .4346447
    _k_eq_m3 |   .0743459   .1125401     0.66   0.509    -.1462584    .2949502
    _k_eq_m2 |   .0829613   .1059759     0.78   0.434    -.1247755    .2906982
    _k_eq_p0 |   1.068596   .0993512    10.76   0.000     .8738453    1.263347
    _k_eq_p1 |   .9083861   .1017712     8.93   0.000     .7088914    1.107881
    _k_eq_p2 |   .9609787   .1055003     9.11   0.000      .754174    1.167783
    _k_eq_p3 |   .9601493   .1102397     8.71   0.000     .7440543    1.176244
    _k_eq_p4 |   1.028769   .1149331     8.95   0.000     .8034741    1.254064
    _k_eq_p5 |   1.049989   .1221698     8.59   0.000     .8105086     1.28947
    _k_eq_p6 |    1.01964   .1095054     9.31   0.000     .8049841    1.234295
             |
           t |
          7  |   .1751364   .0449265     3.90   0.000     .0870703    .2632026
          8  |   .4596938   .0450958    10.19   0.000     .3712956    .5480919
          9  |   .6417158   .0454697    14.11   0.000     .5525847    .7308468
         10  |    .872227   .0458761    19.01   0.000     .7822993    .9621546
         11  |   1.018753   .0462793    22.01   0.000     .9280349    1.109471
         12  |   1.195566    .046625    25.64   0.000      1.10417    1.286962
         13  |   1.437028   .0471014    30.51   0.000     1.344699    1.529358
         14  |   1.585929   .0475906    33.32   0.000      1.49264    1.679217
         15  |   1.820122    .047993    37.92   0.000     1.726045    1.914199
             |
       _cons |   1.185784   .0365591    32.43   0.000      1.11412    1.257448
------------------------------------------------------------------------------
F test of absorbed indicators: F(999, 8978) = 11.272          Prob > F = 0.000

. 
. * Testing xtset options
. 
. xtevent y eta, policyvar(z) window(5) plot

Using options panelvar and timevar from xtset

No proxy or instruments provided. Implementing OLS estimator
(0 differences between z and zn)

Linear regression, absorbing indicators         Number of obs     =     10,000
Absorbed variable: i                            No. of categories =      1,000
                                                F(  22,   8978)   =     267.37
                                                Prob > F          =     0.0000
                                                R-squared         =     0.7508
                                                Adj R-squared     =     0.7225
                                                Root MSE          =     1.0000

------------------------------------------------------------------------------
           y |      Coef.   Std. Err.      t    P>|t|     [95% Conf. Interval]
-------------+----------------------------------------------------------------
         eta |   .2621247   .0086998    30.13   0.000     .2450711    .2791783
    _k_eq_m6 |   .1815567   .1147092     1.58   0.114    -.0432995    .4064129
    _k_eq_m5 |   .0892733   .1277738     0.70   0.485    -.1611925    .3397391
    _k_eq_m4 |    .202121   .1186207     1.70   0.088    -.0304026    .4346447
    _k_eq_m3 |   .0743459   .1125401     0.66   0.509    -.1462584    .2949502
    _k_eq_m2 |   .0829613   .1059759     0.78   0.434    -.1247755    .2906982
    _k_eq_p0 |   1.068596   .0993512    10.76   0.000     .8738453    1.263347
    _k_eq_p1 |   .9083861   .1017712     8.93   0.000     .7088914    1.107881
    _k_eq_p2 |   .9609787   .1055003     9.11   0.000      .754174    1.167783
    _k_eq_p3 |   .9601493   .1102397     8.71   0.000     .7440543    1.176244
    _k_eq_p4 |   1.028769   .1149331     8.95   0.000     .8034741    1.254064
    _k_eq_p5 |   1.049989   .1221698     8.59   0.000     .8105086     1.28947
    _k_eq_p6 |    1.01964   .1095054     9.31   0.000     .8049841    1.234295
             |
           t |
          7  |   .1751364   .0449265     3.90   0.000     .0870703    .2632026
          8  |   .4596938   .0450958    10.19   0.000     .3712956    .5480919
          9  |   .6417158   .0454697    14.11   0.000     .5525847    .7308468
         10  |    .872227   .0458761    19.01   0.000     .7822993    .9621546
         11  |   1.018753   .0462793    22.01   0.000     .9280349    1.109471
         12  |   1.195566    .046625    25.64   0.000      1.10417    1.286962
         13  |   1.437028   .0471014    30.51   0.000     1.344699    1.529358
         14  |   1.585929   .0475906    33.32   0.000      1.49264    1.679217
         15  |   1.820122    .047993    37.92   0.000     1.726045    1.914199
             |
       _cons |   1.185784   .0365591    32.43   0.000      1.11412    1.257448
------------------------------------------------------------------------------
F test of absorbed indicators: F(999, 8978) = 11.272          Prob > F = 0.000

. xtevent y eta, policyvar(z) panelvar(i) window(5) plot

Using options panelvar and timevar from xtset

No proxy or instruments provided. Implementing OLS estimator
(0 differences between z and zn)

Linear regression, absorbing indicators         Number of obs     =     10,000
Absorbed variable: i                            No. of categories =      1,000
                                                F(  22,   8978)   =     267.37
                                                Prob > F          =     0.0000
                                                R-squared         =     0.7508
                                                Adj R-squared     =     0.7225
                                                Root MSE          =     1.0000

------------------------------------------------------------------------------
           y |      Coef.   Std. Err.      t    P>|t|     [95% Conf. Interval]
-------------+----------------------------------------------------------------
         eta |   .2621247   .0086998    30.13   0.000     .2450711    .2791783
    _k_eq_m6 |   .1815567   .1147092     1.58   0.114    -.0432995    .4064129
    _k_eq_m5 |   .0892733   .1277738     0.70   0.485    -.1611925    .3397391
    _k_eq_m4 |    .202121   .1186207     1.70   0.088    -.0304026    .4346447
    _k_eq_m3 |   .0743459   .1125401     0.66   0.509    -.1462584    .2949502
    _k_eq_m2 |   .0829613   .1059759     0.78   0.434    -.1247755    .2906982
    _k_eq_p0 |   1.068596   .0993512    10.76   0.000     .8738453    1.263347
    _k_eq_p1 |   .9083861   .1017712     8.93   0.000     .7088914    1.107881
    _k_eq_p2 |   .9609787   .1055003     9.11   0.000      .754174    1.167783
    _k_eq_p3 |   .9601493   .1102397     8.71   0.000     .7440543    1.176244
    _k_eq_p4 |   1.028769   .1149331     8.95   0.000     .8034741    1.254064
    _k_eq_p5 |   1.049989   .1221698     8.59   0.000     .8105086     1.28947
    _k_eq_p6 |    1.01964   .1095054     9.31   0.000     .8049841    1.234295
             |
           t |
          7  |   .1751364   .0449265     3.90   0.000     .0870703    .2632026
          8  |   .4596938   .0450958    10.19   0.000     .3712956    .5480919
          9  |   .6417158   .0454697    14.11   0.000     .5525847    .7308468
         10  |    .872227   .0458761    19.01   0.000     .7822993    .9621546
         11  |   1.018753   .0462793    22.01   0.000     .9280349    1.109471
         12  |   1.195566    .046625    25.64   0.000      1.10417    1.286962
         13  |   1.437028   .0471014    30.51   0.000     1.344699    1.529358
         14  |   1.585929   .0475906    33.32   0.000      1.49264    1.679217
         15  |   1.820122    .047993    37.92   0.000     1.726045    1.914199
             |
       _cons |   1.185784   .0365591    32.43   0.000      1.11412    1.257448
------------------------------------------------------------------------------
F test of absorbed indicators: F(999, 8978) = 11.272          Prob > F = 0.000

. xtevent y eta, policyvar(z) timevar(t) window(5) plot

Using options panelvar and timevar from xtset

No proxy or instruments provided. Implementing OLS estimator
(0 differences between z and zn)

Linear regression, absorbing indicators         Number of obs     =     10,000
Absorbed variable: i                            No. of categories =      1,000
                                                F(  22,   8978)   =     267.37
                                                Prob > F          =     0.0000
                                                R-squared         =     0.7508
                                                Adj R-squared     =     0.7225
                                                Root MSE          =     1.0000

------------------------------------------------------------------------------
           y |      Coef.   Std. Err.      t    P>|t|     [95% Conf. Interval]
-------------+----------------------------------------------------------------
         eta |   .2621247   .0086998    30.13   0.000     .2450711    .2791783
    _k_eq_m6 |   .1815567   .1147092     1.58   0.114    -.0432995    .4064129
    _k_eq_m5 |   .0892733   .1277738     0.70   0.485    -.1611925    .3397391
    _k_eq_m4 |    .202121   .1186207     1.70   0.088    -.0304026    .4346447
    _k_eq_m3 |   .0743459   .1125401     0.66   0.509    -.1462584    .2949502
    _k_eq_m2 |   .0829613   .1059759     0.78   0.434    -.1247755    .2906982
    _k_eq_p0 |   1.068596   .0993512    10.76   0.000     .8738453    1.263347
    _k_eq_p1 |   .9083861   .1017712     8.93   0.000     .7088914    1.107881
    _k_eq_p2 |   .9609787   .1055003     9.11   0.000      .754174    1.167783
    _k_eq_p3 |   .9601493   .1102397     8.71   0.000     .7440543    1.176244
    _k_eq_p4 |   1.028769   .1149331     8.95   0.000     .8034741    1.254064
    _k_eq_p5 |   1.049989   .1221698     8.59   0.000     .8105086     1.28947
    _k_eq_p6 |    1.01964   .1095054     9.31   0.000     .8049841    1.234295
             |
           t |
          7  |   .1751364   .0449265     3.90   0.000     .0870703    .2632026
          8  |   .4596938   .0450958    10.19   0.000     .3712956    .5480919
          9  |   .6417158   .0454697    14.11   0.000     .5525847    .7308468
         10  |    .872227   .0458761    19.01   0.000     .7822993    .9621546
         11  |   1.018753   .0462793    22.01   0.000     .9280349    1.109471
         12  |   1.195566    .046625    25.64   0.000      1.10417    1.286962
         13  |   1.437028   .0471014    30.51   0.000     1.344699    1.529358
         14  |   1.585929   .0475906    33.32   0.000      1.49264    1.679217
         15  |   1.820122    .047993    37.92   0.000     1.726045    1.914199
             |
       _cons |   1.185784   .0365591    32.43   0.000      1.11412    1.257448
------------------------------------------------------------------------------
F test of absorbed indicators: F(999, 8978) = 11.272          Prob > F = 0.000

. 
. 
. /* Must fail
> xtevent y eta, policyvar(z) panelvar(z) window(5) 
> xtevent y eta, policyvar(z) timevar(z) window(5) 
> */
. 
. * Testing noci, nosupt, nozeroline, nominus1label
. xtevent y eta, policyvar(z) timevar(t) window(5)

Using options panelvar and timevar from xtset

No proxy or instruments provided. Implementing OLS estimator
(0 differences between z and zn)

Linear regression, absorbing indicators         Number of obs     =     10,000
Absorbed variable: i                            No. of categories =      1,000
                                                F(  22,   8978)   =     267.37
                                                Prob > F          =     0.0000
                                                R-squared         =     0.7508
                                                Adj R-squared     =     0.7225
                                                Root MSE          =     1.0000

------------------------------------------------------------------------------
           y |      Coef.   Std. Err.      t    P>|t|     [95% Conf. Interval]
-------------+----------------------------------------------------------------
         eta |   .2621247   .0086998    30.13   0.000     .2450711    .2791783
    _k_eq_m6 |   .1815567   .1147092     1.58   0.114    -.0432995    .4064129
    _k_eq_m5 |   .0892733   .1277738     0.70   0.485    -.1611925    .3397391
    _k_eq_m4 |    .202121   .1186207     1.70   0.088    -.0304026    .4346447
    _k_eq_m3 |   .0743459   .1125401     0.66   0.509    -.1462584    .2949502
    _k_eq_m2 |   .0829613   .1059759     0.78   0.434    -.1247755    .2906982
    _k_eq_p0 |   1.068596   .0993512    10.76   0.000     .8738453    1.263347
    _k_eq_p1 |   .9083861   .1017712     8.93   0.000     .7088914    1.107881
    _k_eq_p2 |   .9609787   .1055003     9.11   0.000      .754174    1.167783
    _k_eq_p3 |   .9601493   .1102397     8.71   0.000     .7440543    1.176244
    _k_eq_p4 |   1.028769   .1149331     8.95   0.000     .8034741    1.254064
    _k_eq_p5 |   1.049989   .1221698     8.59   0.000     .8105086     1.28947
    _k_eq_p6 |    1.01964   .1095054     9.31   0.000     .8049841    1.234295
             |
           t |
          7  |   .1751364   .0449265     3.90   0.000     .0870703    .2632026
          8  |   .4596938   .0450958    10.19   0.000     .3712956    .5480919
          9  |   .6417158   .0454697    14.11   0.000     .5525847    .7308468
         10  |    .872227   .0458761    19.01   0.000     .7822993    .9621546
         11  |   1.018753   .0462793    22.01   0.000     .9280349    1.109471
         12  |   1.195566    .046625    25.64   0.000      1.10417    1.286962
         13  |   1.437028   .0471014    30.51   0.000     1.344699    1.529358
         14  |   1.585929   .0475906    33.32   0.000      1.49264    1.679217
         15  |   1.820122    .047993    37.92   0.000     1.726045    1.914199
             |
       _cons |   1.185784   .0365591    32.43   0.000      1.11412    1.257448
------------------------------------------------------------------------------
F test of absorbed indicators: F(999, 8978) = 11.272          Prob > F = 0.000

. xteventplot, noci

option noci has been specified. Confidence intervals won't be displayed

. xtevent y eta, policyvar(z) timevar(t) window(5)

Using options panelvar and timevar from xtset

No proxy or instruments provided. Implementing OLS estimator
(0 differences between z and zn)

Linear regression, absorbing indicators         Number of obs     =     10,000
Absorbed variable: i                            No. of categories =      1,000
                                                F(  22,   8978)   =     267.37
                                                Prob > F          =     0.0000
                                                R-squared         =     0.7508
                                                Adj R-squared     =     0.7225
                                                Root MSE          =     1.0000

------------------------------------------------------------------------------
           y |      Coef.   Std. Err.      t    P>|t|     [95% Conf. Interval]
-------------+----------------------------------------------------------------
         eta |   .2621247   .0086998    30.13   0.000     .2450711    .2791783
    _k_eq_m6 |   .1815567   .1147092     1.58   0.114    -.0432995    .4064129
    _k_eq_m5 |   .0892733   .1277738     0.70   0.485    -.1611925    .3397391
    _k_eq_m4 |    .202121   .1186207     1.70   0.088    -.0304026    .4346447
    _k_eq_m3 |   .0743459   .1125401     0.66   0.509    -.1462584    .2949502
    _k_eq_m2 |   .0829613   .1059759     0.78   0.434    -.1247755    .2906982
    _k_eq_p0 |   1.068596   .0993512    10.76   0.000     .8738453    1.263347
    _k_eq_p1 |   .9083861   .1017712     8.93   0.000     .7088914    1.107881
    _k_eq_p2 |   .9609787   .1055003     9.11   0.000      .754174    1.167783
    _k_eq_p3 |   .9601493   .1102397     8.71   0.000     .7440543    1.176244
    _k_eq_p4 |   1.028769   .1149331     8.95   0.000     .8034741    1.254064
    _k_eq_p5 |   1.049989   .1221698     8.59   0.000     .8105086     1.28947
    _k_eq_p6 |    1.01964   .1095054     9.31   0.000     .8049841    1.234295
             |
           t |
          7  |   .1751364   .0449265     3.90   0.000     .0870703    .2632026
          8  |   .4596938   .0450958    10.19   0.000     .3712956    .5480919
          9  |   .6417158   .0454697    14.11   0.000     .5525847    .7308468
         10  |    .872227   .0458761    19.01   0.000     .7822993    .9621546
         11  |   1.018753   .0462793    22.01   0.000     .9280349    1.109471
         12  |   1.195566    .046625    25.64   0.000      1.10417    1.286962
         13  |   1.437028   .0471014    30.51   0.000     1.344699    1.529358
         14  |   1.585929   .0475906    33.32   0.000      1.49264    1.679217
         15  |   1.820122    .047993    37.92   0.000     1.726045    1.914199
             |
       _cons |   1.185784   .0365591    32.43   0.000      1.11412    1.257448
------------------------------------------------------------------------------
F test of absorbed indicators: F(999, 8978) = 11.272          Prob > F = 0.000

. xteventplot, nosupt

option nosupt has been specified. Sup-t confidence intervals won't be displayed or calculated

. xtevent y eta, policyvar(z) timevar(t) window(5)

Using options panelvar and timevar from xtset

No proxy or instruments provided. Implementing OLS estimator
(0 differences between z and zn)

Linear regression, absorbing indicators         Number of obs     =     10,000
Absorbed variable: i                            No. of categories =      1,000
                                                F(  22,   8978)   =     267.37
                                                Prob > F          =     0.0000
                                                R-squared         =     0.7508
                                                Adj R-squared     =     0.7225
                                                Root MSE          =     1.0000

------------------------------------------------------------------------------
           y |      Coef.   Std. Err.      t    P>|t|     [95% Conf. Interval]
-------------+----------------------------------------------------------------
         eta |   .2621247   .0086998    30.13   0.000     .2450711    .2791783
    _k_eq_m6 |   .1815567   .1147092     1.58   0.114    -.0432995    .4064129
    _k_eq_m5 |   .0892733   .1277738     0.70   0.485    -.1611925    .3397391
    _k_eq_m4 |    .202121   .1186207     1.70   0.088    -.0304026    .4346447
    _k_eq_m3 |   .0743459   .1125401     0.66   0.509    -.1462584    .2949502
    _k_eq_m2 |   .0829613   .1059759     0.78   0.434    -.1247755    .2906982
    _k_eq_p0 |   1.068596   .0993512    10.76   0.000     .8738453    1.263347
    _k_eq_p1 |   .9083861   .1017712     8.93   0.000     .7088914    1.107881
    _k_eq_p2 |   .9609787   .1055003     9.11   0.000      .754174    1.167783
    _k_eq_p3 |   .9601493   .1102397     8.71   0.000     .7440543    1.176244
    _k_eq_p4 |   1.028769   .1149331     8.95   0.000     .8034741    1.254064
    _k_eq_p5 |   1.049989   .1221698     8.59   0.000     .8105086     1.28947
    _k_eq_p6 |    1.01964   .1095054     9.31   0.000     .8049841    1.234295
             |
           t |
          7  |   .1751364   .0449265     3.90   0.000     .0870703    .2632026
          8  |   .4596938   .0450958    10.19   0.000     .3712956    .5480919
          9  |   .6417158   .0454697    14.11   0.000     .5525847    .7308468
         10  |    .872227   .0458761    19.01   0.000     .7822993    .9621546
         11  |   1.018753   .0462793    22.01   0.000     .9280349    1.109471
         12  |   1.195566    .046625    25.64   0.000      1.10417    1.286962
         13  |   1.437028   .0471014    30.51   0.000     1.344699    1.529358
         14  |   1.585929   .0475906    33.32   0.000      1.49264    1.679217
         15  |   1.820122    .047993    37.92   0.000     1.726045    1.914199
             |
       _cons |   1.185784   .0365591    32.43   0.000      1.11412    1.257448
------------------------------------------------------------------------------
F test of absorbed indicators: F(999, 8978) = 11.272          Prob > F = 0.000

. xteventplot, nozeroline

option nozeroline has been specified. The reference line at 0 won't be displayed

. xtevent y eta, policyvar(z) timevar(t) window(5)

Using options panelvar and timevar from xtset

No proxy or instruments provided. Implementing OLS estimator
(0 differences between z and zn)

Linear regression, absorbing indicators         Number of obs     =     10,000
Absorbed variable: i                            No. of categories =      1,000
                                                F(  22,   8978)   =     267.37
                                                Prob > F          =     0.0000
                                                R-squared         =     0.7508
                                                Adj R-squared     =     0.7225
                                                Root MSE          =     1.0000

------------------------------------------------------------------------------
           y |      Coef.   Std. Err.      t    P>|t|     [95% Conf. Interval]
-------------+----------------------------------------------------------------
         eta |   .2621247   .0086998    30.13   0.000     .2450711    .2791783
    _k_eq_m6 |   .1815567   .1147092     1.58   0.114    -.0432995    .4064129
    _k_eq_m5 |   .0892733   .1277738     0.70   0.485    -.1611925    .3397391
    _k_eq_m4 |    .202121   .1186207     1.70   0.088    -.0304026    .4346447
    _k_eq_m3 |   .0743459   .1125401     0.66   0.509    -.1462584    .2949502
    _k_eq_m2 |   .0829613   .1059759     0.78   0.434    -.1247755    .2906982
    _k_eq_p0 |   1.068596   .0993512    10.76   0.000     .8738453    1.263347
    _k_eq_p1 |   .9083861   .1017712     8.93   0.000     .7088914    1.107881
    _k_eq_p2 |   .9609787   .1055003     9.11   0.000      .754174    1.167783
    _k_eq_p3 |   .9601493   .1102397     8.71   0.000     .7440543    1.176244
    _k_eq_p4 |   1.028769   .1149331     8.95   0.000     .8034741    1.254064
    _k_eq_p5 |   1.049989   .1221698     8.59   0.000     .8105086     1.28947
    _k_eq_p6 |    1.01964   .1095054     9.31   0.000     .8049841    1.234295
             |
           t |
          7  |   .1751364   .0449265     3.90   0.000     .0870703    .2632026
          8  |   .4596938   .0450958    10.19   0.000     .3712956    .5480919
          9  |   .6417158   .0454697    14.11   0.000     .5525847    .7308468
         10  |    .872227   .0458761    19.01   0.000     .7822993    .9621546
         11  |   1.018753   .0462793    22.01   0.000     .9280349    1.109471
         12  |   1.195566    .046625    25.64   0.000      1.10417    1.286962
         13  |   1.437028   .0471014    30.51   0.000     1.344699    1.529358
         14  |   1.585929   .0475906    33.32   0.000      1.49264    1.679217
         15  |   1.820122    .047993    37.92   0.000     1.726045    1.914199
             |
       _cons |   1.185784   .0365591    32.43   0.000      1.11412    1.257448
------------------------------------------------------------------------------
F test of absorbed indicators: F(999, 8978) = 11.272          Prob > F = 0.000

. xteventplot, nominus1label

{option bf:nominus1label} has been specified. The label for the value of the depedent variable at event-time = -1 w
> on't be displayed

. 
. * A common axis plot with labels
. gen y2 = y + 5

. xtevent y eta, policyvar(z) timevar(t) window(5)

Using options panelvar and timevar from xtset

No proxy or instruments provided. Implementing OLS estimator
(0 differences between z and zn)

Linear regression, absorbing indicators         Number of obs     =     10,000
Absorbed variable: i                            No. of categories =      1,000
                                                F(  22,   8978)   =     267.37
                                                Prob > F          =     0.0000
                                                R-squared         =     0.7508
                                                Adj R-squared     =     0.7225
                                                Root MSE          =     1.0000

------------------------------------------------------------------------------
           y |      Coef.   Std. Err.      t    P>|t|     [95% Conf. Interval]
-------------+----------------------------------------------------------------
         eta |   .2621247   .0086998    30.13   0.000     .2450711    .2791783
    _k_eq_m6 |   .1815567   .1147092     1.58   0.114    -.0432995    .4064129
    _k_eq_m5 |   .0892733   .1277738     0.70   0.485    -.1611925    .3397391
    _k_eq_m4 |    .202121   .1186207     1.70   0.088    -.0304026    .4346447
    _k_eq_m3 |   .0743459   .1125401     0.66   0.509    -.1462584    .2949502
    _k_eq_m2 |   .0829613   .1059759     0.78   0.434    -.1247755    .2906982
    _k_eq_p0 |   1.068596   .0993512    10.76   0.000     .8738453    1.263347
    _k_eq_p1 |   .9083861   .1017712     8.93   0.000     .7088914    1.107881
    _k_eq_p2 |   .9609787   .1055003     9.11   0.000      .754174    1.167783
    _k_eq_p3 |   .9601493   .1102397     8.71   0.000     .7440543    1.176244
    _k_eq_p4 |   1.028769   .1149331     8.95   0.000     .8034741    1.254064
    _k_eq_p5 |   1.049989   .1221698     8.59   0.000     .8105086     1.28947
    _k_eq_p6 |    1.01964   .1095054     9.31   0.000     .8049841    1.234295
             |
           t |
          7  |   .1751364   .0449265     3.90   0.000     .0870703    .2632026
          8  |   .4596938   .0450958    10.19   0.000     .3712956    .5480919
          9  |   .6417158   .0454697    14.11   0.000     .5525847    .7308468
         10  |    .872227   .0458761    19.01   0.000     .7822993    .9621546
         11  |   1.018753   .0462793    22.01   0.000     .9280349    1.109471
         12  |   1.195566    .046625    25.64   0.000      1.10417    1.286962
         13  |   1.437028   .0471014    30.51   0.000     1.344699    1.529358
         14  |   1.585929   .0475906    33.32   0.000      1.49264    1.679217
         15  |   1.820122    .047993    37.92   0.000     1.726045    1.914199
             |
       _cons |   1.185784   .0365591    32.43   0.000      1.11412    1.257448
------------------------------------------------------------------------------
F test of absorbed indicators: F(999, 8978) = 11.272          Prob > F = 0.000

. loc lab : di %-9.2f `=e(y1)'

. loc lab=strtrim("`lab'")

. xteventplot, nominus1label ylab(-3 0 `"0 (`lab')"' 3) name(g1) /* " */

{option bf:nominus1label} has been specified. The label for the value of the depedent variable at event-time = -1 w
> on't be displayed

. xtevent y2 eta, policyvar(z) timevar(t) window(5)

Using options panelvar and timevar from xtset

No proxy or instruments provided. Implementing OLS estimator
(0 differences between z and zn)

Linear regression, absorbing indicators         Number of obs     =     10,000
Absorbed variable: i                            No. of categories =      1,000
                                                F(  22,   8978)   =     267.37
                                                Prob > F          =     0.0000
                                                R-squared         =     0.7508
                                                Adj R-squared     =     0.7225
                                                Root MSE          =     1.0000

------------------------------------------------------------------------------
          y2 |      Coef.   Std. Err.      t    P>|t|     [95% Conf. Interval]
-------------+----------------------------------------------------------------
         eta |   .2621247   .0086998    30.13   0.000     .2450711    .2791783
    _k_eq_m6 |   .1815567   .1147092     1.58   0.114    -.0432995    .4064129
    _k_eq_m5 |   .0892733   .1277738     0.70   0.485    -.1611925    .3397391
    _k_eq_m4 |    .202121   .1186207     1.70   0.088    -.0304026    .4346447
    _k_eq_m3 |   .0743459   .1125401     0.66   0.509    -.1462584    .2949502
    _k_eq_m2 |   .0829613   .1059759     0.78   0.434    -.1247755    .2906982
    _k_eq_p0 |   1.068596   .0993512    10.76   0.000     .8738453    1.263347
    _k_eq_p1 |   .9083861   .1017712     8.93   0.000     .7088914    1.107881
    _k_eq_p2 |   .9609786   .1055003     9.11   0.000      .754174    1.167783
    _k_eq_p3 |   .9601493   .1102397     8.71   0.000     .7440542    1.176244
    _k_eq_p4 |   1.028769   .1149331     8.95   0.000     .8034741    1.254064
    _k_eq_p5 |   1.049989   .1221698     8.59   0.000     .8105087     1.28947
    _k_eq_p6 |    1.01964   .1095054     9.31   0.000     .8049842    1.234295
             |
           t |
          7  |   .1751365   .0449265     3.90   0.000     .0870703    .2632027
          8  |   .4596938   .0450958    10.19   0.000     .3712956    .5480919
          9  |   .6417158   .0454697    14.11   0.000     .5525847    .7308468
         10  |    .872227   .0458761    19.01   0.000     .7822993    .9621546
         11  |   1.018753   .0462793    22.01   0.000     .9280349    1.109471
         12  |   1.195566    .046625    25.64   0.000      1.10417    1.286962
         13  |   1.437028   .0471014    30.51   0.000     1.344699    1.529358
         14  |   1.585929   .0475906    33.32   0.000      1.49264    1.679217
         15  |   1.820122    .047993    37.92   0.000     1.726045    1.914199
             |
       _cons |   6.185784   .0365591   169.20   0.000      6.11412    6.257448
------------------------------------------------------------------------------
F test of absorbed indicators: F(999, 8978) = 11.272          Prob > F = 0.000

. loc lab : di %-9.2f `=e(y1)'

. loc lab=strtrim("`lab'")

. xteventplot, nominus1label ylab(-3 0 `"0 (`lab')"' 3) name(g2) /* " */

{option bf:nominus1label} has been specified. The label for the value of the depedent variable at event-time = -1 w
> on't be displayed

. graph combine g1 g2

. drop y2

. 
. * Test if/in
. xtevent y eta if i<100, panelvar(i) timevar(t) policyvar(z) window(5) plot

No proxy or instruments provided. Implementing OLS estimator
(0 differences between z and zn)

Linear regression, absorbing indicators         Number of obs     =        990
Absorbed variable: i                            No. of categories =         99
                                                F(  22,    869)   =      26.37
                                                Prob > F          =     0.0000
                                                R-squared         =     0.7677
                                                Adj R-squared     =     0.7356
                                                Root MSE          =     1.0392

------------------------------------------------------------------------------
           y |      Coef.   Std. Err.      t    P>|t|     [95% Conf. Interval]
-------------+----------------------------------------------------------------
         eta |   .3185514   .0277287    11.49   0.000     .2641283    .3729746
    _k_eq_m6 |  -.2982482   .3979883    -0.75   0.454    -1.079379    .4828824
    _k_eq_m5 |   .0992787   .4076618     0.24   0.808    -.7008381    .8993954
    _k_eq_m4 |   .0172194   .3812783     0.05   0.964    -.7311147    .7655535
    _k_eq_m3 |    .059605   .3818405     0.16   0.876    -.6898325    .8090425
    _k_eq_m2 |  -.4770937   .3451814    -1.38   0.167     -1.15458    .2003929
    _k_eq_p0 |   .4884182   .3153462     1.55   0.122     -.130511    1.107347
    _k_eq_p1 |   .7694372   .3260659     2.36   0.019     .1294685    1.409406
    _k_eq_p2 |   .6356275   .3369185     1.89   0.060    -.0256418    1.296897
    _k_eq_p3 |   .8056469    .343648     2.34   0.019     .1311698    1.480124
    _k_eq_p4 |   .7633914   .3521732     2.17   0.030     .0721819    1.454601
    _k_eq_p5 |   .4330675   .3955808     1.09   0.274     -.343338    1.209473
    _k_eq_p6 |   .8415793   .3421012     2.46   0.014      .170138    1.513021
             |
           t |
          7  |     .36289    .149338     2.43   0.015     .0697847    .6559953
          8  |   .5098053   .1503264     3.39   0.001       .21476    .8048505
          9  |   .7092028   .1505599     4.71   0.000     .4136994    1.004706
         10  |   1.067144   .1518988     7.03   0.000     .7690129    1.365276
         11  |   1.160835   .1537372     7.55   0.000     .8590955    1.462575
         12  |   1.070859   .1551226     6.90   0.000     .7664005    1.375318
         13  |   1.393305   .1569111     8.88   0.000     1.085336    1.701274
         14  |   1.647778   .1583639    10.41   0.000     1.336958    1.958599
         15  |   1.830424   .1596037    11.47   0.000      1.51717    2.143677
             |
       _cons |   1.071505   .1186728     9.03   0.000     .8385865    1.304424
------------------------------------------------------------------------------
F test of absorbed indicators: F(98, 869) = 10.819            Prob > F = 0.000

. xtevent y eta in 1/600 , panelvar(i) timevar(t) policyvar(z) window(5) plot

No proxy or instruments provided. Implementing OLS estimator
(0 differences between z and zn)

Linear regression, absorbing indicators         Number of obs     =        600
Absorbed variable: i                            No. of categories =         60
                                                F(  22,    518)   =      14.29
                                                Prob > F          =     0.0000
                                                R-squared         =     0.7226
                                                Adj R-squared     =     0.6792
                                                Root MSE          =     1.0294

------------------------------------------------------------------------------
           y |      Coef.   Std. Err.      t    P>|t|     [95% Conf. Interval]
-------------+----------------------------------------------------------------
         eta |   .3107261   .0368441     8.43   0.000     .2383439    .3831083
    _k_eq_m6 |   .1779926   .5107123     0.35   0.728    -.8253295    1.181315
    _k_eq_m5 |   .6477997   .5138759     1.26   0.208    -.3617372    1.657337
    _k_eq_m4 |  -.2627095   .4892825    -0.54   0.592    -1.223931    .6985126
    _k_eq_m3 |   .2763363   .4929265     0.56   0.575    -.6920446    1.244717
    _k_eq_m2 |  -.5453023   .4512241    -1.21   0.227    -1.431757    .3411519
    _k_eq_p0 |   .7473493   .4291699     1.74   0.082    -.0957782    1.590477
    _k_eq_p1 |   1.029122   .4580034     2.25   0.025     .1293496    1.928895
    _k_eq_p2 |   .9418962   .4706756     2.00   0.046     .0172285    1.866564
    _k_eq_p3 |   1.105231   .4728139     2.34   0.020     .1763622    2.034099
    _k_eq_p4 |   .2506002   .4751487     0.53   0.598    -.6828551    1.184055
    _k_eq_p5 |   .6106613   .5836603     1.05   0.296     -.535971    1.757294
    _k_eq_p6 |   1.037744   .4972188     2.09   0.037     .0609309    2.014557
             |
           t |
          7  |   .3460761   .1915603     1.81   0.071    -.0302545    .7224067
          8  |   .4824561   .1928558     2.50   0.013     .1035805    .8613317
          9  |   .6940097   .1911566     3.63   0.000     .3184723    1.069547
         10  |   1.085407   .1921913     5.65   0.000     .7078372    1.462978
         11  |   1.189613   .1958787     6.07   0.000     .8047985    1.574427
         12  |   1.099633   .1970489     5.58   0.000     .7125201    1.486746
         13  |   1.381192   .1983018     6.97   0.000     .9916171    1.770766
         14  |   1.505553   .2000788     7.52   0.000     1.112487    1.898619
         15  |   1.792965   .2010056     8.92   0.000     1.398079    2.187852
             |
       _cons |   .7064939   .1473253     4.80   0.000     .4170654    .9959223
------------------------------------------------------------------------------
F test of absorbed indicators: F(59, 518) = 9.072             Prob > F = 0.000

. xtevent y eta in 1/600 if i<30 , panelvar(i) timevar(t) policyvar(z) window(5) plot

No proxy or instruments provided. Implementing OLS estimator
(0 differences between z and zn)

Linear regression, absorbing indicators         Number of obs     =        290
Absorbed variable: i                            No. of categories =         29
                                                F(  22,    239)   =       7.64
                                                Prob > F          =     0.0000
                                                R-squared         =     0.7628
                                                Adj R-squared     =     0.7132
                                                Root MSE          =     0.9535

------------------------------------------------------------------------------
           y |      Coef.   Std. Err.      t    P>|t|     [95% Conf. Interval]
-------------+----------------------------------------------------------------
         eta |   .3229501   .0555072     5.82   0.000     .2136043     .432296
    _k_eq_m6 |  -.8052914   .8186526    -0.98   0.326    -2.417987    .8074047
    _k_eq_m5 |   -.304583   .6615277    -0.46   0.646    -1.607753    .9985866
    _k_eq_m4 |  -.8693161   .6480761    -1.34   0.181    -2.145987    .4073545
    _k_eq_m3 |  -1.047367   .6569242    -1.59   0.112    -2.341468    .2467336
    _k_eq_m2 |  -1.129365   .6032393    -1.87   0.062    -2.317709    .0589802
    _k_eq_p0 |  -1.147964   .5743729    -2.00   0.047    -2.279444   -.0164843
    _k_eq_p1 |   .0575828   .5759945     0.10   0.920    -1.077092    1.192257
    _k_eq_p2 |  -.0537561   .5956299    -0.09   0.928    -1.227111    1.119599
    _k_eq_p3 |   .3959728   .6027648     0.66   0.512    -.7914373    1.583383
    _k_eq_p4 |  -.8698025   .6070362    -1.43   0.153    -2.065627    .3260221
    _k_eq_p5 |  -.2782963   .8321401    -0.33   0.738    -1.917562    1.360969
    _k_eq_p6 |  -.2854926   .6586714    -0.43   0.665    -1.583035     1.01205
             |
           t |
          7  |   .5061047   .2623651     1.93   0.055    -.0107387    1.022948
          8  |   .5754091   .2641558     2.18   0.030     .0550382     1.09578
          9  |   .5698435   .2576007     2.21   0.028     .0623858    1.077301
         10  |   .6409663   .2615256     2.45   0.015     .1257768    1.156156
         11  |   1.119292   .2653404     4.22   0.000     .5965876    1.641997
         12  |   1.089817   .2653709     4.11   0.000     .5670519    1.612581
         13  |   1.466131   .2686826     5.46   0.000      .936843     1.99542
         14  |   1.708017     .27365     6.24   0.000     1.168943    2.247091
         15  |   1.909634   .2716291     7.03   0.000     1.374542    2.444727
             |
       _cons |   1.023198   .2001674     5.11   0.000     .6288803    1.417516
------------------------------------------------------------------------------
F test of absorbed indicators: F(28, 239) = 10.129            Prob > F = 0.000

. 
. * Test nofe, note
. xtevent y eta, panelvar(i) timevar(t) policyvar(z) window(5) nofe plot

No proxy or instruments provided. Implementing OLS estimator
(0 differences between z and zn)

      Source |       SS           df       MS      Number of obs   =    10,000
-------------+----------------------------------   F(22, 9977)     =    353.76
       Model |  15787.7864        22  717.626655   Prob > F        =    0.0000
    Residual |  20238.8762     9,977   2.0285533   R-squared       =    0.4382
-------------+----------------------------------   Adj R-squared   =    0.4370
       Total |  36026.6626     9,999  3.60302657   Root MSE        =    1.4243

------------------------------------------------------------------------------
           y |      Coef.   Std. Err.      t    P>|t|     [95% Conf. Interval]
-------------+----------------------------------------------------------------
         eta |   .2606577   .0059432    43.86   0.000     .2490078    .2723075
    _k_eq_m6 |   .3628955   .1057467     3.43   0.001     .1556106    .5701805
    _k_eq_m5 |   .2144842   .1425937     1.50   0.133    -.0650282    .4939965
    _k_eq_m4 |   .3875498   .1298171     2.99   0.003     .1330821    .6420176
    _k_eq_m3 |   .1968312   .1212885     1.62   0.105    -.0409186     .434581
    _k_eq_m2 |   .1771967     .11171     1.59   0.113    -.0417775    .3961708
    _k_eq_p0 |   1.145219   .0997687    11.48   0.000     .9496525    1.340786
    _k_eq_p1 |    .979091    .103294     9.48   0.000     .7766139    1.181568
    _k_eq_p2 |   1.028472   .1082621     9.50   0.000     .8162567    1.240688
    _k_eq_p3 |   .9863512   .1146292     8.60   0.000     .7616548    1.211048
    _k_eq_p4 |   1.035987   .1207876     8.58   0.000     .7992194    1.272756
    _k_eq_p5 |   1.082241   .1305657     8.29   0.000     .8263056    1.338176
    _k_eq_p6 |   1.013062   .0915061    11.07   0.000     .8336916    1.192432
             |
           t |
          7  |   .1783184   .0639466     2.79   0.005     .0529701    .3036667
          8  |   .4650312   .0640759     7.26   0.000     .3394295    .5906329
          9  |   .6514489    .064382    10.12   0.000     .5252471    .7776506
         10  |   .8860058   .0646649    13.70   0.000     .7592496    1.012762
         11  |   1.034009   .0648611    15.94   0.000     .9068684     1.16115
         12  |   1.216056    .064889    18.74   0.000     1.088861    1.343252
         13  |   1.459623   .0650884    22.43   0.000     1.332036    1.587209
         14  |   1.610749   .0653793    24.64   0.000     1.482592    1.738905
         15  |   1.845354   .0656318    28.12   0.000     1.716702    1.974005
             |
       _cons |   1.155715   .0467204    24.74   0.000     1.064133    1.247296
------------------------------------------------------------------------------

. xtevent y eta, panelvar(i) timevar(t) policyvar(z) window(5) nofe note plot

No proxy or instruments provided. Implementing OLS estimator
(0 differences between z and zn)

      Source |       SS           df       MS      Number of obs   =    10,000
-------------+----------------------------------   F(13, 9986)     =    422.46
       Model |  12783.1164        13  983.316647   Prob > F        =    0.0000
    Residual |  23243.5462     9,986  2.32761328   R-squared       =    0.3548
-------------+----------------------------------   Adj R-squared   =    0.3540
       Total |  36026.6626     9,999  3.60302657   Root MSE        =    1.5257

------------------------------------------------------------------------------
           y |      Coef.   Std. Err.      t    P>|t|     [95% Conf. Interval]
-------------+----------------------------------------------------------------
         eta |   .2431216    .006347    38.30   0.000     .2306802     .255563
    _k_eq_m6 |  -.3315497   .1110583    -2.99   0.003    -.5492463   -.1138532
    _k_eq_m5 |  -.2619748   .1519837    -1.72   0.085    -.5598936    .0359439
    _k_eq_m4 |   .0143575   .1385319     0.10   0.917    -.2571929     .285908
    _k_eq_m3 |  -.0612894   .1295819    -0.47   0.636    -.3152961    .1927172
    _k_eq_m2 |  -.0014686   .1194492    -0.01   0.990    -.2356131    .2326759
    _k_eq_p0 |   1.131841   .1067714    10.60   0.000     .9225476    1.341134
    _k_eq_p1 |    1.08549   .1103682     9.84   0.000     .8691458    1.301833
    _k_eq_p2 |   1.260794   .1154427    10.92   0.000     1.034503    1.487085
    _k_eq_p3 |   1.309159    .122001    10.73   0.000     1.070013    1.548306
    _k_eq_p4 |   1.477734   .1283171    11.52   0.000     1.226206    1.729261
    _k_eq_p5 |   1.617094   .1383922    11.68   0.000     1.345818    1.888371
    _k_eq_p6 |   1.786129   .0950571    18.79   0.000     1.599798     1.97246
       _cons |   2.069968   .0183579   112.76   0.000     2.033983    2.105953
------------------------------------------------------------------------------

. 
. * Test smoothest line
. xtevent eta, panelvar(i) timevar(t) policyvar(z) window(5) 

No proxy or instruments provided. Implementing OLS estimator
(0 differences between z and zn)

Linear regression, absorbing indicators         Number of obs     =     10,000
Absorbed variable: i                            No. of categories =      1,000
                                                F(  21,   8979)   =     105.91
                                                Prob > F          =     0.0000
                                                R-squared         =     0.8657
                                                Adj R-squared     =     0.8504
                                                Root MSE          =     1.2130

------------------------------------------------------------------------------
         eta |      Coef.   Std. Err.      t    P>|t|     [95% Conf. Interval]
-------------+----------------------------------------------------------------
    _k_eq_m6 |  -2.765807   .1360515   -20.33   0.000    -3.032499   -2.499115
    _k_eq_m5 |  -2.218185   .1532173   -14.48   0.000    -2.518526   -1.917844
    _k_eq_m4 |  -1.758067    .142691   -12.32   0.000    -2.037774    -1.47836
    _k_eq_m3 |    -1.3839   .1357326   -10.20   0.000    -1.649967   -1.117833
    _k_eq_m2 |  -.9020869   .1282004    -7.04   0.000    -1.153389   -.6507849
    _k_eq_p0 |   1.539366   .1194174    12.89   0.000     1.305281    1.773452
    _k_eq_p1 |   1.668105   .1221913    13.65   0.000     1.428582    1.907628
    _k_eq_p2 |   1.817741   .1265306    14.37   0.000     1.569712     2.06577
    _k_eq_p3 |    1.95279   .1321281    14.78   0.000     1.693789    2.211791
    _k_eq_p4 |     1.9505   .1378909    14.15   0.000     1.680203    2.220798
    _k_eq_p5 |   2.235454   .1463076    15.28   0.000     1.948658     2.52225
    _k_eq_p6 |   2.283807     .13063    17.48   0.000     2.027742    2.539871
             |
           t |
          7  |  -.0649375   .0544935    -1.19   0.233    -.1717572    .0418822
          8  |  -.1475097   .0546811    -2.70   0.007    -.2546971   -.0403223
          9  |  -.2384619   .0550994    -4.33   0.000    -.3464692   -.1304546
         10  |  -.2903094   .0555653    -5.22   0.000    -.3992301   -.1813886
         11  |  -.4167124   .0559664    -7.45   0.000    -.5264192   -.3070056
         12  |  -.4988308   .0563127    -8.86   0.000    -.6092165   -.3884451
         13  |  -.6102459    .056772   -10.75   0.000    -.7215319   -.4989599
         14  |  -.6352393   .0573389   -11.08   0.000    -.7476367   -.5228419
         15  |  -.6032943   .0578684   -10.43   0.000    -.7167296   -.4898591
             |
       _cons |   .2152407   .0442896     4.86   0.000     .1284231    .3020584
------------------------------------------------------------------------------
F test of absorbed indicators: F(999, 8979) = 30.081          Prob > F = 0.000

. xteventplot, smpath(scatter)

Note: Smoothest line drawn for system confidence level = 95
Warning: Smoothest path optimization returned an error code. Results for the smoothest path are approximate. Try ch
> anging the optimization options
Error code = 5. See mf_optimize##r_error to see what that means.
Error code = 5. See mf_optimize##r_error to see what that means.

. xteventplot, smpath(line)

Note: Smoothest line drawn for system confidence level = 95
Warning: Smoothest path optimization returned an error code. Results for the smoothest path are approximate. Try ch
> anging the optimization options
Error code = 5. See mf_optimize##r_error to see what that means.
Error code = 5. See mf_optimize##r_error to see what that means.

. xteventplot, smpath(line, technique("nr 10 bfgs 10"))

Note: Smoothest line drawn for system confidence level = 95
Warning: Smoothest path optimization returned an error code. Results for the smoothest path are approximate. Try ch
> anging the optimization options
Error code = 4. See mf_optimize##r_error to see what that means.
Error code = 4. See mf_optimize##r_error to see what that means.

. 
. * Test more suptreps
. 
. cap graph drop g1

. cap graph drop g2

. 
. xtevent y eta, panelvar(i) timevar(t) policyvar(z) window(3) 

No proxy or instruments provided. Implementing OLS estimator
(0 differences between z and zn)

Linear regression, absorbing indicators         Number of obs     =     10,000
Absorbed variable: i                            No. of categories =      1,000
                                                F(  18,   8982)   =     326.85
                                                Prob > F          =     0.0000
                                                R-squared         =     0.7508
                                                Adj R-squared     =     0.7226
                                                Root MSE          =     0.9998

------------------------------------------------------------------------------
           y |      Coef.   Std. Err.      t    P>|t|     [95% Conf. Interval]
-------------+----------------------------------------------------------------
         eta |   .2621515   .0086707    30.23   0.000      .245155     .279148
    _k_eq_m4 |   .1646527   .0954569     1.72   0.085    -.0224645    .3517699
    _k_eq_m3 |   .0738983   .1124534     0.66   0.511     -.146536    .2943327
    _k_eq_m2 |   .0826779   .1059384     0.78   0.435    -.1249855    .2903414
    _k_eq_p0 |   1.069132   .0992577    10.77   0.000     .8745648      1.2637
    _k_eq_p1 |   .9092713   .1016075     8.95   0.000     .7100974    1.108445
    _k_eq_p2 |   .9622922   .1052364     9.14   0.000     .7560049    1.168579
    _k_eq_p3 |   .9614279   .1098666     8.75   0.000     .7460644    1.176791
    _k_eq_p4 |   1.030441   .0962225    10.71   0.000     .8418227    1.219059
             |
           t |
          7  |   .1751265   .0449005     3.90   0.000     .0871112    .2631417
          8  |   .4588032   .0450007    10.20   0.000     .3705915    .5470148
          9  |    .640743   .0452447    14.16   0.000      .552053    .7294329
         10  |   .8711449   .0454799    19.15   0.000     .7819939    .9602958
         11  |   1.019745    .045902    22.22   0.000     .9297667    1.109724
         12  |   1.194867   .0464041    25.75   0.000     1.103904     1.28583
         13  |   1.436333    .046806    30.69   0.000     1.344583    1.528084
         14  |   1.584746   .0471903    33.58   0.000     1.492243     1.67725
         15  |   1.818793   .0475103    38.28   0.000     1.725662    1.911924
             |
       _cons |    1.18622   .0363969    32.59   0.000     1.114874    1.257567
------------------------------------------------------------------------------
F test of absorbed indicators: F(999, 8982) = 11.278          Prob > F = 0.000

. xteventplot, suptreps(20) name(g1)

. xteventplot, suptreps(1e6) name(g2)

. 
. graph combine g1 g2, rows(1)

. 
. graph drop g1

. graph drop g2

. 
. * Test savek
. xtevent y eta, panelvar(i) timevar(t) policyvar(z) window(5) savek(a)

No proxy or instruments provided. Implementing OLS estimator
(0 differences between z and zn)

Linear regression, absorbing indicators         Number of obs     =     10,000
Absorbed variable: i                            No. of categories =      1,000
                                                F(  22,   8978)   =     267.37
                                                Prob > F          =     0.0000
                                                R-squared         =     0.7508
                                                Adj R-squared     =     0.7225
                                                Root MSE          =     1.0000

------------------------------------------------------------------------------
           y |      Coef.   Std. Err.      t    P>|t|     [95% Conf. Interval]
-------------+----------------------------------------------------------------
         eta |   .2621247   .0086998    30.13   0.000     .2450711    .2791783
    _k_eq_m6 |   .1815567   .1147092     1.58   0.114    -.0432995    .4064129
    _k_eq_m5 |   .0892733   .1277738     0.70   0.485    -.1611925    .3397391
    _k_eq_m4 |    .202121   .1186207     1.70   0.088    -.0304026    .4346447
    _k_eq_m3 |   .0743459   .1125401     0.66   0.509    -.1462584    .2949502
    _k_eq_m2 |   .0829613   .1059759     0.78   0.434    -.1247755    .2906982
    _k_eq_p0 |   1.068596   .0993512    10.76   0.000     .8738453    1.263347
    _k_eq_p1 |   .9083861   .1017712     8.93   0.000     .7088914    1.107881
    _k_eq_p2 |   .9609787   .1055003     9.11   0.000      .754174    1.167783
    _k_eq_p3 |   .9601493   .1102397     8.71   0.000     .7440543    1.176244
    _k_eq_p4 |   1.028769   .1149331     8.95   0.000     .8034741    1.254064
    _k_eq_p5 |   1.049989   .1221698     8.59   0.000     .8105086     1.28947
    _k_eq_p6 |    1.01964   .1095054     9.31   0.000     .8049841    1.234295
             |
           t |
          7  |   .1751364   .0449265     3.90   0.000     .0870703    .2632026
          8  |   .4596938   .0450958    10.19   0.000     .3712956    .5480919
          9  |   .6417158   .0454697    14.11   0.000     .5525847    .7308468
         10  |    .872227   .0458761    19.01   0.000     .7822993    .9621546
         11  |   1.018753   .0462793    22.01   0.000     .9280349    1.109471
         12  |   1.195566    .046625    25.64   0.000      1.10417    1.286962
         13  |   1.437028   .0471014    30.51   0.000     1.344699    1.529358
         14  |   1.585929   .0475906    33.32   0.000      1.49264    1.679217
         15  |   1.820122    .047993    37.92   0.000     1.726045    1.914199
             |
       _cons |   1.185784   .0365591    32.43   0.000      1.11412    1.257448
------------------------------------------------------------------------------
F test of absorbed indicators: F(999, 8978) = 11.272          Prob > F = 0.000

. des a_eq*, s

              storage   display    value
variable name   type    format     label      variable label
-------------------------------------------------------------------------------------------------------------------
a_eq_m6         float   %9.0g                 Event time <= - 6
a_eq_m5         float   %9.0g                 Event-time = - 5
a_eq_m4         float   %9.0g                 Event-time = - 4
a_eq_m3         float   %9.0g                 Event-time = - 3
a_eq_m2         float   %9.0g                 Event-time = - 2
a_eq_m1         float   %9.0g                 Event-time = - 1
a_eq_p0         float   %9.0g                 Event-time = + 0
a_eq_p1         float   %9.0g                 Event-time = + 1
a_eq_p2         float   %9.0g                 Event-time = + 2
a_eq_p3         float   %9.0g                 Event-time = + 3
a_eq_p4         float   %9.0g                 Event-time = + 4
a_eq_p5         float   %9.0g                 Event-time = + 5
a_eq_p6         float   %9.0g                 Event time >= + 6

. des a_evtime, s

              storage   display    value
variable name   type    format     label      variable label
-------------------------------------------------------------------------------------------------------------------
a_evtime        float   %9.0g                 

. drop a*

. 
. xtevent y eta, panelvar(i) timevar(t) policyvar(z) window(5) savek(b)

No proxy or instruments provided. Implementing OLS estimator
(0 differences between z and zn)

Linear regression, absorbing indicators         Number of obs     =     10,000
Absorbed variable: i                            No. of categories =      1,000
                                                F(  22,   8978)   =     267.37
                                                Prob > F          =     0.0000
                                                R-squared         =     0.7508
                                                Adj R-squared     =     0.7225
                                                Root MSE          =     1.0000

------------------------------------------------------------------------------
           y |      Coef.   Std. Err.      t    P>|t|     [95% Conf. Interval]
-------------+----------------------------------------------------------------
         eta |   .2621247   .0086998    30.13   0.000     .2450711    .2791783
    _k_eq_m6 |   .1815567   .1147092     1.58   0.114    -.0432995    .4064129
    _k_eq_m5 |   .0892733   .1277738     0.70   0.485    -.1611925    .3397391
    _k_eq_m4 |    .202121   .1186207     1.70   0.088    -.0304026    .4346447
    _k_eq_m3 |   .0743459   .1125401     0.66   0.509    -.1462584    .2949502
    _k_eq_m2 |   .0829613   .1059759     0.78   0.434    -.1247755    .2906982
    _k_eq_p0 |   1.068596   .0993512    10.76   0.000     .8738453    1.263347
    _k_eq_p1 |   .9083861   .1017712     8.93   0.000     .7088914    1.107881
    _k_eq_p2 |   .9609787   .1055003     9.11   0.000      .754174    1.167783
    _k_eq_p3 |   .9601493   .1102397     8.71   0.000     .7440543    1.176244
    _k_eq_p4 |   1.028769   .1149331     8.95   0.000     .8034741    1.254064
    _k_eq_p5 |   1.049989   .1221698     8.59   0.000     .8105086     1.28947
    _k_eq_p6 |    1.01964   .1095054     9.31   0.000     .8049841    1.234295
             |
           t |
          7  |   .1751364   .0449265     3.90   0.000     .0870703    .2632026
          8  |   .4596938   .0450958    10.19   0.000     .3712956    .5480919
          9  |   .6417158   .0454697    14.11   0.000     .5525847    .7308468
         10  |    .872227   .0458761    19.01   0.000     .7822993    .9621546
         11  |   1.018753   .0462793    22.01   0.000     .9280349    1.109471
         12  |   1.195566    .046625    25.64   0.000      1.10417    1.286962
         13  |   1.437028   .0471014    30.51   0.000     1.344699    1.529358
         14  |   1.585929   .0475906    33.32   0.000      1.49264    1.679217
         15  |   1.820122    .047993    37.92   0.000     1.726045    1.914199
             |
       _cons |   1.185784   .0365591    32.43   0.000      1.11412    1.257448
------------------------------------------------------------------------------
F test of absorbed indicators: F(999, 8978) = 11.272          Prob > F = 0.000

. 
. * Test factor variables in varlist
. cap gen pois=rpoisson(5)

. xtevent y eta i.pois, panelvar(i) timevar(t) policyvar(z) window(5) plot

No proxy or instruments provided. Implementing OLS estimator
(0 differences between z and zn)

Linear regression, absorbing indicators         Number of obs     =     10,000
Absorbed variable: i                            No. of categories =      1,000
                                                F(  37,   8963)   =     159.31
                                                Prob > F          =     0.0000
                                                R-squared         =     0.7512
                                                Adj R-squared     =     0.7224
                                                Root MSE          =     1.0001

------------------------------------------------------------------------------
           y |      Coef.   Std. Err.      t    P>|t|     [95% Conf. Interval]
-------------+----------------------------------------------------------------
         eta |   .2621505   .0087033    30.12   0.000     .2450901    .2792109
             |
        pois |
          1  |   .0093336   .1383866     0.07   0.946    -.2619358    .2806029
          2  |  -.0408881   .1320567    -0.31   0.757    -.2997495    .2179733
          3  |  -.0258351   .1295743    -0.20   0.842    -.2798303    .2281601
          4  |  -.0209177   .1291458    -0.16   0.871     -.274073    .2322377
          5  |  -.0531502   .1290206    -0.41   0.680    -.3060601    .1997597
          6  |   .0069254   .1294887     0.05   0.957     -.246902    .2607529
          7  |  -.0449434   .1307092    -0.34   0.731    -.3011633    .2112765
          8  |   .0213968   .1338745     0.16   0.873    -.2410279    .2838216
          9  |  -.0626119   .1387118    -0.45   0.652    -.3345187    .2092948
         10  |   .0490317   .1478288     0.33   0.740    -.2407466      .33881
         11  |   .0896369   .1738604     0.52   0.606    -.2511693    .4304431
         12  |  -.3804456     .22795    -1.67   0.095    -.8272797    .0663884
         13  |  -.2993145   .3287296    -0.91   0.363    -.9436997    .3450707
         14  |  -.0047978    .757406    -0.01   0.995    -1.489487    1.479891
         15  |   .6544245   .4881435     1.34   0.180    -.3024484    1.611297
             |
    _k_eq_m6 |   .1836106   .1148051     1.60   0.110    -.0414337    .4086549
    _k_eq_m5 |   .0866081   .1278436     0.68   0.498    -.1639947    .3372109
    _k_eq_m4 |   .1975326   .1187559     1.66   0.096    -.0352561    .4303214
    _k_eq_m3 |   .0761222   .1126518     0.68   0.499     -.144701    .2969454
    _k_eq_m2 |   .0839288   .1060819     0.79   0.429    -.1240159    .2918735
    _k_eq_p0 |   1.067775   .0994742    10.73   0.000     .8727827    1.262767
    _k_eq_p1 |   .9069504   .1018378     8.91   0.000     .7073251    1.106576
    _k_eq_p2 |   .9611325   .1055872     9.10   0.000     .7541575    1.168108
    _k_eq_p3 |   .9584721   .1103194     8.69   0.000     .7422208    1.174723
    _k_eq_p4 |   1.029447   .1150354     8.95   0.000     .8039516    1.254943
    _k_eq_p5 |   1.047844    .122277     8.57   0.000     .8081528    1.287534
    _k_eq_p6 |   1.018575   .1095637     9.30   0.000      .803805    1.233345
             |
           t |
          7  |   .1714742   .0449701     3.81   0.000     .0833224     .259626
          8  |   .4604199   .0451404    10.20   0.000     .3719345    .5489054
          9  |   .6391243   .0455197    14.04   0.000     .5498952    .7283535
         10  |   .8688792   .0459134    18.92   0.000     .7788785    .9588799
         11  |   1.019607   .0463092    22.02   0.000     .9288302    1.110383
         12  |   1.193523   .0466603    25.58   0.000     1.102058    1.284988
         13  |   1.435101   .0471376    30.44   0.000     1.342701    1.527502
         14  |   1.584417   .0476399    33.26   0.000     1.491032    1.677802
         15  |   1.815831   .0480455    37.79   0.000     1.721651    1.910011
             |
       _cons |   1.211696   .1319035     9.19   0.000      .953135    1.470257
------------------------------------------------------------------------------
F test of absorbed indicators: F(999, 8963) = 11.265          Prob > F = 0.000

. cap drop pois

. * Test time series variables in varlist
. 
. xtevent y l.eta , panelvar(i) timevar(t) policyvar(z) window(5) plot

No proxy or instruments provided. Implementing OLS estimator
(0 differences between z and zn)

Linear regression, absorbing indicators         Number of obs     =      9,000
Absorbed variable: i                            No. of categories =      1,000
                                                F(  21,   7979)   =     178.04
                                                Prob > F          =     0.0000
                                                R-squared         =     0.7406
                                                Adj R-squared     =     0.7074
                                                Root MSE          =     1.0233

------------------------------------------------------------------------------
           y |      Coef.   Std. Err.      t    P>|t|     [95% Conf. Interval]
-------------+----------------------------------------------------------------
         eta |
         L1. |   .1721804   .0099416    17.32   0.000     .1526921    .1916686
             |
    _k_eq_m6 |  -.1260635   .1375527    -0.92   0.359    -.3957027    .1435757
    _k_eq_m5 |  -.1765575   .1453508    -1.21   0.225     -.461483     .108368
    _k_eq_m4 |  -.0589601    .131783    -0.45   0.655    -.3172893     .199369
    _k_eq_m3 |  -.0947448   .1225376    -0.77   0.439    -.3349505    .1454609
    _k_eq_m2 |  -.0623284   .1165667    -0.53   0.593    -.2908297    .1661729
    _k_eq_p0 |   1.237016   .1085801    11.39   0.000     1.024171    1.449862
    _k_eq_p1 |   .9258219   .1098159     8.43   0.000      .710554     1.14109
    _k_eq_p2 |   1.001825   .1140257     8.79   0.000      .778305    1.225345
    _k_eq_p3 |   1.015011   .1193634     8.50   0.000     .7810275    1.248994
    _k_eq_p4 |   1.064733   .1248136     8.53   0.000      .820066    1.309401
    _k_eq_p5 |   1.138396   .1325985     8.59   0.000     .8784686    1.398324
    _k_eq_p6 |   1.105199   .1229123     8.99   0.000     .8642587    1.346139
             |
           t |
          8  |   .2766511   .0460415     6.01   0.000     .1863978    .3669044
          9  |      .4503   .0463386     9.72   0.000     .3594642    .5411357
         10  |   .6840378     .04686    14.60   0.000     .5921799    .7758957
         11  |   .8069966   .0472704    17.07   0.000     .7143342     .899659
         12  |   .9819648   .0477208    20.58   0.000     .8884195     1.07551
         13  |     1.2088   .0482945    25.03   0.000     1.114131     1.30347
         14  |   1.369311    .048956    27.97   0.000     1.273345    1.465278
         15  |   1.615135   .0495373    32.60   0.000     1.518029    1.712241
             |
       _cons |   1.394983   .0373478    37.35   0.000     1.321772    1.468195
------------------------------------------------------------------------------
F test of absorbed indicators: F(999, 7979) = 9.925           Prob > F = 0.000

. xtevent y f.eta , panelvar(i) timevar(t) policyvar(z) window(5) plot

No proxy or instruments provided. Implementing OLS estimator
(0 differences between z and zn)

Linear regression, absorbing indicators         Number of obs     =      9,000
Absorbed variable: i                            No. of categories =      1,000
                                                F(  21,   7979)   =     177.27
                                                Prob > F          =     0.0000
                                                R-squared         =     0.7264
                                                Adj R-squared     =     0.6914
                                                Root MSE          =     1.0281

------------------------------------------------------------------------------
           y |      Coef.   Std. Err.      t    P>|t|     [95% Conf. Interval]
-------------+----------------------------------------------------------------
         eta |
         F1. |   .1627401   .0096413    16.88   0.000     .1438407    .1816396
             |
    _k_eq_m6 |   .1025365   .1307893     0.78   0.433    -.1538447    .3589178
    _k_eq_m5 |   .0332026   .1263532     0.26   0.793    -.2144826    .2808878
    _k_eq_m4 |   .2121778   .1174254     1.81   0.071    -.0180067    .4423623
    _k_eq_m3 |   .0882048   .1110742     0.79   0.427    -.1295296    .3059391
    _k_eq_m2 |   .0845937   .1042692     0.81   0.417    -.1198013    .2889887
    _k_eq_p0 |   1.427907   .1014974    14.07   0.000     1.228946    1.626869
    _k_eq_p1 |   1.311283    .105426    12.44   0.000     1.104621    1.517945
    _k_eq_p2 |   1.345271   .1109294    12.13   0.000      1.12782    1.562721
    _k_eq_p3 |   1.309187   .1163202    11.26   0.000     1.081169    1.537205
    _k_eq_p4 |   1.379517   .1243504    11.09   0.000     1.135757    1.623276
    _k_eq_p5 |   1.480153   .1337214    11.07   0.000     1.218024    1.742282
    _k_eq_p6 |   1.452517   .1241611    11.70   0.000     1.209129    1.695905
             |
           t |
          7  |   .1689132   .0462224     3.65   0.000     .0783053    .2595211
          8  |   .4473171   .0464829     9.62   0.000     .3561985    .5384358
          9  |   .6164678   .0469748    13.12   0.000     .5243849    .7085508
         10  |   .8526851   .0472162    18.06   0.000      .760129    .9452412
         11  |    .980236   .0476642    20.57   0.000     .8868017     1.07367
         12  |   1.154127   .0480974    24.00   0.000     1.059844    1.248411
         13  |   1.371224   .0486163    28.21   0.000     1.275924    1.466525
         14  |   1.509149   .0492359    30.65   0.000     1.412634    1.605664
             |
       _cons |    1.16522    .036522    31.90   0.000     1.093627    1.236813
------------------------------------------------------------------------------
F test of absorbed indicators: F(999, 7979) = 9.593           Prob > F = 0.000

. 
. * Test asymmetric window
. xtevent y eta , panelvar(i) timevar(t) policyvar(z) window(-4 2) plot

No proxy or instruments provided. Implementing OLS estimator
(0 differences between z and zn)

Linear regression, absorbing indicators         Number of obs     =     10,000
Absorbed variable: i                            No. of categories =      1,000
                                                F(  18,   8982)   =     326.82
                                                Prob > F          =     0.0000
                                                R-squared         =     0.7508
                                                Adj R-squared     =     0.7225
                                                Root MSE          =     0.9998

------------------------------------------------------------------------------
           y |      Coef.   Std. Err.      t    P>|t|     [95% Conf. Interval]
-------------+----------------------------------------------------------------
         eta |   .2620179   .0086863    30.16   0.000     .2449907    .2790451
    _k_eq_m5 |   .1478903   .1031969     1.43   0.152    -.0543993    .3501798
    _k_eq_m4 |   .2034903   .1184603     1.72   0.086    -.0287189    .4356995
    _k_eq_m3 |   .0752528   .1124322     0.67   0.503      -.14514    .2956456
    _k_eq_m2 |   .0832567    .105936     0.79   0.432     -.124402    .2909153
    _k_eq_p0 |   1.067694   .0992313    10.76   0.000     .8731783     1.26221
    _k_eq_p1 |   .9082018   .1015975     8.94   0.000     .7090476    1.107356
    _k_eq_p2 |   .9612874    .105244     9.13   0.000     .7549852     1.16759
    _k_eq_p3 |   1.011056   .0920696    10.98   0.000     .8305782    1.191533
             |
           t |
          7  |   .1747165   .0449134     3.89   0.000     .0866759    .2627571
          8  |   .4582613   .0450295    10.18   0.000     .3699932    .5465293
          9  |   .6373532    .045278    14.08   0.000      .548598    .7261084
         10  |   .8697702   .0456297    19.06   0.000     .7803256    .9592148
         11  |   1.018086   .0460968    22.09   0.000      .927726    1.108447
         12  |   1.194863   .0464688    25.71   0.000     1.103773    1.285952
         13  |   1.436572   .0468615    30.66   0.000     1.344713    1.528431
         14  |   1.585374   .0472196    33.57   0.000     1.492813    1.677936
         15  |   1.820071   .0474793    38.33   0.000     1.727001    1.913141
             |
       _cons |   1.187107   .0364784    32.54   0.000       1.1156    1.258613
------------------------------------------------------------------------------
F test of absorbed indicators: F(999, 8982) = 11.277          Prob > F = 0.000

. 
. * Test normalizations
. 
. xtevent y eta, panelvar(i) timevar(t) policyvar(z) window(5) norm(-1) plot

No proxy or instruments provided. Implementing OLS estimator
(0 differences between z and zn)

Linear regression, absorbing indicators         Number of obs     =     10,000
Absorbed variable: i                            No. of categories =      1,000
                                                F(  22,   8978)   =     267.37
                                                Prob > F          =     0.0000
                                                R-squared         =     0.7508
                                                Adj R-squared     =     0.7225
                                                Root MSE          =     1.0000

------------------------------------------------------------------------------
           y |      Coef.   Std. Err.      t    P>|t|     [95% Conf. Interval]
-------------+----------------------------------------------------------------
         eta |   .2621247   .0086998    30.13   0.000     .2450711    .2791783
    _k_eq_m6 |   .1815567   .1147092     1.58   0.114    -.0432995    .4064129
    _k_eq_m5 |   .0892733   .1277738     0.70   0.485    -.1611925    .3397391
    _k_eq_m4 |    .202121   .1186207     1.70   0.088    -.0304026    .4346447
    _k_eq_m3 |   .0743459   .1125401     0.66   0.509    -.1462584    .2949502
    _k_eq_m2 |   .0829613   .1059759     0.78   0.434    -.1247755    .2906982
    _k_eq_p0 |   1.068596   .0993512    10.76   0.000     .8738453    1.263347
    _k_eq_p1 |   .9083861   .1017712     8.93   0.000     .7088914    1.107881
    _k_eq_p2 |   .9609787   .1055003     9.11   0.000      .754174    1.167783
    _k_eq_p3 |   .9601493   .1102397     8.71   0.000     .7440543    1.176244
    _k_eq_p4 |   1.028769   .1149331     8.95   0.000     .8034741    1.254064
    _k_eq_p5 |   1.049989   .1221698     8.59   0.000     .8105086     1.28947
    _k_eq_p6 |    1.01964   .1095054     9.31   0.000     .8049841    1.234295
             |
           t |
          7  |   .1751364   .0449265     3.90   0.000     .0870703    .2632026
          8  |   .4596938   .0450958    10.19   0.000     .3712956    .5480919
          9  |   .6417158   .0454697    14.11   0.000     .5525847    .7308468
         10  |    .872227   .0458761    19.01   0.000     .7822993    .9621546
         11  |   1.018753   .0462793    22.01   0.000     .9280349    1.109471
         12  |   1.195566    .046625    25.64   0.000      1.10417    1.286962
         13  |   1.437028   .0471014    30.51   0.000     1.344699    1.529358
         14  |   1.585929   .0475906    33.32   0.000      1.49264    1.679217
         15  |   1.820122    .047993    37.92   0.000     1.726045    1.914199
             |
       _cons |   1.185784   .0365591    32.43   0.000      1.11412    1.257448
------------------------------------------------------------------------------
F test of absorbed indicators: F(999, 8978) = 11.272          Prob > F = 0.000

. xtevent y eta, panelvar(i) timevar(t) policyvar(z) window(5) norm(-2) plot

No proxy or instruments provided. Implementing OLS estimator
(0 differences between z and zn)

Linear regression, absorbing indicators         Number of obs     =     10,000
Absorbed variable: i                            No. of categories =      1,000
                                                F(  22,   8978)   =     267.37
                                                Prob > F          =     0.0000
                                                R-squared         =     0.7508
                                                Adj R-squared     =     0.7225
                                                Root MSE          =     1.0000

------------------------------------------------------------------------------
           y |      Coef.   Std. Err.      t    P>|t|     [95% Conf. Interval]
-------------+----------------------------------------------------------------
         eta |   .2621247   .0086998    30.13   0.000     .2450711    .2791783
    _k_eq_m6 |   .0985954   .1143054     0.86   0.388    -.1254694    .3226602
    _k_eq_m5 |    .006312    .128065     0.05   0.961    -.2447247    .2573487
    _k_eq_m4 |   .1191597   .1193846     1.00   0.318    -.1148613    .3531807
    _k_eq_m3 |  -.0086154    .113775    -0.08   0.940    -.2316403    .2144096
    _k_eq_m1 |  -.0829613   .1059759    -0.78   0.434    -.2906982    .1247755
    _k_eq_p0 |    .985635   .1040961     9.47   0.000     .7815829    1.189687
    _k_eq_p1 |   .8254248   .1068839     7.72   0.000      .615908    1.034942
    _k_eq_p2 |   .8780173   .1106782     7.93   0.000     .6610629    1.094972
    _k_eq_p3 |    .877188   .1155951     7.59   0.000     .6505951    1.103781
    _k_eq_p4 |   .9458078   .1204036     7.86   0.000     .7097894    1.181826
    _k_eq_p5 |    .967028   .1277018     7.57   0.000     .7167033    1.217353
    _k_eq_p6 |   .9366784   .1165876     8.03   0.000     .7081401    1.165217
             |
           t |
          7  |   .1751364   .0449265     3.90   0.000     .0870703    .2632026
          8  |   .4596938   .0450958    10.19   0.000     .3712956    .5480919
          9  |   .6417158   .0454697    14.11   0.000     .5525847    .7308468
         10  |    .872227   .0458761    19.01   0.000     .7822993    .9621546
         11  |   1.018753   .0462793    22.01   0.000     .9280349    1.109471
         12  |   1.195566    .046625    25.64   0.000      1.10417    1.286962
         13  |   1.437028   .0471014    30.51   0.000     1.344699    1.529358
         14  |   1.585929   .0475906    33.32   0.000      1.49264    1.679217
         15  |   1.820122    .047993    37.92   0.000     1.726045    1.914199
             |
       _cons |   1.205363   .0363849    33.13   0.000      1.13404    1.276685
------------------------------------------------------------------------------
F test of absorbed indicators: F(999, 8978) = 11.277          Prob > F = 0.000

. xtevent y eta, panelvar(i) timevar(t) policyvar(z) window(5) norm(-6) plot

No proxy or instruments provided. Implementing OLS estimator
(0 differences between z and zn)

Linear regression, absorbing indicators         Number of obs     =     10,000
Absorbed variable: i                            No. of categories =      1,000
                                                F(  22,   8978)   =     267.37
                                                Prob > F          =     0.0000
                                                R-squared         =     0.7508
                                                Adj R-squared     =     0.7225
                                                Root MSE          =     1.0000

------------------------------------------------------------------------------
           y |      Coef.   Std. Err.      t    P>|t|     [95% Conf. Interval]
-------------+----------------------------------------------------------------
         eta |   .2621247   .0086998    30.13   0.000     .2450711    .2791783
    _k_eq_m5 |  -.0922834   .1249587    -0.74   0.460    -.3372309    .1526641
    _k_eq_m4 |   .0205643    .119761     0.17   0.864    -.2141945    .2553232
    _k_eq_m3 |  -.1072108   .1170048    -0.92   0.360    -.3365669    .1221454
    _k_eq_m2 |  -.0985954   .1143054    -0.86   0.388    -.3226602    .1254694
    _k_eq_m1 |  -.1815567   .1147092    -1.58   0.114    -.4064129    .0432995
    _k_eq_p0 |   .8870396   .1161525     7.64   0.000     .6593542    1.114725
    _k_eq_p1 |   .7268294   .1210384     6.00   0.000     .4895665    .9640923
    _k_eq_p2 |    .779422   .1269223     6.14   0.000     .5306253    1.028219
    _k_eq_p3 |   .7785926   .1333638     5.84   0.000     .5171692    1.040016
    _k_eq_p4 |   .8472125   .1386949     6.11   0.000     .5753388    1.119086
    _k_eq_p5 |   .8684326   .1458212     5.96   0.000     .5825897    1.154276
    _k_eq_p6 |    .838083   .1359679     6.16   0.000     .5715548    1.104611
             |
           t |
          7  |   .1751364   .0449265     3.90   0.000     .0870703    .2632026
          8  |   .4596938   .0450958    10.19   0.000     .3712956    .5480919
          9  |   .6417158   .0454697    14.11   0.000     .5525847    .7308468
         10  |    .872227   .0458761    19.01   0.000     .7822993    .9621546
         11  |   1.018753   .0462793    22.01   0.000     .9280349    1.109471
         12  |   1.195566    .046625    25.64   0.000      1.10417    1.286962
         13  |   1.437028   .0471014    30.51   0.000     1.344699    1.529358
         14  |   1.585929   .0475906    33.32   0.000      1.49264    1.679217
         15  |   1.820122    .047993    37.92   0.000     1.726045    1.914199
             |
       _cons |   1.228631   .0347155    35.39   0.000     1.160581    1.296681
------------------------------------------------------------------------------
F test of absorbed indicators: F(999, 8978) = 11.296          Prob > F = 0.000

. * xtevent y eta, panelvar(i) timevar(t) policyvar(z) window(5) norm(-7) plot
. xtevent y eta, panelvar(i) timevar(t) policyvar(z) window(5) norm(1) plot 

No proxy or instruments provided. Implementing OLS estimator
(0 differences between z and zn)

Linear regression, absorbing indicators         Number of obs     =     10,000
Absorbed variable: i                            No. of categories =      1,000
                                                F(  22,   8978)   =     267.37
                                                Prob > F          =     0.0000
                                                R-squared         =     0.7508
                                                Adj R-squared     =     0.7225
                                                Root MSE          =     1.0000

------------------------------------------------------------------------------
           y |      Coef.   Std. Err.      t    P>|t|     [95% Conf. Interval]
-------------+----------------------------------------------------------------
         eta |   .2621247   .0086998    30.13   0.000     .2450711    .2791783
    _k_eq_m6 |  -.7268294   .1210384    -6.00   0.000    -.9640923   -.4895665
    _k_eq_m5 |  -.8191128   .1314611    -6.23   0.000    -1.076806   -.5614191
    _k_eq_m4 |  -.7062651   .1214828    -5.81   0.000    -.9443991    -.468131
    _k_eq_m3 |  -.8340402   .1145849    -7.28   0.000    -1.058653   -.6094277
    _k_eq_m2 |  -.8254248   .1068839    -7.72   0.000    -1.034942    -.615908
    _k_eq_m1 |  -.9083861   .1017712    -8.93   0.000    -1.107881   -.7088914
    _k_eq_p0 |   .1602102   .0944428     1.70   0.090    -.0249192    .3453396
    _k_eq_p2 |   .0525926   .0988234     0.53   0.595    -.1411239    .2463091
    _k_eq_p3 |   .0517632    .102888     0.50   0.615    -.1499207    .2534471
    _k_eq_p4 |   .1203831    .107306     1.12   0.262    -.0899612    .3307273
    _k_eq_p5 |   .1416032   .1138619     1.24   0.214    -.0815921    .3647986
    _k_eq_p6 |   .1112536   .0973917     1.14   0.253    -.0796564    .3021636
             |
           t |
          7  |   .1751364   .0449265     3.90   0.000     .0870703    .2632026
          8  |   .4596938   .0450958    10.19   0.000     .3712956    .5480919
          9  |   .6417158   .0454697    14.11   0.000     .5525847    .7308468
         10  |    .872227   .0458761    19.01   0.000     .7822993    .9621546
         11  |   1.018753   .0462793    22.01   0.000     .9280349    1.109471
         12  |   1.195566    .046625    25.64   0.000      1.10417    1.286962
         13  |   1.437028   .0471014    30.51   0.000     1.344699    1.529358
         14  |   1.585929   .0475906    33.32   0.000      1.49264    1.679217
         15  |   1.820122    .047993    37.92   0.000     1.726045    1.914199
             |
       _cons |   1.400163   .0374962    37.34   0.000     1.326662    1.473664
------------------------------------------------------------------------------
F test of absorbed indicators: F(999, 8978) = 11.454          Prob > F = 0.000

. xtevent y eta, panelvar(i) timevar(t) policyvar(z) window(5) norm(5)plot 

No proxy or instruments provided. Implementing OLS estimator
(0 differences between z and zn)

Linear regression, absorbing indicators         Number of obs     =     10,000
Absorbed variable: i                            No. of categories =      1,000
                                                F(  22,   8978)   =     267.37
                                                Prob > F          =     0.0000
                                                R-squared         =     0.7508
                                                Adj R-squared     =     0.7225
                                                Root MSE          =     1.0000

------------------------------------------------------------------------------
           y |      Coef.   Std. Err.      t    P>|t|     [95% Conf. Interval]
-------------+----------------------------------------------------------------
         eta |   .2621247   .0086998    30.13   0.000     .2450711    .2791783
    _k_eq_m6 |  -.8684326   .1458212    -5.96   0.000    -1.154276   -.5825897
    _k_eq_m5 |   -.960716   .1538051    -6.25   0.000    -1.262209   -.6592229
    _k_eq_m4 |  -.8478683   .1433773    -5.91   0.000    -1.128921    -.566816
    _k_eq_m3 |  -.9756434   .1360546    -7.17   0.000    -1.242342   -.7089452
    _k_eq_m2 |   -.967028   .1277018    -7.57   0.000    -1.217353   -.7167033
    _k_eq_m1 |  -1.049989   .1221698    -8.59   0.000     -1.28947   -.8105086
    _k_eq_p0 |    .018607   .1134418     0.16   0.870    -.2037648    .2409788
    _k_eq_p1 |  -.1416032   .1138619    -1.24   0.214    -.3647986    .0815921
    _k_eq_p2 |  -.0890107   .1149998    -0.77   0.439    -.3144365    .1364152
    _k_eq_p3 |    -.08984   .1168432    -0.77   0.442    -.3188793    .1391992
    _k_eq_p4 |  -.0212202   .1192952    -0.18   0.859     -.255066    .2126257
    _k_eq_p6 |  -.0303497   .1064331    -0.29   0.776    -.2389828    .1782835
             |
           t |
          7  |   .1751364   .0449265     3.90   0.000     .0870703    .2632026
          8  |   .4596938   .0450958    10.19   0.000     .3712956    .5480919
          9  |   .6417158   .0454697    14.11   0.000     .5525847    .7308468
         10  |    .872227   .0458761    19.01   0.000     .7822993    .9621546
         11  |   1.018753   .0462793    22.01   0.000     .9280349    1.109471
         12  |   1.195566    .046625    25.64   0.000      1.10417    1.286962
         13  |   1.437028   .0471014    30.51   0.000     1.344699    1.529358
         14  |   1.585929   .0475906    33.32   0.000      1.49264    1.679217
         15  |   1.820122    .047993    37.92   0.000     1.726045    1.914199
             |
       _cons |   1.433581   .0413844    34.64   0.000     1.352458    1.514704
------------------------------------------------------------------------------
F test of absorbed indicators: F(999, 8978) = 11.412          Prob > F = 0.000

. 
. graph drop _all

. 
. * Test exclusion of unbalanced units with ambiguous eventtime
. gen z2 = z

. replace z2 = . if i==1 & t==7 
(1 real change made, 1 to missing)

. xtevent y eta, policyvar(z2) window(5) 

Using options panelvar and timevar from xtset

No proxy or instruments provided. Implementing OLS estimator
(1 differences between z2 and zn)

Linear regression, absorbing indicators         Number of obs     =     10,000
Absorbed variable: i                            No. of categories =      1,000
                                                F(  22,   8978)   =     267.62
                                                Prob > F          =     0.0000
                                                R-squared         =     0.7509
                                                Adj R-squared     =     0.7226
                                                Root MSE          =     0.9998

------------------------------------------------------------------------------
           y |      Coef.   Std. Err.      t    P>|t|     [95% Conf. Interval]
-------------+----------------------------------------------------------------
         eta |   .2619258   .0086997    30.11   0.000     .2448724    .2789793
    _k_eq_m6 |   .1901848   .1147563     1.66   0.097    -.0347637    .4151332
    _k_eq_m5 |   .0976527   .1278186     0.76   0.445    -.1529011    .3482064
    _k_eq_m4 |   .2103897   .1186786     1.77   0.076    -.0222473    .4430268
    _k_eq_m3 |   .0826345     .11261     0.73   0.463    -.1381068    .3033758
    _k_eq_m2 |   .0914696   .1060656     0.86   0.388    -.1164431    .2993824
    _k_eq_p0 |   1.092569   .0995218    10.98   0.000      .897484    1.287655
    _k_eq_p1 |   .9024277   .1019389     8.85   0.000     .7026042    1.102251
    _k_eq_p2 |   .9795671   .1056763     9.27   0.000     .7724176    1.186717
    _k_eq_p3 |   .9705777   .1104117     8.79   0.000     .7541455     1.18701
    _k_eq_p4 |   1.031886    .115115     8.96   0.000     .8062341    1.257537
    _k_eq_p5 |   1.059005   .1223484     8.66   0.000     .8191742    1.298836
    _k_eq_p6 |   1.031436   .1096769     9.40   0.000     .8164439    1.246428
             |
           t |
          7  |   .1774217   .0449218     3.95   0.000     .0893648    .2654786
          8  |   .4606357   .0450806    10.22   0.000     .3722674    .5490041
          9  |   .6434328    .045457    14.15   0.000     .5543266     .732539
         10  |   .8739023   .0458616    19.06   0.000     .7840032    .9638015
         11  |   1.020381   .0462624    22.06   0.000     .9296963    1.111066
         12  |    1.19717   .0466016    25.69   0.000      1.10582    1.288519
         13  |   1.438302   .0470724    30.56   0.000     1.346029    1.530574
         14  |   1.587259   .0475591    33.37   0.000     1.494033    1.680486
         15  |   1.821264   .0479575    37.98   0.000     1.727256    1.915272
             |
       _cons |   1.182174   .0365936    32.31   0.000     1.110442    1.253905
------------------------------------------------------------------------------
F test of absorbed indicators: F(999, 8978) = 11.277          Prob > F = 0.000

. drop z2

. 
. * Test estimate witthout staggered adoption
. xtevent y eta , panelvar(i) timevar(t) policyvar(z) window(3) nostaggered plot

No proxy or instruments provided. Implementing OLS estimator
(0 differences between z and zn)

Linear regression, absorbing indicators         Number of obs     =      3,000
Absorbed variable: i                            No. of categories =      1,000
                                                F(  11,   1989)   =      17.47
                                                Prob > F          =     0.0000
                                                R-squared         =     0.8013
                                                Adj R-squared     =     0.7004
                                                Root MSE          =     0.9871

------------------------------------------------------------------------------
           y |      Coef.   Std. Err.      t    P>|t|     [95% Conf. Interval]
-------------+----------------------------------------------------------------
         eta |    .250153   .0289461     8.64   0.000      .193385    .3069209
    _k_eq_m4 |   .3591409   .3024866     1.19   0.235    -.2340829    .9523646
    _k_eq_m3 |   .4286717   .2455445     1.75   0.081    -.0528797    .9102232
    _k_eq_m2 |   .2824173   .2034722     1.39   0.165    -.1166238    .6814584
    _k_eq_p0 |   1.086664   .2054068     5.29   0.000     .6838287    1.489499
    _k_eq_p1 |   .7641767   .2442341     3.13   0.002     .2851952    1.243158
    _k_eq_p2 |   .8888134   .2971022     2.99   0.003     .3061493    1.471477
    _k_eq_p3 |   .7182451   .3382049     2.12   0.034     .0549721    1.381518
    _k_eq_p4 |    .680305   .3731354     1.82   0.068    -.0514722    1.412082
             |
           t |
         11  |    .160791   .0454656     3.54   0.000     .0716258    .2499562
         12  |    .349094   .0490241     7.12   0.000       .25295     .445238
             |
       _cons |    1.78906    .252754     7.08   0.000      1.29337    2.284751
------------------------------------------------------------------------------
F test of absorbed indicators: F(999, 1989) = 4.146           Prob > F = 0.000

. 
. * Test reghdfe
. xtevent y eta , panelvar(i) timevar(t) policyvar(z) window(3) reghdfe plot

No proxy or instruments provided. Implementing OLS estimator
(0 differences between z and zn)
(MWFE estimator converged in 2 iterations)

HDFE Linear regression                            Number of obs   =     10,000
Absorbing 2 HDFE groups                           F(   9,   8982) =     200.74
                                                  Prob > F        =     0.0000
                                                  R-squared       =     0.7508
                                                  Adj R-squared   =     0.7226
                                                  Within R-sq.    =     0.1675
                                                  Root MSE        =     0.9998

------------------------------------------------------------------------------
           y |      Coef.   Std. Err.      t    P>|t|     [95% Conf. Interval]
-------------+----------------------------------------------------------------
         eta |   .2621515   .0086707    30.23   0.000      .245155     .279148
    _k_eq_m4 |   .1646527   .0954569     1.72   0.085    -.0224645    .3517699
    _k_eq_m3 |   .0738983   .1124534     0.66   0.511     -.146536    .2943327
    _k_eq_m2 |   .0826779   .1059384     0.78   0.435    -.1249855    .2903414
    _k_eq_p0 |   1.069132   .0992577    10.77   0.000     .8745648      1.2637
    _k_eq_p1 |   .9092713   .1016075     8.95   0.000     .7100974    1.108445
    _k_eq_p2 |   .9622922   .1052364     9.14   0.000     .7560049    1.168579
    _k_eq_p3 |   .9614279   .1098666     8.75   0.000     .7460644    1.176791
    _k_eq_p4 |   1.030441   .0962225    10.71   0.000     .8418227    1.219059
       _cons |   2.106251   .0195167   107.92   0.000     2.067993    2.144508
------------------------------------------------------------------------------

Absorbed degrees of freedom:
-----------------------------------------------------+
 Absorbed FE | Categories  - Redundant  = Num. Coefs |
-------------+---------------------------------------|
           i |      1000           0        1000     |
           t |        10           1           9     |
-----------------------------------------------------+

. 
. * Test reghdfe, proxy and absorbing a variable 
. gen k=round(x) //generate a categorical variable. Use it as a control 

. xtevent y eta, policyvar(z) window(3) proxy(x) nofe note addabsorb(k) reghdfe

Using options panelvar and timevar from xtset

Proxy for the confound specified. Implementing FHS estimator

proxyiv=select. Selecting lead order of differenced policy variable to use as instrument.

Lead 1 selected.
(0 differences between z and zn)
(MWFE estimator converged in 1 iterations)

IV (2SLS) estimation
--------------------

Estimates efficient for homoskedasticity only
Statistics consistent for homoskedasticity only

                                                      Number of obs =     9000
                                                      F(  9,  8964) =   115.46
                                                      Prob > F      =   0.0000
Total (centered) SS     =  23926.92309                Centered R2   =  -0.3535
Total (uncentered) SS   =  23926.92309                Uncentered R2 =  -0.3535
Residual SS             =  32384.68895                Root MSE      =    1.901

------------------------------------------------------------------------------
           y |      Coef.   Std. Err.      t    P>|t|     [95% Conf. Interval]
-------------+----------------------------------------------------------------
           x |   -4.06833   13.18739    -0.31   0.758    -29.91863    21.78197
         eta |   .3548179   .3121724     1.14   0.256    -.2571113    .9667472
    _k_eq_m4 |  -.2001351   .2371025    -0.84   0.399    -.6649101      .26464
    _k_eq_m3 |  -.0497206   .2325191    -0.21   0.831    -.5055112      .40607
    _k_eq_p0 |   .9393596    .250827     3.75   0.000     .4476814    1.431038
    _k_eq_p1 |   .9918418   .1493165     6.64   0.000     .6991473    1.284536
    _k_eq_p2 |   1.028313   .2806029     3.66   0.000      .478267    1.578359
    _k_eq_p3 |    1.06764   .1855779     5.75   0.000      .703865    1.431415
    _k_eq_p4 |   1.373959   .3365107     4.08   0.000     .7143213    2.033597
------------------------------------------------------------------------------
Underidentification test (Anderson canon. corr. LM statistic):           0.258
                                                   Chi-sq(1) P-val =    0.6118
------------------------------------------------------------------------------
Weak identification test (Cragg-Donald Wald F statistic):                0.257
Stock-Yogo weak ID test critical values: 10% maximal IV size             16.38
                                         15% maximal IV size              8.96
                                         20% maximal IV size              6.66
                                         25% maximal IV size              5.53
Source: Stock-Yogo (2005).  Reproduced by permission.
------------------------------------------------------------------------------
Sargan statistic (overidentification test of all instruments):           0.000
                                                 (equation exactly identified)
------------------------------------------------------------------------------
Instrumented:         x
Included instruments: eta _k_eq_m4 _k_eq_m3 _k_eq_p0 _k_eq_p1 _k_eq_p2 _k_eq_p3
                      _k_eq_p4
Excluded instruments: _fd1z
Partialled-out:       _cons
                      nb: total SS, model F and R2s are after partialling-out;
                          any small-sample adjustments include partialled-out
                          variables in regressor count K
------------------------------------------------------------------------------

Absorbed degrees of freedom:
-----------------------------------------------------+
 Absorbed FE | Categories  - Redundant  = Num. Coefs |
-------------+---------------------------------------|
           k |        27           0          27     |
-----------------------------------------------------+

. 
. *Test additional cluster and robust specifications
. xtevent y eta, policyvar(z) window(3) proxy(x) nofe note addabsorb(k) reghdfe robust cluster(i)

Using options panelvar and timevar from xtset

Proxy for the confound specified. Implementing FHS estimator

proxyiv=select. Selecting lead order of differenced policy variable to use as instrument.

Lead 1 selected.
(0 differences between z and zn)
(MWFE estimator converged in 1 iterations)

IV (2SLS) estimation
--------------------

Estimates efficient for homoskedasticity only
Statistics robust to heteroskedasticity and clustering on i

Number of clusters (i) =          1000                Number of obs =     9000
                                                      F(  9,   999) =    76.13
                                                      Prob > F      =   0.0000
Total (centered) SS     =  23926.92309                Centered R2   =  -0.3535
Total (uncentered) SS   =  23926.92309                Uncentered R2 =  -0.3535
Residual SS             =  32384.68895                Root MSE      =    1.901

------------------------------------------------------------------------------
             |               Robust
           y |      Coef.   Std. Err.      t    P>|t|     [95% Conf. Interval]
-------------+----------------------------------------------------------------
           x |   -4.06833   13.98807    -0.29   0.771    -31.51769    23.38103
         eta |   .3548179   .3297991     1.08   0.282    -.2923605    1.001996
    _k_eq_m4 |  -.2001351   .2230453    -0.90   0.370     -.637826    .2375559
    _k_eq_m3 |  -.0497206   .2006514    -0.25   0.804    -.4434673     .344026
    _k_eq_p0 |   .9393596   .2195381     4.28   0.000     .5085509    1.370168
    _k_eq_p1 |   .9918418   .1667441     5.95   0.000      .664633    1.319051
    _k_eq_p2 |   1.028313   .2514009     4.09   0.000     .5349783    1.521647
    _k_eq_p3 |    1.06764    .165792     6.44   0.000     .7422995    1.392981
    _k_eq_p4 |   1.373959   .3369618     4.08   0.000      .712725    2.035193
------------------------------------------------------------------------------
Underidentification test (Kleibergen-Paap rk LM statistic):              0.289
                                                   Chi-sq(1) P-val =    0.5910
------------------------------------------------------------------------------
Weak identification test (Cragg-Donald Wald F statistic):                0.257
                         (Kleibergen-Paap rk Wald F statistic):          0.288
Stock-Yogo weak ID test critical values: 10% maximal IV size             16.38
                                         15% maximal IV size              8.96
                                         20% maximal IV size              6.66
                                         25% maximal IV size              5.53
Source: Stock-Yogo (2005).  Reproduced by permission.
NB: Critical values are for Cragg-Donald F statistic and i.i.d. errors.
------------------------------------------------------------------------------
Hansen J statistic (overidentification test of all instruments):         0.000
                                                 (equation exactly identified)
------------------------------------------------------------------------------
Instrumented:         x
Included instruments: eta _k_eq_m4 _k_eq_m3 _k_eq_p0 _k_eq_p1 _k_eq_p2 _k_eq_p3
                      _k_eq_p4
Excluded instruments: _fd1z
Partialled-out:       _cons
                      nb: total SS, model F and R2s are after partialling-out;
                          any small-sample adjustments include partialled-out
                          variables in regressor count K
------------------------------------------------------------------------------

Absorbed degrees of freedom:
-----------------------------------------------------+
 Absorbed FE | Categories  - Redundant  = Num. Coefs |
-------------+---------------------------------------|
           k |        27           0          27     |
-----------------------------------------------------+

. *equivalent specification (it admits use of vce)
. xtevent y eta, policyvar(z) window(3) proxy(x) nofe note addabsorb(k) reghdfe vce(robust cluster i)

Using options panelvar and timevar from xtset

Proxy for the confound specified. Implementing FHS estimator

proxyiv=select. Selecting lead order of differenced policy variable to use as instrument.

Lead 1 selected.
(0 differences between z and zn)
(MWFE estimator converged in 1 iterations)

IV (2SLS) estimation
--------------------

Estimates efficient for homoskedasticity only
Statistics robust to heteroskedasticity and clustering on i

Number of clusters (i) =          1000                Number of obs =     9000
                                                      F(  9,   999) =    76.13
                                                      Prob > F      =   0.0000
Total (centered) SS     =  23926.92309                Centered R2   =  -0.3535
Total (uncentered) SS   =  23926.92309                Uncentered R2 =  -0.3535
Residual SS             =  32384.68895                Root MSE      =    1.901

------------------------------------------------------------------------------
             |               Robust
           y |      Coef.   Std. Err.      t    P>|t|     [95% Conf. Interval]
-------------+----------------------------------------------------------------
           x |   -4.06833   13.98807    -0.29   0.771    -31.51769    23.38103
         eta |   .3548179   .3297991     1.08   0.282    -.2923605    1.001996
    _k_eq_m4 |  -.2001351   .2230453    -0.90   0.370     -.637826    .2375559
    _k_eq_m3 |  -.0497206   .2006514    -0.25   0.804    -.4434673     .344026
    _k_eq_p0 |   .9393596   .2195381     4.28   0.000     .5085509    1.370168
    _k_eq_p1 |   .9918418   .1667441     5.95   0.000      .664633    1.319051
    _k_eq_p2 |   1.028313   .2514009     4.09   0.000     .5349783    1.521647
    _k_eq_p3 |    1.06764    .165792     6.44   0.000     .7422995    1.392981
    _k_eq_p4 |   1.373959   .3369618     4.08   0.000      .712725    2.035193
------------------------------------------------------------------------------
Underidentification test (Kleibergen-Paap rk LM statistic):              0.289
                                                   Chi-sq(1) P-val =    0.5910
------------------------------------------------------------------------------
Weak identification test (Cragg-Donald Wald F statistic):                0.257
                         (Kleibergen-Paap rk Wald F statistic):          0.288
Stock-Yogo weak ID test critical values: 10% maximal IV size             16.38
                                         15% maximal IV size              8.96
                                         20% maximal IV size              6.66
                                         25% maximal IV size              5.53
Source: Stock-Yogo (2005).  Reproduced by permission.
NB: Critical values are for Cragg-Donald F statistic and i.i.d. errors.
------------------------------------------------------------------------------
Hansen J statistic (overidentification test of all instruments):         0.000
                                                 (equation exactly identified)
------------------------------------------------------------------------------
Instrumented:         x
Included instruments: eta _k_eq_m4 _k_eq_m3 _k_eq_p0 _k_eq_p1 _k_eq_p2 _k_eq_p3
                      _k_eq_p4
Excluded instruments: _fd1z
Partialled-out:       _cons
                      nb: total SS, model F and R2s are after partialling-out;
                          any small-sample adjustments include partialled-out
                          variables in regressor count K
------------------------------------------------------------------------------

Absorbed degrees of freedom:
-----------------------------------------------------+
 Absorbed FE | Categories  - Redundant  = Num. Coefs |
-------------+---------------------------------------|
           k |        27           0          27     |
-----------------------------------------------------+

. 
. /*
> *Test other standar-error specifications (not allowed)
> xtevent y eta, policyvar(z) window(3) proxy(x) nofe note addabsorb(k) reghdfe vce(bootstrap) //will show an error
>  message
> */
. 
. * Overlay static plot
. xtevent y eta, policyvar(z) timevar(t) window(5)

Using options panelvar and timevar from xtset

No proxy or instruments provided. Implementing OLS estimator
(0 differences between z and zn)

Linear regression, absorbing indicators         Number of obs     =     10,000
Absorbed variable: i                            No. of categories =      1,000
                                                F(  22,   8978)   =     267.37
                                                Prob > F          =     0.0000
                                                R-squared         =     0.7508
                                                Adj R-squared     =     0.7225
                                                Root MSE          =     1.0000

------------------------------------------------------------------------------
           y |      Coef.   Std. Err.      t    P>|t|     [95% Conf. Interval]
-------------+----------------------------------------------------------------
         eta |   .2621247   .0086998    30.13   0.000     .2450711    .2791783
    _k_eq_m6 |   .1815567   .1147092     1.58   0.114    -.0432995    .4064129
    _k_eq_m5 |   .0892733   .1277738     0.70   0.485    -.1611925    .3397391
    _k_eq_m4 |    .202121   .1186207     1.70   0.088    -.0304026    .4346447
    _k_eq_m3 |   .0743459   .1125401     0.66   0.509    -.1462584    .2949502
    _k_eq_m2 |   .0829613   .1059759     0.78   0.434    -.1247755    .2906982
    _k_eq_p0 |   1.068596   .0993512    10.76   0.000     .8738453    1.263347
    _k_eq_p1 |   .9083861   .1017712     8.93   0.000     .7088914    1.107881
    _k_eq_p2 |   .9609787   .1055003     9.11   0.000      .754174    1.167783
    _k_eq_p3 |   .9601493   .1102397     8.71   0.000     .7440543    1.176244
    _k_eq_p4 |   1.028769   .1149331     8.95   0.000     .8034741    1.254064
    _k_eq_p5 |   1.049989   .1221698     8.59   0.000     .8105086     1.28947
    _k_eq_p6 |    1.01964   .1095054     9.31   0.000     .8049841    1.234295
             |
           t |
          7  |   .1751364   .0449265     3.90   0.000     .0870703    .2632026
          8  |   .4596938   .0450958    10.19   0.000     .3712956    .5480919
          9  |   .6417158   .0454697    14.11   0.000     .5525847    .7308468
         10  |    .872227   .0458761    19.01   0.000     .7822993    .9621546
         11  |   1.018753   .0462793    22.01   0.000     .9280349    1.109471
         12  |   1.195566    .046625    25.64   0.000      1.10417    1.286962
         13  |   1.437028   .0471014    30.51   0.000     1.344699    1.529358
         14  |   1.585929   .0475906    33.32   0.000      1.49264    1.679217
         15  |   1.820122    .047993    37.92   0.000     1.726045    1.914199
             |
       _cons |   1.185784   .0365591    32.43   0.000      1.11412    1.257448
------------------------------------------------------------------------------
F test of absorbed indicators: F(999, 8978) = 11.272          Prob > F = 0.000

. xteventplot, overlay(static)
Estimating static model...

Using options panelvar and timevar from xtset

option static specified. Estimating static model

Plotting options ignored

No proxy or instruments provided. Implementing OLS estimator

Linear regression, absorbing indicators         Number of obs     =     10,000
Absorbed variable: i                            No. of categories =      1,000
                                                F(  11,   8989)   =     534.18
                                                Prob > F          =     0.0000
                                                R-squared         =     0.7506
                                                Adj R-squared     =     0.7225
                                                Root MSE          =     0.9998

------------------------------------------------------------------------------
           y |      Coef.   Std. Err.      t    P>|t|     [95% Conf. Interval]
-------------+----------------------------------------------------------------
         eta |   .2591895   .0084692    30.60   0.000     .2425879    .2757912
           z |   .9191839   .0611338    15.04   0.000     .7993476     1.03902
             |
           t |
          7  |   .1664229   .0447258     3.72   0.000     .0787502    .2540956
          8  |   .4504758   .0447928    10.06   0.000     .3626717    .5382798
          9  |   .6283941   .0448735    14.00   0.000     .5404319    .7163564
         10  |   .8600226   .0449938    19.11   0.000     .7718244    .9482208
         11  |   1.007433   .0451773    22.30   0.000     .9188748     1.09599
         12  |    1.18155   .0453565    26.05   0.000     1.092641    1.270459
         13  |   1.424261   .0456295    31.21   0.000     1.334816    1.513705
         14  |   1.573359   .0458779    34.29   0.000     1.483428     1.66329
         15  |   1.809607   .0460751    39.28   0.000     1.719289    1.899925
             |
       _cons |   1.217192   .0317715    38.31   0.000     1.154913    1.279472
------------------------------------------------------------------------------
F test of absorbed indicators: F(999, 8989) = 11.322          Prob > F = 0.000

. 
. * Test graphic options
. gen y2 = y - z

. xtevent y2 eta, policyvar(z) timevar(t) window(5)

Using options panelvar and timevar from xtset

No proxy or instruments provided. Implementing OLS estimator
(0 differences between z and zn)

Linear regression, absorbing indicators         Number of obs     =     10,000
Absorbed variable: i                            No. of categories =      1,000
                                                F(  22,   8978)   =     200.26
                                                Prob > F          =     0.0000
                                                R-squared         =     0.7065
                                                Adj R-squared     =     0.6732
                                                Root MSE          =     1.0000

------------------------------------------------------------------------------
          y2 |      Coef.   Std. Err.      t    P>|t|     [95% Conf. Interval]
-------------+----------------------------------------------------------------
         eta |   .2621247   .0086998    30.13   0.000     .2450711    .2791783
    _k_eq_m6 |   .1815567   .1147092     1.58   0.114    -.0432995    .4064129
    _k_eq_m5 |   .0892733   .1277738     0.70   0.485    -.1611925    .3397391
    _k_eq_m4 |    .202121   .1186207     1.70   0.088    -.0304026    .4346447
    _k_eq_m3 |   .0743459   .1125401     0.66   0.509    -.1462584    .2949502
    _k_eq_m2 |   .0829613   .1059759     0.78   0.434    -.1247755    .2906982
    _k_eq_p0 |   .0685963   .0993512     0.69   0.490    -.1261547    .2633473
    _k_eq_p1 |  -.0916139   .1017712    -0.90   0.368    -.2911086    .1078808
    _k_eq_p2 |  -.0390213   .1055003    -0.37   0.711     -.245826    .1677833
    _k_eq_p3 |  -.0398507   .1102397    -0.36   0.718    -.2559457    .1762443
    _k_eq_p4 |   .0287692   .1149331     0.25   0.802    -.1965259    .2540642
    _k_eq_p5 |   .0499893   .1221698     0.41   0.682    -.1894914    .2894701
    _k_eq_p6 |   .0196397   .1095054     0.18   0.858    -.1950159    .2342952
             |
           t |
          7  |   .1751364   .0449265     3.90   0.000     .0870703    .2632026
          8  |   .4596938   .0450958    10.19   0.000     .3712956    .5480919
          9  |   .6417158   .0454697    14.11   0.000     .5525847    .7308468
         10  |    .872227   .0458761    19.01   0.000     .7822993    .9621546
         11  |   1.018753   .0462793    22.01   0.000     .9280349    1.109471
         12  |   1.195566    .046625    25.64   0.000      1.10417    1.286962
         13  |   1.437028   .0471014    30.51   0.000     1.344699    1.529358
         14  |   1.585929   .0475906    33.32   0.000      1.49264    1.679217
         15  |   1.820122    .047993    37.92   0.000     1.726045    1.914199
             |
       _cons |   1.185784   .0365591    32.43   0.000      1.11412    1.257448
------------------------------------------------------------------------------
F test of absorbed indicators: F(999, 8978) = 11.272          Prob > F = 0.000

. xteventplot, smplotopts(lcolor(green)) smpath(line)

Note: Smoothest line drawn for system confidence level = 95

. xteventplot, ciplotopts(lcolor(green))

. xteventplot, suptciplotopts(lcolor(green))

. xteventplot, scatterplotopts(mcolor(green))

. xteventplot, overlay(static) staticovplotopts(lcolor(red))
Estimating static model...

Using options panelvar and timevar from xtset

option static specified. Estimating static model

Plotting options ignored

No proxy or instruments provided. Implementing OLS estimator

Linear regression, absorbing indicators         Number of obs     =     10,000
Absorbed variable: i                            No. of categories =      1,000
                                                F(  11,   8989)   =     399.92
                                                Prob > F          =     0.0000
                                                R-squared         =     0.7063
                                                Adj R-squared     =     0.6733
                                                Root MSE          =     0.9998

------------------------------------------------------------------------------
          y2 |      Coef.   Std. Err.      t    P>|t|     [95% Conf. Interval]
-------------+----------------------------------------------------------------
         eta |   .2591895   .0084692    30.60   0.000     .2425879    .2757912
           z |  -.0808161   .0611338    -1.32   0.186    -.2006524    .0390201
             |
           t |
          7  |   .1664229   .0447258     3.72   0.000     .0787502    .2540956
          8  |   .4504758   .0447928    10.06   0.000     .3626717    .5382798
          9  |   .6283941   .0448735    14.00   0.000     .5404319    .7163564
         10  |   .8600226   .0449938    19.11   0.000     .7718244    .9482208
         11  |   1.007433   .0451773    22.30   0.000     .9188748     1.09599
         12  |    1.18155   .0453565    26.05   0.000     1.092641    1.270459
         13  |   1.424261   .0456295    31.21   0.000     1.334816    1.513705
         14  |   1.573359   .0458779    34.29   0.000     1.483428     1.66329
         15  |   1.809607   .0460751    39.28   0.000     1.719289    1.899925
             |
       _cons |   1.217192   .0317715    38.31   0.000     1.154913    1.279472
------------------------------------------------------------------------------
F test of absorbed indicators: F(999, 8989) = 11.322          Prob > F = 0.000

. xtevent y2 eta, policyvar(z) timevar(t) window(5) trend(-3)

Using options panelvar and timevar from xtset

No proxy or instruments provided. Implementing OLS estimator
(0 differences between z and zn)

Linear regression, absorbing indicators         Number of obs     =     10,000
Absorbed variable: i                            No. of categories =      1,000
                                                F(  21,   8979)   =     209.81
                                                Prob > F          =     0.0000
                                                R-squared         =     0.7065
                                                Adj R-squared     =     0.6732
                                                Root MSE          =     1.0000

------------------------------------------------------------------------------
          y2 |      Coef.   Std. Err.      t    P>|t|     [95% Conf. Interval]
-------------+----------------------------------------------------------------
         eta |   .2620431   .0086978    30.13   0.000     .2449934    .2790928
    _k_eq_m6 |   .2074392   .1478069     1.40   0.161    -.0822961    .4971744
    _k_eq_m5 |   -.081663   .2030145    -0.40   0.688    -.4796178    .3162918
    _k_eq_m4 |   .0705722   .1530193     0.46   0.645    -.2293805     .370525
    _k_eq_p0 |   .0945196   .1323697     0.71   0.475    -.1649552    .3539944
    _k_eq_p1 |  -.0262592   .1804684    -0.15   0.884    -.3800183       .3275
    _k_eq_p2 |   .0656384   .2324346     0.28   0.778    -.3899864    .5212632
    _k_eq_p3 |   .1041294   .2859072     0.36   0.716    -.4563139    .6645728
    _k_eq_p4 |   .2121236   .3401965     0.62   0.533    -.4547391    .8789864
    _k_eq_p5 |   .2725985   .3951436     0.69   0.490    -.5019732     1.04717
    _k_eq_p6 |   .0454838   .1377245     0.33   0.741    -.2244877    .3154553
             |
           t |
          7  |   .1746763   .0449146     3.89   0.000     .0866335    .2627191
          8  |   .4594306   .0450907    10.19   0.000     .3710426    .5478185
          9  |   .6415156   .0454659    14.11   0.000      .552392    .7306392
         10  |   .8718263   .0458667    19.01   0.000     .7819171    .9617356
         11  |   1.018567   .0462758    22.01   0.000     .9278561    1.109278
         12  |   1.195337   .0466207    25.64   0.000      1.10395    1.286724
         13  |   1.437009   .0470994    30.51   0.000     1.344684    1.529335
         14  |   1.585455   .0475785    33.32   0.000      1.49219     1.67872
         15  |   1.819884   .0479884    37.92   0.000     1.725816    1.913953
             |
     _ttrend |   -.039372   .0560845    -0.70   0.483    -.1493105    .0705664
       _cons |   1.179925   .0424157    27.82   0.000     1.096781     1.26307
------------------------------------------------------------------------------
F test of absorbed indicators: F(999, 8979) = 11.272          Prob > F = 0.000

. xteventplot, overlay(trend) trendplotopts(lcolor(red))

. xtevent y eta, policyvar(z) proxy(x) window(5)

Using options panelvar and timevar from xtset

Proxy for the confound specified. Implementing FHS estimator

proxyiv=select. Selecting lead order of differenced policy variable to use as instrument.

Lead 1 selected.
(0 differences between z and zn)

Fixed-effects (within) IV regression            Number of obs     =      9,000
Group variable: i                               Number of groups  =      1,000

R-sq:                                           Obs per group:
     within  =      .                                         min =          9
     between = 0.4091                                         avg =        9.0
     overall = 0.2362                                         max =          9

                                                Wald chi2(21)     =   22118.42
corr(u_i, Xb)  = -0.0591                        Prob > chi2       =     0.0000

------------------------------------------------------------------------------
           y |      Coef.   Std. Err.      z    P>|z|     [95% Conf. Interval]
-------------+----------------------------------------------------------------
           x |  -.5140598   .9123491    -0.56   0.573    -2.302231    1.274112
         eta |   .7905624   .9361686     0.84   0.398    -1.044294    2.625419
    _k_eq_m6 |   .1173405   .1711004     0.69   0.493    -.2180101    .4526912
    _k_eq_m5 |    .000915   .2140405     0.00   0.997    -.4185966    .4204266
    _k_eq_m4 |   .2043718   .1603395     1.27   0.202    -.1098879    .5186314
    _k_eq_m3 |  -.1408894   .3649922    -0.39   0.699    -.8562611    .5744822
    _k_eq_p0 |   .9319376   .1784909     5.22   0.000     .5821018    1.281773
    _k_eq_p1 |    .817275   .1749189     4.67   0.000     .4744402     1.16011
    _k_eq_p2 |   .8744674   .1534599     5.70   0.000     .5736914    1.175243
    _k_eq_p3 |   .8773124   .1725875     5.08   0.000     .5390472    1.215578
    _k_eq_p4 |   .8532991    .190927     4.47   0.000      .479089    1.227509
    _k_eq_p5 |   .8649972   .2521051     3.43   0.001     .3708802    1.359114
    _k_eq_p6 |   .8675336   .2160808     4.01   0.000     .4440229    1.291044
             |
           t |
          7  |   .1607293    .068597     2.34   0.019     .0262816     .295177
          8  |   .4518296   .0668046     6.76   0.000     .3208951    .5827641
          9  |   .6489589   .0658884     9.85   0.000       .51982    .7780977
         10  |   .8107044   .1372175     5.91   0.000      .541763    1.079646
         11  |   .9893844   .0938128    10.55   0.000     .8055148    1.173254
         12  |   1.148031   .1195151     9.61   0.000     .9137856    1.382276
         13  |   1.468773   .0798615    18.39   0.000     1.312247    1.625298
         14  |   1.557468   .0962343    16.18   0.000     1.368852    1.746083
             |
       _cons |   1.239359   .0943956    13.13   0.000     1.054347    1.424371
-------------+----------------------------------------------------------------
     sigma_u |  1.1057977
     sigma_e |  1.4405674
         rho |  .37076412   (fraction of variance due to u_i)
------------------------------------------------------------------------------
F  test that all u_i=0:     F(999,7979) =     4.86        Prob > F    = 0.0000
------------------------------------------------------------------------------
Instrumented:   x
Instruments:    eta _k_eq_m6 _k_eq_m5 _k_eq_m4 _k_eq_m3 _k_eq_p0 _k_eq_p1
                _k_eq_p2 _k_eq_p3 _k_eq_p4 _k_eq_p5 _k_eq_p6 7.t 8.t 9.t 10.t
                11.t 12.t 13.t 14.t _fd1z
------------------------------------------------------------------------------

. xteventplot, overlay(iv) scatterplotopts(mcolor(green red))

. drop y2

. 
. *------------------------ 2.2: Replicate 2b and test basic funcionality without controls ------------------------
> ----------
. 
. xtevent y , panelvar(i) timevar(t) policyvar(z) window(5) plot

No proxy or instruments provided. Implementing OLS estimator
(0 differences between z and zn)

Linear regression, absorbing indicators         Number of obs     =     10,000
Absorbed variable: i                            No. of categories =      1,000
                                                F(  21,   8979)   =     215.15
                                                Prob > F          =     0.0000
                                                R-squared         =     0.7256
                                                Adj R-squared     =     0.6944
                                                Root MSE          =     1.0493

------------------------------------------------------------------------------
           y |      Coef.   Std. Err.      t    P>|t|     [95% Conf. Interval]
-------------+----------------------------------------------------------------
    _k_eq_m6 |  -.5434296   .1176844    -4.62   0.000     -.774118   -.3127413
    _k_eq_m5 |  -.4921678   .1325328    -3.71   0.000    -.7519624   -.2323732
    _k_eq_m4 |  -.2587117   .1234276    -2.10   0.036     -.500658   -.0167655
    _k_eq_m3 |  -.2884085   .1174086    -2.46   0.014    -.5185562   -.0582608
    _k_eq_m2 |   -.153498   .1108932    -1.38   0.166     -.370874    .0638781
    _k_eq_p0 |   1.472102    .103296    14.25   0.000     1.269619    1.674586
    _k_eq_p1 |   1.345638   .1056954    12.73   0.000      1.13845    1.552825
    _k_eq_p2 |   1.437454   .1094489    13.13   0.000     1.222909    1.651998
    _k_eq_p3 |   1.472024   .1142907    12.88   0.000     1.247988     1.69606
    _k_eq_p4 |   1.540043   .1192755    12.91   0.000     1.306236    1.773851
    _k_eq_p5 |   1.635957   .1265559    12.93   0.000     1.387879    1.884036
    _k_eq_p6 |   1.618282   .1129949    14.32   0.000     1.396786    1.839778
             |
           t |
          7  |   .1581147   .0471368     3.35   0.001     .0657157    .2505137
          8  |   .4210278   .0472991     8.90   0.000     .3283108    .5137448
          9  |    .579209   .0476609    12.15   0.000     .4857828    .6726352
         10  |   .7961297    .048064    16.56   0.000     .7019134    .8903461
         11  |   .9095223   .0484109    18.79   0.000      .814626    1.004419
         12  |    1.06481   .0487104    21.86   0.000     .9693266    1.160294
         13  |   1.277068   .0491077    26.01   0.000     1.180805     1.37333
         14  |   1.419417   .0495981    28.62   0.000     1.322193    1.516641
         15  |   1.661983   .0500561    33.20   0.000     1.563862    1.760105
             |
       _cons |   1.242204   .0383104    32.42   0.000     1.167106    1.317301
------------------------------------------------------------------------------
F test of absorbed indicators: F(999, 8979) = 12.961          Prob > F = 0.000

. 
. * Testing xtset options
. 
. xtevent y , policyvar(z) window(5) plot

Using options panelvar and timevar from xtset

No proxy or instruments provided. Implementing OLS estimator
(0 differences between z and zn)

Linear regression, absorbing indicators         Number of obs     =     10,000
Absorbed variable: i                            No. of categories =      1,000
                                                F(  21,   8979)   =     215.15
                                                Prob > F          =     0.0000
                                                R-squared         =     0.7256
                                                Adj R-squared     =     0.6944
                                                Root MSE          =     1.0493

------------------------------------------------------------------------------
           y |      Coef.   Std. Err.      t    P>|t|     [95% Conf. Interval]
-------------+----------------------------------------------------------------
    _k_eq_m6 |  -.5434296   .1176844    -4.62   0.000     -.774118   -.3127413
    _k_eq_m5 |  -.4921678   .1325328    -3.71   0.000    -.7519624   -.2323732
    _k_eq_m4 |  -.2587117   .1234276    -2.10   0.036     -.500658   -.0167655
    _k_eq_m3 |  -.2884085   .1174086    -2.46   0.014    -.5185562   -.0582608
    _k_eq_m2 |   -.153498   .1108932    -1.38   0.166     -.370874    .0638781
    _k_eq_p0 |   1.472102    .103296    14.25   0.000     1.269619    1.674586
    _k_eq_p1 |   1.345638   .1056954    12.73   0.000      1.13845    1.552825
    _k_eq_p2 |   1.437454   .1094489    13.13   0.000     1.222909    1.651998
    _k_eq_p3 |   1.472024   .1142907    12.88   0.000     1.247988     1.69606
    _k_eq_p4 |   1.540043   .1192755    12.91   0.000     1.306236    1.773851
    _k_eq_p5 |   1.635957   .1265559    12.93   0.000     1.387879    1.884036
    _k_eq_p6 |   1.618282   .1129949    14.32   0.000     1.396786    1.839778
             |
           t |
          7  |   .1581147   .0471368     3.35   0.001     .0657157    .2505137
          8  |   .4210278   .0472991     8.90   0.000     .3283108    .5137448
          9  |    .579209   .0476609    12.15   0.000     .4857828    .6726352
         10  |   .7961297    .048064    16.56   0.000     .7019134    .8903461
         11  |   .9095223   .0484109    18.79   0.000      .814626    1.004419
         12  |    1.06481   .0487104    21.86   0.000     .9693266    1.160294
         13  |   1.277068   .0491077    26.01   0.000     1.180805     1.37333
         14  |   1.419417   .0495981    28.62   0.000     1.322193    1.516641
         15  |   1.661983   .0500561    33.20   0.000     1.563862    1.760105
             |
       _cons |   1.242204   .0383104    32.42   0.000     1.167106    1.317301
------------------------------------------------------------------------------
F test of absorbed indicators: F(999, 8979) = 12.961          Prob > F = 0.000

. xtevent y , policyvar(z) panelvar(i) window(5) plot

Using options panelvar and timevar from xtset

No proxy or instruments provided. Implementing OLS estimator
(0 differences between z and zn)

Linear regression, absorbing indicators         Number of obs     =     10,000
Absorbed variable: i                            No. of categories =      1,000
                                                F(  21,   8979)   =     215.15
                                                Prob > F          =     0.0000
                                                R-squared         =     0.7256
                                                Adj R-squared     =     0.6944
                                                Root MSE          =     1.0493

------------------------------------------------------------------------------
           y |      Coef.   Std. Err.      t    P>|t|     [95% Conf. Interval]
-------------+----------------------------------------------------------------
    _k_eq_m6 |  -.5434296   .1176844    -4.62   0.000     -.774118   -.3127413
    _k_eq_m5 |  -.4921678   .1325328    -3.71   0.000    -.7519624   -.2323732
    _k_eq_m4 |  -.2587117   .1234276    -2.10   0.036     -.500658   -.0167655
    _k_eq_m3 |  -.2884085   .1174086    -2.46   0.014    -.5185562   -.0582608
    _k_eq_m2 |   -.153498   .1108932    -1.38   0.166     -.370874    .0638781
    _k_eq_p0 |   1.472102    .103296    14.25   0.000     1.269619    1.674586
    _k_eq_p1 |   1.345638   .1056954    12.73   0.000      1.13845    1.552825
    _k_eq_p2 |   1.437454   .1094489    13.13   0.000     1.222909    1.651998
    _k_eq_p3 |   1.472024   .1142907    12.88   0.000     1.247988     1.69606
    _k_eq_p4 |   1.540043   .1192755    12.91   0.000     1.306236    1.773851
    _k_eq_p5 |   1.635957   .1265559    12.93   0.000     1.387879    1.884036
    _k_eq_p6 |   1.618282   .1129949    14.32   0.000     1.396786    1.839778
             |
           t |
          7  |   .1581147   .0471368     3.35   0.001     .0657157    .2505137
          8  |   .4210278   .0472991     8.90   0.000     .3283108    .5137448
          9  |    .579209   .0476609    12.15   0.000     .4857828    .6726352
         10  |   .7961297    .048064    16.56   0.000     .7019134    .8903461
         11  |   .9095223   .0484109    18.79   0.000      .814626    1.004419
         12  |    1.06481   .0487104    21.86   0.000     .9693266    1.160294
         13  |   1.277068   .0491077    26.01   0.000     1.180805     1.37333
         14  |   1.419417   .0495981    28.62   0.000     1.322193    1.516641
         15  |   1.661983   .0500561    33.20   0.000     1.563862    1.760105
             |
       _cons |   1.242204   .0383104    32.42   0.000     1.167106    1.317301
------------------------------------------------------------------------------
F test of absorbed indicators: F(999, 8979) = 12.961          Prob > F = 0.000

. xtevent y , policyvar(z) timevar(t) window(5) plot

Using options panelvar and timevar from xtset

No proxy or instruments provided. Implementing OLS estimator
(0 differences between z and zn)

Linear regression, absorbing indicators         Number of obs     =     10,000
Absorbed variable: i                            No. of categories =      1,000
                                                F(  21,   8979)   =     215.15
                                                Prob > F          =     0.0000
                                                R-squared         =     0.7256
                                                Adj R-squared     =     0.6944
                                                Root MSE          =     1.0493

------------------------------------------------------------------------------
           y |      Coef.   Std. Err.      t    P>|t|     [95% Conf. Interval]
-------------+----------------------------------------------------------------
    _k_eq_m6 |  -.5434296   .1176844    -4.62   0.000     -.774118   -.3127413
    _k_eq_m5 |  -.4921678   .1325328    -3.71   0.000    -.7519624   -.2323732
    _k_eq_m4 |  -.2587117   .1234276    -2.10   0.036     -.500658   -.0167655
    _k_eq_m3 |  -.2884085   .1174086    -2.46   0.014    -.5185562   -.0582608
    _k_eq_m2 |   -.153498   .1108932    -1.38   0.166     -.370874    .0638781
    _k_eq_p0 |   1.472102    .103296    14.25   0.000     1.269619    1.674586
    _k_eq_p1 |   1.345638   .1056954    12.73   0.000      1.13845    1.552825
    _k_eq_p2 |   1.437454   .1094489    13.13   0.000     1.222909    1.651998
    _k_eq_p3 |   1.472024   .1142907    12.88   0.000     1.247988     1.69606
    _k_eq_p4 |   1.540043   .1192755    12.91   0.000     1.306236    1.773851
    _k_eq_p5 |   1.635957   .1265559    12.93   0.000     1.387879    1.884036
    _k_eq_p6 |   1.618282   .1129949    14.32   0.000     1.396786    1.839778
             |
           t |
          7  |   .1581147   .0471368     3.35   0.001     .0657157    .2505137
          8  |   .4210278   .0472991     8.90   0.000     .3283108    .5137448
          9  |    .579209   .0476609    12.15   0.000     .4857828    .6726352
         10  |   .7961297    .048064    16.56   0.000     .7019134    .8903461
         11  |   .9095223   .0484109    18.79   0.000      .814626    1.004419
         12  |    1.06481   .0487104    21.86   0.000     .9693266    1.160294
         13  |   1.277068   .0491077    26.01   0.000     1.180805     1.37333
         14  |   1.419417   .0495981    28.62   0.000     1.322193    1.516641
         15  |   1.661983   .0500561    33.20   0.000     1.563862    1.760105
             |
       _cons |   1.242204   .0383104    32.42   0.000     1.167106    1.317301
------------------------------------------------------------------------------
F test of absorbed indicators: F(999, 8979) = 12.961          Prob > F = 0.000

. 
. 
. /* Must fail
> xtevent y eta, policyvar(z) panelvar(z) window(5) 
> xtevent y eta, policyvar(z) timevar(z) window(5) 
> */
. 
. * Testing noci, nosupt, nozeroline, nominus1label
. xtevent y , policyvar(z) timevar(t) window(5)

Using options panelvar and timevar from xtset

No proxy or instruments provided. Implementing OLS estimator
(0 differences between z and zn)

Linear regression, absorbing indicators         Number of obs     =     10,000
Absorbed variable: i                            No. of categories =      1,000
                                                F(  21,   8979)   =     215.15
                                                Prob > F          =     0.0000
                                                R-squared         =     0.7256
                                                Adj R-squared     =     0.6944
                                                Root MSE          =     1.0493

------------------------------------------------------------------------------
           y |      Coef.   Std. Err.      t    P>|t|     [95% Conf. Interval]
-------------+----------------------------------------------------------------
    _k_eq_m6 |  -.5434296   .1176844    -4.62   0.000     -.774118   -.3127413
    _k_eq_m5 |  -.4921678   .1325328    -3.71   0.000    -.7519624   -.2323732
    _k_eq_m4 |  -.2587117   .1234276    -2.10   0.036     -.500658   -.0167655
    _k_eq_m3 |  -.2884085   .1174086    -2.46   0.014    -.5185562   -.0582608
    _k_eq_m2 |   -.153498   .1108932    -1.38   0.166     -.370874    .0638781
    _k_eq_p0 |   1.472102    .103296    14.25   0.000     1.269619    1.674586
    _k_eq_p1 |   1.345638   .1056954    12.73   0.000      1.13845    1.552825
    _k_eq_p2 |   1.437454   .1094489    13.13   0.000     1.222909    1.651998
    _k_eq_p3 |   1.472024   .1142907    12.88   0.000     1.247988     1.69606
    _k_eq_p4 |   1.540043   .1192755    12.91   0.000     1.306236    1.773851
    _k_eq_p5 |   1.635957   .1265559    12.93   0.000     1.387879    1.884036
    _k_eq_p6 |   1.618282   .1129949    14.32   0.000     1.396786    1.839778
             |
           t |
          7  |   .1581147   .0471368     3.35   0.001     .0657157    .2505137
          8  |   .4210278   .0472991     8.90   0.000     .3283108    .5137448
          9  |    .579209   .0476609    12.15   0.000     .4857828    .6726352
         10  |   .7961297    .048064    16.56   0.000     .7019134    .8903461
         11  |   .9095223   .0484109    18.79   0.000      .814626    1.004419
         12  |    1.06481   .0487104    21.86   0.000     .9693266    1.160294
         13  |   1.277068   .0491077    26.01   0.000     1.180805     1.37333
         14  |   1.419417   .0495981    28.62   0.000     1.322193    1.516641
         15  |   1.661983   .0500561    33.20   0.000     1.563862    1.760105
             |
       _cons |   1.242204   .0383104    32.42   0.000     1.167106    1.317301
------------------------------------------------------------------------------
F test of absorbed indicators: F(999, 8979) = 12.961          Prob > F = 0.000

. xteventplot, noci

option noci has been specified. Confidence intervals won't be displayed

. xtevent y , policyvar(z) timevar(t) window(5)

Using options panelvar and timevar from xtset

No proxy or instruments provided. Implementing OLS estimator
(0 differences between z and zn)

Linear regression, absorbing indicators         Number of obs     =     10,000
Absorbed variable: i                            No. of categories =      1,000
                                                F(  21,   8979)   =     215.15
                                                Prob > F          =     0.0000
                                                R-squared         =     0.7256
                                                Adj R-squared     =     0.6944
                                                Root MSE          =     1.0493

------------------------------------------------------------------------------
           y |      Coef.   Std. Err.      t    P>|t|     [95% Conf. Interval]
-------------+----------------------------------------------------------------
    _k_eq_m6 |  -.5434296   .1176844    -4.62   0.000     -.774118   -.3127413
    _k_eq_m5 |  -.4921678   .1325328    -3.71   0.000    -.7519624   -.2323732
    _k_eq_m4 |  -.2587117   .1234276    -2.10   0.036     -.500658   -.0167655
    _k_eq_m3 |  -.2884085   .1174086    -2.46   0.014    -.5185562   -.0582608
    _k_eq_m2 |   -.153498   .1108932    -1.38   0.166     -.370874    .0638781
    _k_eq_p0 |   1.472102    .103296    14.25   0.000     1.269619    1.674586
    _k_eq_p1 |   1.345638   .1056954    12.73   0.000      1.13845    1.552825
    _k_eq_p2 |   1.437454   .1094489    13.13   0.000     1.222909    1.651998
    _k_eq_p3 |   1.472024   .1142907    12.88   0.000     1.247988     1.69606
    _k_eq_p4 |   1.540043   .1192755    12.91   0.000     1.306236    1.773851
    _k_eq_p5 |   1.635957   .1265559    12.93   0.000     1.387879    1.884036
    _k_eq_p6 |   1.618282   .1129949    14.32   0.000     1.396786    1.839778
             |
           t |
          7  |   .1581147   .0471368     3.35   0.001     .0657157    .2505137
          8  |   .4210278   .0472991     8.90   0.000     .3283108    .5137448
          9  |    .579209   .0476609    12.15   0.000     .4857828    .6726352
         10  |   .7961297    .048064    16.56   0.000     .7019134    .8903461
         11  |   .9095223   .0484109    18.79   0.000      .814626    1.004419
         12  |    1.06481   .0487104    21.86   0.000     .9693266    1.160294
         13  |   1.277068   .0491077    26.01   0.000     1.180805     1.37333
         14  |   1.419417   .0495981    28.62   0.000     1.322193    1.516641
         15  |   1.661983   .0500561    33.20   0.000     1.563862    1.760105
             |
       _cons |   1.242204   .0383104    32.42   0.000     1.167106    1.317301
------------------------------------------------------------------------------
F test of absorbed indicators: F(999, 8979) = 12.961          Prob > F = 0.000

. xteventplot, nosupt

option nosupt has been specified. Sup-t confidence intervals won't be displayed or calculated

. xtevent y , policyvar(z) timevar(t) window(5)

Using options panelvar and timevar from xtset

No proxy or instruments provided. Implementing OLS estimator
(0 differences between z and zn)

Linear regression, absorbing indicators         Number of obs     =     10,000
Absorbed variable: i                            No. of categories =      1,000
                                                F(  21,   8979)   =     215.15
                                                Prob > F          =     0.0000
                                                R-squared         =     0.7256
                                                Adj R-squared     =     0.6944
                                                Root MSE          =     1.0493

------------------------------------------------------------------------------
           y |      Coef.   Std. Err.      t    P>|t|     [95% Conf. Interval]
-------------+----------------------------------------------------------------
    _k_eq_m6 |  -.5434296   .1176844    -4.62   0.000     -.774118   -.3127413
    _k_eq_m5 |  -.4921678   .1325328    -3.71   0.000    -.7519624   -.2323732
    _k_eq_m4 |  -.2587117   .1234276    -2.10   0.036     -.500658   -.0167655
    _k_eq_m3 |  -.2884085   .1174086    -2.46   0.014    -.5185562   -.0582608
    _k_eq_m2 |   -.153498   .1108932    -1.38   0.166     -.370874    .0638781
    _k_eq_p0 |   1.472102    .103296    14.25   0.000     1.269619    1.674586
    _k_eq_p1 |   1.345638   .1056954    12.73   0.000      1.13845    1.552825
    _k_eq_p2 |   1.437454   .1094489    13.13   0.000     1.222909    1.651998
    _k_eq_p3 |   1.472024   .1142907    12.88   0.000     1.247988     1.69606
    _k_eq_p4 |   1.540043   .1192755    12.91   0.000     1.306236    1.773851
    _k_eq_p5 |   1.635957   .1265559    12.93   0.000     1.387879    1.884036
    _k_eq_p6 |   1.618282   .1129949    14.32   0.000     1.396786    1.839778
             |
           t |
          7  |   .1581147   .0471368     3.35   0.001     .0657157    .2505137
          8  |   .4210278   .0472991     8.90   0.000     .3283108    .5137448
          9  |    .579209   .0476609    12.15   0.000     .4857828    .6726352
         10  |   .7961297    .048064    16.56   0.000     .7019134    .8903461
         11  |   .9095223   .0484109    18.79   0.000      .814626    1.004419
         12  |    1.06481   .0487104    21.86   0.000     .9693266    1.160294
         13  |   1.277068   .0491077    26.01   0.000     1.180805     1.37333
         14  |   1.419417   .0495981    28.62   0.000     1.322193    1.516641
         15  |   1.661983   .0500561    33.20   0.000     1.563862    1.760105
             |
       _cons |   1.242204   .0383104    32.42   0.000     1.167106    1.317301
------------------------------------------------------------------------------
F test of absorbed indicators: F(999, 8979) = 12.961          Prob > F = 0.000

. xteventplot, nozeroline

option nozeroline has been specified. The reference line at 0 won't be displayed

. xtevent y , policyvar(z) timevar(t) window(5)

Using options panelvar and timevar from xtset

No proxy or instruments provided. Implementing OLS estimator
(0 differences between z and zn)

Linear regression, absorbing indicators         Number of obs     =     10,000
Absorbed variable: i                            No. of categories =      1,000
                                                F(  21,   8979)   =     215.15
                                                Prob > F          =     0.0000
                                                R-squared         =     0.7256
                                                Adj R-squared     =     0.6944
                                                Root MSE          =     1.0493

------------------------------------------------------------------------------
           y |      Coef.   Std. Err.      t    P>|t|     [95% Conf. Interval]
-------------+----------------------------------------------------------------
    _k_eq_m6 |  -.5434296   .1176844    -4.62   0.000     -.774118   -.3127413
    _k_eq_m5 |  -.4921678   .1325328    -3.71   0.000    -.7519624   -.2323732
    _k_eq_m4 |  -.2587117   .1234276    -2.10   0.036     -.500658   -.0167655
    _k_eq_m3 |  -.2884085   .1174086    -2.46   0.014    -.5185562   -.0582608
    _k_eq_m2 |   -.153498   .1108932    -1.38   0.166     -.370874    .0638781
    _k_eq_p0 |   1.472102    .103296    14.25   0.000     1.269619    1.674586
    _k_eq_p1 |   1.345638   .1056954    12.73   0.000      1.13845    1.552825
    _k_eq_p2 |   1.437454   .1094489    13.13   0.000     1.222909    1.651998
    _k_eq_p3 |   1.472024   .1142907    12.88   0.000     1.247988     1.69606
    _k_eq_p4 |   1.540043   .1192755    12.91   0.000     1.306236    1.773851
    _k_eq_p5 |   1.635957   .1265559    12.93   0.000     1.387879    1.884036
    _k_eq_p6 |   1.618282   .1129949    14.32   0.000     1.396786    1.839778
             |
           t |
          7  |   .1581147   .0471368     3.35   0.001     .0657157    .2505137
          8  |   .4210278   .0472991     8.90   0.000     .3283108    .5137448
          9  |    .579209   .0476609    12.15   0.000     .4857828    .6726352
         10  |   .7961297    .048064    16.56   0.000     .7019134    .8903461
         11  |   .9095223   .0484109    18.79   0.000      .814626    1.004419
         12  |    1.06481   .0487104    21.86   0.000     .9693266    1.160294
         13  |   1.277068   .0491077    26.01   0.000     1.180805     1.37333
         14  |   1.419417   .0495981    28.62   0.000     1.322193    1.516641
         15  |   1.661983   .0500561    33.20   0.000     1.563862    1.760105
             |
       _cons |   1.242204   .0383104    32.42   0.000     1.167106    1.317301
------------------------------------------------------------------------------
F test of absorbed indicators: F(999, 8979) = 12.961          Prob > F = 0.000

. xteventplot, nominus1label

{option bf:nominus1label} has been specified. The label for the value of the depedent variable at event-time = -1 w
> on't be displayed

. 
. 
. 
. * Test if/in
. xtevent y if i<100, panelvar(i) timevar(t) policyvar(z) window(5) plot

No proxy or instruments provided. Implementing OLS estimator
(0 differences between z and zn)

Linear regression, absorbing indicators         Number of obs     =        990
Absorbed variable: i                            No. of categories =         99
                                                F(  21,    870)   =      18.55
                                                Prob > F          =     0.0000
                                                R-squared         =     0.7324
                                                Adj R-squared     =     0.6958
                                                Root MSE          =     1.1147

------------------------------------------------------------------------------
           y |      Coef.   Std. Err.      t    P>|t|     [95% Conf. Interval]
-------------+----------------------------------------------------------------
    _k_eq_m6 |  -1.400164   .4143132    -3.38   0.001    -2.213334   -.5869939
    _k_eq_m5 |  -.7387071   .4302159    -1.72   0.086    -1.583089    .1056752
    _k_eq_m4 |  -.6540106   .4041424    -1.62   0.106    -1.447219    .1391975
    _k_eq_m3 |   -.519505   .4059912    -1.28   0.201    -1.316342    .2773316
    _k_eq_m2 |  -.8135959   .3689186    -2.21   0.028     -1.53767   -.0895214
    _k_eq_p0 |   .8399003    .336656     2.49   0.013     .1791475    1.500653
    _k_eq_p1 |   1.212455   .3472955     3.49   0.001     .5308205     1.89409
    _k_eq_p2 |   1.179626   .3578039     3.30   0.001      .477366    1.881885
    _k_eq_p3 |    1.37705   .3647279     3.78   0.000     .6612006    2.092899
    _k_eq_p4 |   1.338898   .3739124     3.58   0.000     .6050219    2.072774
    _k_eq_p5 |   1.110451   .4195742     2.65   0.008     .2869554    1.933947
    _k_eq_p6 |     1.5384   .3611363     4.26   0.000     .8295995      2.2472
             |
           t |
          7  |    .314619   .1601219     1.96   0.050     .0003486    .6288894
          8  |   .4529698   .1611582     2.81   0.005     .1366655    .7692741
          9  |   .5942739   .1611391     3.69   0.000     .2780072    .9105407
         10  |   .9276393   .1624107     5.71   0.000     .6088767    1.246402
         11  |   .9973442    .164196     6.07   0.000     .6750776    1.319611
         12  |   .9059351   .1656761     5.47   0.000     .5807635    1.231107
         13  |   1.161076    .166906     6.96   0.000     .8334909    1.488662
         14  |   1.417426   .1684998     8.41   0.000     1.086712     1.74814
         15  |   1.576975   .1695532     9.30   0.000     1.244194    1.909756
             |
       _cons |   1.177208   .1269096     9.28   0.000     .9281234    1.426293
------------------------------------------------------------------------------
F test of absorbed indicators: F(98, 870) = 13.121            Prob > F = 0.000

. xtevent y in 1/600 , panelvar(i) timevar(t) policyvar(z) window(5) plot

No proxy or instruments provided. Implementing OLS estimator
(0 differences between z and zn)

Linear regression, absorbing indicators         Number of obs     =        600
Absorbed variable: i                            No. of categories =         60
                                                F(  21,    519)   =      10.21
                                                Prob > F          =     0.0000
                                                R-squared         =     0.6845
                                                Adj R-squared     =     0.6359
                                                Root MSE          =     1.0968

------------------------------------------------------------------------------
           y |      Coef.   Std. Err.      t    P>|t|     [95% Conf. Interval]
-------------+----------------------------------------------------------------
    _k_eq_m6 |  -.7154491   .5322868    -1.34   0.180    -1.761151    .3302524
    _k_eq_m5 |  -.0225867   .5409025    -0.04   0.967    -1.085214    1.040041
    _k_eq_m4 |  -.8007716   .5168395    -1.55   0.122    -1.816126     .214583
    _k_eq_m3 |  -.2118287   .5215391    -0.41   0.685    -1.236416    .8127586
    _k_eq_m2 |  -.7905444   .4797428    -1.65   0.100    -1.733021    .1519321
    _k_eq_p0 |   1.148017    .454435     2.53   0.012     .2552593    2.040775
    _k_eq_p1 |   1.539209   .4836913     3.18   0.002     .5889756    2.489443
    _k_eq_p2 |   1.431817    .497632     2.88   0.004     .4541964    2.409438
    _k_eq_p3 |   1.746169   .4971943     3.51   0.000      .769408    2.722929
    _k_eq_p4 |   .6348205   .5038994     1.26   0.208    -.3551127    1.624754
    _k_eq_p5 |   1.082066   .6189838     1.75   0.081    -.1339555    2.298088
    _k_eq_p6 |   1.450278   .5271759     2.75   0.006     .4146171    2.485939
             |
           t |
          7  |   .3075805   .2040338     1.51   0.132    -.0932532    .7084141
          8  |   .4158286   .2052995     2.03   0.043     .0125084    .8191487
          9  |   .5932572   .2032635     2.92   0.004     .1939369    .9925776
         10  |   .9793476   .2043252     4.79   0.000     .5779414    1.380754
         11  |   1.019081   .2075777     4.91   0.000     .6112853    1.426877
         12  |   .9599225   .2091961     4.59   0.000     .5489473    1.370898
         13  |   1.185113   .2098171     5.65   0.000     .7729174    1.597308
         14  |   1.276399   .2111927     6.04   0.000     .8615018    1.691297
         15  |   1.579008   .2124423     7.43   0.000     1.161655     1.99636
             |
       _cons |   .7187049   .1569554     4.58   0.000      .410359    1.027051
------------------------------------------------------------------------------
F test of absorbed indicators: F(59, 519) = 11.332            Prob > F = 0.000

. xtevent y in 1/600 if i<30 , panelvar(i) timevar(t) policyvar(z) window(5) plot

No proxy or instruments provided. Implementing OLS estimator
(0 differences between z and zn)

Linear regression, absorbing indicators         Number of obs     =        290
Absorbed variable: i                            No. of categories =         29
                                                F(  21,    240)   =       5.62
                                                Prob > F          =     0.0000
                                                R-squared         =     0.7292
                                                Adj R-squared     =     0.6739
                                                Root MSE          =     1.0166

------------------------------------------------------------------------------
           y |      Coef.   Std. Err.      t    P>|t|     [95% Conf. Interval]
-------------+----------------------------------------------------------------
    _k_eq_m6 |  -2.276846   .8301811    -2.74   0.007    -3.912218   -.6414739
    _k_eq_m5 |  -1.064403   .6914699    -1.54   0.125    -2.426528    .2977218
    _k_eq_m4 |  -1.441144   .6830158    -2.11   0.036    -2.786615   -.0956729
    _k_eq_m3 |   -1.35023   .6982399    -1.93   0.054    -2.725692    .0252307
    _k_eq_m2 |  -1.298649   .6424525    -2.02   0.044    -2.564215   -.0330832
    _k_eq_p0 |   -.718177   .6073365    -1.18   0.238    -1.914568    .4782137
    _k_eq_p1 |   .4674018   .6095421     0.77   0.444    -.7333336    1.668137
    _k_eq_p2 |   .1891014   .6335263     0.30   0.766    -1.058881    1.437083
    _k_eq_p3 |   .6938237   .6403731     1.08   0.280    -.5676457    1.955293
    _k_eq_p4 |   -.923015   .6471762    -1.43   0.155    -2.197886    .3518558
    _k_eq_p5 |  -.4483784    .886718    -0.51   0.614    -2.195122    1.298365
    _k_eq_p6 |  -.8194017   .6954561    -1.18   0.240    -2.189379    .5505757
             |
           t |
          7  |   .4132109   .2792271     1.48   0.140    -.1368379    .9632597
          8  |   .4180467   .2801746     1.49   0.137    -.1338687    .9699621
          9  |   .4915661   .2742907     1.79   0.074    -.0487585    1.031891
         10  |   .5959957   .2787286     2.14   0.034     .0469289    1.145063
         11  |   .9626673   .2814582     3.42   0.001     .4082234    1.517111
         12  |   .9479653   .2817538     3.36   0.001     .3929391    1.502992
         13  |   1.303631   .2849295     4.58   0.000     .7423492    1.864913
         14  |    1.40509   .2864482     4.91   0.000     .8408165    1.969364
         15  |   1.678798   .2865172     5.86   0.000     1.114389    2.243208
             |
       _cons |   .9807836    .213286     4.60   0.000     .5606319    1.400935
------------------------------------------------------------------------------
F test of absorbed indicators: F(28, 240) = 12.746            Prob > F = 0.000

. 
. * Test nofe, note
. xtevent y , panelvar(i) timevar(t) policyvar(z) window(5) nofe plot

No proxy or instruments provided. Implementing OLS estimator
(0 differences between z and zn)

      Source |       SS           df       MS      Number of obs   =    10,000
-------------+----------------------------------   F(21, 9978)     =    233.94
       Model |  11885.7656        21  565.988836   Prob > F        =    0.0000
    Residual |  24140.8971     9,978  2.41941242   R-squared       =    0.3299
-------------+----------------------------------   Adj R-squared   =    0.3285
       Total |  36026.6626     9,999  3.60302657   Root MSE        =    1.5554

------------------------------------------------------------------------------
           y |      Coef.   Std. Err.      t    P>|t|     [95% Conf. Interval]
-------------+----------------------------------------------------------------
    _k_eq_m6 |   .8220329   .1149185     7.15   0.000     .5967694    1.047296
    _k_eq_m5 |    .752942    .155148     4.85   0.000     .4488205    1.057063
    _k_eq_m4 |   1.027474   .1408748     7.29   0.000     .7513313    1.303617
    _k_eq_m3 |   .9146649   .1312473     6.97   0.000     .6573936    1.171936
    _k_eq_m2 |   1.016963   .1201929     8.46   0.000     .7813603    1.252565
    _k_eq_p0 |   2.582867   .1029085    25.10   0.000     2.381146    2.784589
    _k_eq_p1 |    2.43375   .1068337    22.78   0.000     2.224334    2.643165
    _k_eq_p2 |   2.504656   .1123737    22.29   0.000     2.284381    2.724931
    _k_eq_p3 |   2.478783   .1195432    20.74   0.000     2.244454    2.713112
    _k_eq_p4 |   2.513913   .1266745    19.85   0.000     2.265606    2.762221
    _k_eq_p5 |   2.635329   .1372461    19.20   0.000     2.366299    2.904359
    _k_eq_p6 |    2.55498   .0922637    27.69   0.000     2.374124    2.735835
             |
           t |
          7  |   .1757259    .069836     2.52   0.012     .0388333    .3126186
          8  |   .4357627   .0699734     6.23   0.000     .2986007    .5729246
          9  |   .6062924   .0703025     8.62   0.000     .4684853    .7440995
         10  |   .8330283   .0706081    11.80   0.000     .6946222    .9714343
         11  |   .9469162   .0708015    13.37   0.000     .8081309    1.085701
         12  |   1.115592    .070821    15.75   0.000     .9767689    1.254416
         13  |   1.330716   .0710105    18.74   0.000     1.191521    1.469911
         14  |    1.47394   .0713193    20.67   0.000     1.334139     1.61374
         15  |   1.701114   .0715864    23.76   0.000     1.560791    1.841438
             |
       _cons |   .9693065   .0508117    19.08   0.000     .8697054    1.068908
------------------------------------------------------------------------------

. xtevent y , panelvar(i) timevar(t) policyvar(z) window(5) nofe note plot

No proxy or instruments provided. Implementing OLS estimator
(0 differences between z and zn)

      Source |       SS           df       MS      Number of obs   =    10,000
-------------+----------------------------------   F(12, 9987)     =    292.45
       Model |  9367.87731        12  780.656442   Prob > F        =    0.0000
    Residual |  26658.7853     9,987  2.66934869   R-squared       =    0.2600
-------------+----------------------------------   Adj R-squared   =    0.2591
       Total |  36026.6626     9,999  3.60302657   Root MSE        =    1.6338

------------------------------------------------------------------------------
           y |      Coef.   Std. Err.      t    P>|t|     [95% Conf. Interval]
-------------+----------------------------------------------------------------
    _k_eq_m6 |   .1546202   .1181526     1.31   0.191    -.0769828    .3862231
    _k_eq_m5 |   .2845927   .1620399     1.76   0.079    -.0330381    .6022235
    _k_eq_m4 |   .6471568   .1472946     4.39   0.000     .3584297    .9358839
    _k_eq_m3 |   .6347826   .1373974     4.62   0.000     .3654559    .9041093
    _k_eq_m2 |   .8003845    .125938     6.36   0.000     .5535206    1.047248
    _k_eq_p0 |   2.480744   .1079431    22.98   0.000     2.269154    2.692334
    _k_eq_p1 |   2.442745   .1119362    21.82   0.000     2.223328    2.662163
    _k_eq_p2 |   2.628081    .117569    22.35   0.000     2.397622     2.85854
    _k_eq_p3 |   2.682989   .1248773    21.49   0.000     2.438204    2.927773
    _k_eq_p4 |   2.830613   .1321065    21.43   0.000     2.571657    3.089568
    _k_eq_p5 |   3.026743   .1428678    21.19   0.000     2.746693    3.306793
    _k_eq_p6 |   3.168359   .0941763    33.64   0.000     2.983754    3.352964
       _cons |   1.828481   .0184638    99.03   0.000     1.792288    1.864673
------------------------------------------------------------------------------

. 
. * Test smoothest line
. xtevent y , panelvar(i) timevar(t) policyvar(z) window(5) 

No proxy or instruments provided. Implementing OLS estimator
(0 differences between z and zn)

Linear regression, absorbing indicators         Number of obs     =     10,000
Absorbed variable: i                            No. of categories =      1,000
                                                F(  21,   8979)   =     215.15
                                                Prob > F          =     0.0000
                                                R-squared         =     0.7256
                                                Adj R-squared     =     0.6944
                                                Root MSE          =     1.0493

------------------------------------------------------------------------------
           y |      Coef.   Std. Err.      t    P>|t|     [95% Conf. Interval]
-------------+----------------------------------------------------------------
    _k_eq_m6 |  -.5434296   .1176844    -4.62   0.000     -.774118   -.3127413
    _k_eq_m5 |  -.4921678   .1325328    -3.71   0.000    -.7519624   -.2323732
    _k_eq_m4 |  -.2587117   .1234276    -2.10   0.036     -.500658   -.0167655
    _k_eq_m3 |  -.2884085   .1174086    -2.46   0.014    -.5185562   -.0582608
    _k_eq_m2 |   -.153498   .1108932    -1.38   0.166     -.370874    .0638781
    _k_eq_p0 |   1.472102    .103296    14.25   0.000     1.269619    1.674586
    _k_eq_p1 |   1.345638   .1056954    12.73   0.000      1.13845    1.552825
    _k_eq_p2 |   1.437454   .1094489    13.13   0.000     1.222909    1.651998
    _k_eq_p3 |   1.472024   .1142907    12.88   0.000     1.247988     1.69606
    _k_eq_p4 |   1.540043   .1192755    12.91   0.000     1.306236    1.773851
    _k_eq_p5 |   1.635957   .1265559    12.93   0.000     1.387879    1.884036
    _k_eq_p6 |   1.618282   .1129949    14.32   0.000     1.396786    1.839778
             |
           t |
          7  |   .1581147   .0471368     3.35   0.001     .0657157    .2505137
          8  |   .4210278   .0472991     8.90   0.000     .3283108    .5137448
          9  |    .579209   .0476609    12.15   0.000     .4857828    .6726352
         10  |   .7961297    .048064    16.56   0.000     .7019134    .8903461
         11  |   .9095223   .0484109    18.79   0.000      .814626    1.004419
         12  |    1.06481   .0487104    21.86   0.000     .9693266    1.160294
         13  |   1.277068   .0491077    26.01   0.000     1.180805     1.37333
         14  |   1.419417   .0495981    28.62   0.000     1.322193    1.516641
         15  |   1.661983   .0500561    33.20   0.000     1.563862    1.760105
             |
       _cons |   1.242204   .0383104    32.42   0.000     1.167106    1.317301
------------------------------------------------------------------------------
F test of absorbed indicators: F(999, 8979) = 12.961          Prob > F = 0.000

. xteventplot, smpath(scatter)

Note: Smoothest line drawn for system confidence level = 95

Could not find a polynomial with order<=maxorder through the Wald confidence region.

. xteventplot, smpath(line)

Note: Smoothest line drawn for system confidence level = 95

Could not find a polynomial with order<=maxorder through the Wald confidence region.

. xteventplot, smpath(line, maxorder(25))

Note: Smoothest line drawn for system confidence level = 95

Could not find a polynomial with order<=maxorder through the Wald confidence region.

. xteventplot, smpath(line, maxorder(30))

Note: Smoothest line drawn for system confidence level = 95
Warning: Smoothest path optimization found a flat region.

. xteventplot, smpath(line, technique("nr 10 bfgs 10"))

Note: Smoothest line drawn for system confidence level = 95

Could not find a polynomial with order<=maxorder through the Wald confidence region.

. 
. 
. * Test more suptreps
. 
. cap graph drop g1

. cap graph drop g2

. 
. xtevent y, panelvar(i) timevar(t) policyvar(z) window(3) 

No proxy or instruments provided. Implementing OLS estimator
(0 differences between z and zn)

Linear regression, absorbing indicators         Number of obs     =     10,000
Absorbed variable: i                            No. of categories =      1,000
                                                F(  17,   8983)   =     265.34
                                                Prob > F          =     0.0000
                                                R-squared         =     0.7254
                                                Adj R-squared     =     0.6944
                                                Root MSE          =     1.0494

------------------------------------------------------------------------------
           y |      Coef.   Std. Err.      t    P>|t|     [95% Conf. Interval]
-------------+----------------------------------------------------------------
    _k_eq_m4 |  -.4291568   .0980474    -4.38   0.000     -.621352   -.2369615
    _k_eq_m3 |  -.2837252   .1173757    -2.42   0.016    -.5138084    -.053642
    _k_eq_m2 |   -.151433    .110895    -1.37   0.172    -.3688124    .0659465
    _k_eq_p0 |   1.468988   .1032514    14.23   0.000     1.266592    1.671385
    _k_eq_p1 |   1.338328   .1056014    12.67   0.000     1.131326    1.545331
    _k_eq_p2 |   1.426245   .1092749    13.05   0.000     1.212041    1.640448
    _k_eq_p3 |   1.456901   .1140253    12.78   0.000     1.233386    1.680417
    _k_eq_p4 |   1.583964   .0991497    15.98   0.000     1.389607     1.77832
             |
           t |
          7  |    .160962   .0471248     3.42   0.001     .0685867    .2533372
          8  |   .4259007   .0472187     9.02   0.000     .3333413    .5184601
          9  |   .5877329   .0474529    12.39   0.000     .4947143    .6807515
         10  |   .8041089   .0476787    16.87   0.000     .7106478      .89757
         11  |   .9215889   .0480579    19.18   0.000     .8273844    1.015793
         12  |   1.073578   .0485232    22.13   0.000     .9784616    1.168695
         13  |   1.287496   .0488549    26.35   0.000     1.191729    1.383263
         14  |   1.430235   .0492394    29.05   0.000     1.333715    1.526755
         15  |   1.673523   .0496109    33.73   0.000     1.576274    1.770772
             |
       _cons |   1.235359   .0381639    32.37   0.000     1.160549    1.310169
------------------------------------------------------------------------------
F test of absorbed indicators: F(999, 8983) = 12.957          Prob > F = 0.000

. xteventplot, suptreps(20) name(g1)

. xteventplot, suptreps(1e6) name(g2)

. 
. graph combine g1 g2, rows(1)

. 
. graph drop g1

. graph drop g2

. 
. * Test savek
. xtevent y, panelvar(i) timevar(t) policyvar(z) window(5) savek(a)

No proxy or instruments provided. Implementing OLS estimator
(0 differences between z and zn)

Linear regression, absorbing indicators         Number of obs     =     10,000
Absorbed variable: i                            No. of categories =      1,000
                                                F(  21,   8979)   =     215.15
                                                Prob > F          =     0.0000
                                                R-squared         =     0.7256
                                                Adj R-squared     =     0.6944
                                                Root MSE          =     1.0493

------------------------------------------------------------------------------
           y |      Coef.   Std. Err.      t    P>|t|     [95% Conf. Interval]
-------------+----------------------------------------------------------------
    _k_eq_m6 |  -.5434296   .1176844    -4.62   0.000     -.774118   -.3127413
    _k_eq_m5 |  -.4921678   .1325328    -3.71   0.000    -.7519624   -.2323732
    _k_eq_m4 |  -.2587117   .1234276    -2.10   0.036     -.500658   -.0167655
    _k_eq_m3 |  -.2884085   .1174086    -2.46   0.014    -.5185562   -.0582608
    _k_eq_m2 |   -.153498   .1108932    -1.38   0.166     -.370874    .0638781
    _k_eq_p0 |   1.472102    .103296    14.25   0.000     1.269619    1.674586
    _k_eq_p1 |   1.345638   .1056954    12.73   0.000      1.13845    1.552825
    _k_eq_p2 |   1.437454   .1094489    13.13   0.000     1.222909    1.651998
    _k_eq_p3 |   1.472024   .1142907    12.88   0.000     1.247988     1.69606
    _k_eq_p4 |   1.540043   .1192755    12.91   0.000     1.306236    1.773851
    _k_eq_p5 |   1.635957   .1265559    12.93   0.000     1.387879    1.884036
    _k_eq_p6 |   1.618282   .1129949    14.32   0.000     1.396786    1.839778
             |
           t |
          7  |   .1581147   .0471368     3.35   0.001     .0657157    .2505137
          8  |   .4210278   .0472991     8.90   0.000     .3283108    .5137448
          9  |    .579209   .0476609    12.15   0.000     .4857828    .6726352
         10  |   .7961297    .048064    16.56   0.000     .7019134    .8903461
         11  |   .9095223   .0484109    18.79   0.000      .814626    1.004419
         12  |    1.06481   .0487104    21.86   0.000     .9693266    1.160294
         13  |   1.277068   .0491077    26.01   0.000     1.180805     1.37333
         14  |   1.419417   .0495981    28.62   0.000     1.322193    1.516641
         15  |   1.661983   .0500561    33.20   0.000     1.563862    1.760105
             |
       _cons |   1.242204   .0383104    32.42   0.000     1.167106    1.317301
------------------------------------------------------------------------------
F test of absorbed indicators: F(999, 8979) = 12.961          Prob > F = 0.000

. des a_eq*, s

              storage   display    value
variable name   type    format     label      variable label
-------------------------------------------------------------------------------------------------------------------
a_eq_m6         float   %9.0g                 Event time <= - 6
a_eq_m5         float   %9.0g                 Event-time = - 5
a_eq_m4         float   %9.0g                 Event-time = - 4
a_eq_m3         float   %9.0g                 Event-time = - 3
a_eq_m2         float   %9.0g                 Event-time = - 2
a_eq_m1         float   %9.0g                 Event-time = - 1
a_eq_p0         float   %9.0g                 Event-time = + 0
a_eq_p1         float   %9.0g                 Event-time = + 1
a_eq_p2         float   %9.0g                 Event-time = + 2
a_eq_p3         float   %9.0g                 Event-time = + 3
a_eq_p4         float   %9.0g                 Event-time = + 4
a_eq_p5         float   %9.0g                 Event-time = + 5
a_eq_p6         float   %9.0g                 Event time >= + 6

. des a_evtime, s

              storage   display    value
variable name   type    format     label      variable label
-------------------------------------------------------------------------------------------------------------------
a_evtime        float   %9.0g                 

. drop a*

. 
. * Test factor variables in varlist
. cap gen pois=rpoisson(5)

. xtevent y i.pois, panelvar(i) timevar(t) policyvar(z) window(5) plot

No proxy or instruments provided. Implementing OLS estimator
(0 differences between z and zn)

Linear regression, absorbing indicators         Number of obs     =     10,000
Absorbed variable: i                            No. of categories =      1,000
                                                F(  37,   8963)   =     122.55
                                                Prob > F          =     0.0000
                                                R-squared         =     0.7261
                                                Adj R-squared     =     0.6944
                                                Root MSE          =     1.0493

------------------------------------------------------------------------------
           y |      Coef.   Std. Err.      t    P>|t|     [95% Conf. Interval]
-------------+----------------------------------------------------------------
        pois |
          1  |   .1664556   .1344975     1.24   0.216    -.0971903    .4301016
          2  |   .1852177   .1257469     1.47   0.141    -.0612749    .4317103
          3  |   .1139524   .1227684     0.93   0.353    -.1267019    .3546066
          4  |   .0931021   .1224173     0.76   0.447    -.1468637     .333068
          5  |   .0865367   .1225661     0.71   0.480    -.1537209    .3267943
          6  |    .124639   .1230942     1.01   0.311    -.1166537    .3659317
          7  |   .0642595   .1243703     0.52   0.605    -.1795347    .3080536
          8  |   .1214872   .1271003     0.96   0.339    -.1276585    .3706329
          9  |    .056616   .1323949     0.43   0.669    -.2029083    .3161402
         10  |   .0485628    .147481     0.33   0.742    -.2405337    .3376592
         11  |   .3598357   .1745553     2.06   0.039     .0176674    .7020039
         12  |   .0818516   .2244765     0.36   0.715    -.3581736    .5218768
         13  |   .2674262   .3296284     0.81   0.417    -.3787208    .9135733
         14  |   .4564435   .4680174     0.98   0.329    -.4609777    1.373865
         16  |   .1731841   1.113106     0.16   0.876    -2.008758    2.355126
         17  |  -1.153233    1.11638    -1.03   0.302    -3.341593    1.035127
             |
    _k_eq_m6 |  -.5459143   .1178055    -4.63   0.000    -.7768399   -.3149886
    _k_eq_m5 |  -.4992954   .1326203    -3.76   0.000    -.7592615   -.2393293
    _k_eq_m4 |  -.2627957   .1235042    -2.13   0.033    -.5048923   -.0206991
    _k_eq_m3 |  -.2939503   .1175288    -2.50   0.012    -.5243336   -.0635669
    _k_eq_m2 |  -.1579716   .1109228    -1.42   0.154    -.3754057    .0594624
    _k_eq_p0 |   1.463955   .1034074    14.16   0.000     1.261253    1.666657
    _k_eq_p1 |   1.341783   .1058112    12.68   0.000     1.134369    1.549197
    _k_eq_p2 |   1.426029   .1095855    13.01   0.000     1.211217    1.640842
    _k_eq_p3 |   1.470859   .1145591    12.84   0.000     1.246297    1.695422
    _k_eq_p4 |   1.531182   .1193958    12.82   0.000     1.297139    1.765225
    _k_eq_p5 |    1.63022   .1266301    12.87   0.000     1.381996    1.878444
    _k_eq_p6 |   1.611388   .1130962    14.25   0.000     1.389694    1.833083
             |
           t |
          7  |   .1585263   .0471918     3.36   0.001     .0660196    .2510331
          8  |   .4235904   .0473387     8.95   0.000     .3307957    .5163851
          9  |   .5808319   .0477162    12.17   0.000     .4872972    .6743665
         10  |   .7975039    .048085    16.59   0.000     .7032462    .8917615
         11  |   .9129207   .0484454    18.84   0.000     .8179567    1.007885
         12  |   1.068449   .0487444    21.92   0.000     .9728989    1.163999
         13  |   1.277874   .0491378    26.01   0.000     1.181553    1.374196
         14  |   1.421882   .0496513    28.64   0.000     1.324554     1.51921
         15  |   1.665721   .0500891    33.26   0.000     1.567535    1.763907
             |
       _cons |   1.133863   .1257026     9.02   0.000     .8874569    1.380269
------------------------------------------------------------------------------
F test of absorbed indicators: F(999, 8963) = 12.947          Prob > F = 0.000

. cap drop pois

. 
. * Test asymmetric window
. xtevent y , panelvar(i) timevar(t) policyvar(z) window(-4 2) plot

No proxy or instruments provided. Implementing OLS estimator
(0 differences between z and zn)

Linear regression, absorbing indicators         Number of obs     =     10,000
Absorbed variable: i                            No. of categories =      1,000
                                                F(  17,   8983)   =     265.65
                                                Prob > F          =     0.0000
                                                R-squared         =     0.7255
                                                Adj R-squared     =     0.6945
                                                Root MSE          =     1.0492

------------------------------------------------------------------------------
           y |      Coef.   Std. Err.      t    P>|t|     [95% Conf. Interval]
-------------+----------------------------------------------------------------
    _k_eq_m5 |  -.5163329   .1057978    -4.88   0.000    -.7237207    -.308945
    _k_eq_m4 |  -.2505813    .123301    -2.03   0.042    -.4922793   -.0088832
    _k_eq_m3 |  -.2824641   .1173249    -2.41   0.016    -.5124478   -.0524804
    _k_eq_m2 |  -.1508682   .1108673    -1.36   0.174    -.3681934    .0664571
    _k_eq_p0 |   1.466719    .103201    14.21   0.000     1.264422    1.669017
    _k_eq_p1 |   1.338748    .105556    12.68   0.000     1.131834    1.545662
    _k_eq_p2 |   1.428656   .1092366    13.08   0.000     1.214527    1.642784
    _k_eq_p3 |   1.554297   .0947487    16.40   0.000     1.368567    1.740026
             |
           t |
          7  |   .1586968   .0471275     3.37   0.001     .0663161    .2510775
          8  |   .4226141   .0472363     8.95   0.000     .3300201    .5152081
          9  |   .5772942   .0474674    12.16   0.000     .4842471    .6703412
         10  |    .796272   .0478141    16.65   0.000     .7025454    .8899986
         11  |   .9125673   .0482332    18.92   0.000     .8180192    1.007115
         12  |   1.069289   .0485669    22.02   0.000     .9740867    1.164491
         13  |   1.283511   .0488859    26.26   0.000     1.187683    1.379338
         14  |   1.426818   .0492429    28.98   0.000      1.33029    1.523345
         15  |    1.67116   .0495533    33.72   0.000     1.574024    1.768295
             |
       _cons |   1.240474   .0382343    32.44   0.000     1.165526    1.315422
------------------------------------------------------------------------------
F test of absorbed indicators: F(999, 8983) = 12.962          Prob > F = 0.000

. 
. * Test normalizations
. 
. xtevent y , panelvar(i) timevar(t) policyvar(z) window(5) norm(-1) plot

No proxy or instruments provided. Implementing OLS estimator
(0 differences between z and zn)

Linear regression, absorbing indicators         Number of obs     =     10,000
Absorbed variable: i                            No. of categories =      1,000
                                                F(  21,   8979)   =     215.15
                                                Prob > F          =     0.0000
                                                R-squared         =     0.7256
                                                Adj R-squared     =     0.6944
                                                Root MSE          =     1.0493

------------------------------------------------------------------------------
           y |      Coef.   Std. Err.      t    P>|t|     [95% Conf. Interval]
-------------+----------------------------------------------------------------
    _k_eq_m6 |  -.5434296   .1176844    -4.62   0.000     -.774118   -.3127413
    _k_eq_m5 |  -.4921678   .1325328    -3.71   0.000    -.7519624   -.2323732
    _k_eq_m4 |  -.2587117   .1234276    -2.10   0.036     -.500658   -.0167655
    _k_eq_m3 |  -.2884085   .1174086    -2.46   0.014    -.5185562   -.0582608
    _k_eq_m2 |   -.153498   .1108932    -1.38   0.166     -.370874    .0638781
    _k_eq_p0 |   1.472102    .103296    14.25   0.000     1.269619    1.674586
    _k_eq_p1 |   1.345638   .1056954    12.73   0.000      1.13845    1.552825
    _k_eq_p2 |   1.437454   .1094489    13.13   0.000     1.222909    1.651998
    _k_eq_p3 |   1.472024   .1142907    12.88   0.000     1.247988     1.69606
    _k_eq_p4 |   1.540043   .1192755    12.91   0.000     1.306236    1.773851
    _k_eq_p5 |   1.635957   .1265559    12.93   0.000     1.387879    1.884036
    _k_eq_p6 |   1.618282   .1129949    14.32   0.000     1.396786    1.839778
             |
           t |
          7  |   .1581147   .0471368     3.35   0.001     .0657157    .2505137
          8  |   .4210278   .0472991     8.90   0.000     .3283108    .5137448
          9  |    .579209   .0476609    12.15   0.000     .4857828    .6726352
         10  |   .7961297    .048064    16.56   0.000     .7019134    .8903461
         11  |   .9095223   .0484109    18.79   0.000      .814626    1.004419
         12  |    1.06481   .0487104    21.86   0.000     .9693266    1.160294
         13  |   1.277068   .0491077    26.01   0.000     1.180805     1.37333
         14  |   1.419417   .0495981    28.62   0.000     1.322193    1.516641
         15  |   1.661983   .0500561    33.20   0.000     1.563862    1.760105
             |
       _cons |   1.242204   .0383104    32.42   0.000     1.167106    1.317301
------------------------------------------------------------------------------
F test of absorbed indicators: F(999, 8979) = 12.961          Prob > F = 0.000

. xtevent y , panelvar(i) timevar(t) policyvar(z) window(5) norm(-2) plot

No proxy or instruments provided. Implementing OLS estimator
(0 differences between z and zn)

Linear regression, absorbing indicators         Number of obs     =     10,000
Absorbed variable: i                            No. of categories =      1,000
                                                F(  21,   8979)   =     215.15
                                                Prob > F          =     0.0000
                                                R-squared         =     0.7256
                                                Adj R-squared     =     0.6944
                                                Root MSE          =     1.0493

------------------------------------------------------------------------------
           y |      Coef.   Std. Err.      t    P>|t|     [95% Conf. Interval]
-------------+----------------------------------------------------------------
    _k_eq_m6 |  -.3899317   .1187259    -3.28   0.001    -.6226615   -.1572018
    _k_eq_m5 |  -.3386699   .1338382    -2.53   0.011    -.6010233   -.0763165
    _k_eq_m4 |  -.1052138   .1250241    -0.84   0.400    -.3502896    .1398621
    _k_eq_m3 |  -.1349105    .119301    -1.13   0.258    -.3687678    .0989467
    _k_eq_m1 |    .153498   .1108932     1.38   0.166    -.0638781     .370874
    _k_eq_p0 |     1.6256   .1069282    15.20   0.000     1.415997    1.835204
    _k_eq_p1 |   1.499136   .1096697    13.67   0.000     1.284158    1.714113
    _k_eq_p2 |   1.590951   .1134476    14.02   0.000     1.368568    1.813335
    _k_eq_p3 |   1.625522   .1184591    13.72   0.000     1.393315    1.857729
    _k_eq_p4 |   1.693541   .1236245    13.70   0.000     1.451209    1.935874
    _k_eq_p5 |   1.789455   .1308984    13.67   0.000     1.532864    2.046046
    _k_eq_p6 |    1.77178    .118826    14.91   0.000     1.538854    2.004706
             |
           t |
          7  |   .1581147   .0471368     3.35   0.001     .0657157    .2505137
          8  |   .4210278   .0472991     8.90   0.000     .3283108    .5137448
          9  |    .579209   .0476609    12.15   0.000     .4857828    .6726352
         10  |   .7961297    .048064    16.56   0.000     .7019134    .8903461
         11  |   .9095223   .0484109    18.79   0.000      .814626    1.004419
         12  |    1.06481   .0487104    21.86   0.000     .9693266    1.160294
         13  |   1.277068   .0491077    26.01   0.000     1.180805     1.37333
         14  |   1.419417   .0495981    28.62   0.000     1.322193    1.516641
         15  |   1.661983   .0500561    33.20   0.000     1.563862    1.760105
             |
       _cons |   1.205978    .038178    31.59   0.000      1.13114    1.280816
------------------------------------------------------------------------------
F test of absorbed indicators: F(999, 8979) = 12.900          Prob > F = 0.000

. xtevent y , panelvar(i) timevar(t) policyvar(z) window(5) norm(-6) plot

No proxy or instruments provided. Implementing OLS estimator
(0 differences between z and zn)

Linear regression, absorbing indicators         Number of obs     =     10,000
Absorbed variable: i                            No. of categories =      1,000
                                                F(  21,   8979)   =     215.15
                                                Prob > F          =     0.0000
                                                R-squared         =     0.7256
                                                Adj R-squared     =     0.6944
                                                Root MSE          =     1.0493

------------------------------------------------------------------------------
           y |      Coef.   Std. Err.      t    P>|t|     [95% Conf. Interval]
-------------+----------------------------------------------------------------
    _k_eq_m5 |   .0512618   .1310216     0.39   0.696    -.2055704    .3080939
    _k_eq_m4 |   .2847179   .1253259     2.27   0.023     .0390506    .5303853
    _k_eq_m3 |   .2550211   .1221212     2.09   0.037     .0156356    .4944066
    _k_eq_m2 |   .3899317   .1187259     3.28   0.001     .1572018    .6226615
    _k_eq_m1 |   .5434296   .1176844     4.62   0.000     .3127413     .774118
    _k_eq_p0 |   2.015532   .1153666    17.47   0.000     1.789387    2.241677
    _k_eq_p1 |   1.889067   .1203812    15.69   0.000     1.653093    2.125042
    _k_eq_p2 |   1.980883   .1264338    15.67   0.000     1.733044    2.228722
    _k_eq_p3 |   2.015453    .133142    15.14   0.000     1.754465    2.276442
    _k_eq_p4 |   2.083473    .139016    14.99   0.000      1.81097    2.355976
    _k_eq_p5 |   2.179387   .1460377    14.92   0.000     1.893119    2.465654
    _k_eq_p6 |   2.161712   .1350169    16.01   0.000     1.897048    2.426375
             |
           t |
          7  |   .1581147   .0471368     3.35   0.001     .0657157    .2505137
          8  |   .4210278   .0472991     8.90   0.000     .3283108    .5137448
          9  |    .579209   .0476609    12.15   0.000     .4857828    .6726352
         10  |   .7961297    .048064    16.56   0.000     .7019134    .8903461
         11  |   .9095223   .0484109    18.79   0.000      .814626    1.004419
         12  |    1.06481   .0487104    21.86   0.000     .9693266    1.160294
         13  |   1.277068   .0491077    26.01   0.000     1.180805     1.37333
         14  |   1.419417   .0495981    28.62   0.000     1.322193    1.516641
         15  |   1.661983   .0500561    33.20   0.000     1.563862    1.760105
             |
       _cons |   1.113954   .0362068    30.77   0.000     1.042981    1.184928
------------------------------------------------------------------------------
F test of absorbed indicators: F(999, 8979) = 12.854          Prob > F = 0.000

. * xtevent y eta, panelvar(i) timevar(t) policyvar(z) window(5) norm(-7) plot
. xtevent y , panelvar(i) timevar(t) policyvar(z) window(5) norm(1) plot 

No proxy or instruments provided. Implementing OLS estimator
(0 differences between z and zn)

Linear regression, absorbing indicators         Number of obs     =     10,000
Absorbed variable: i                            No. of categories =      1,000
                                                F(  21,   8979)   =     215.15
                                                Prob > F          =     0.0000
                                                R-squared         =     0.7256
                                                Adj R-squared     =     0.6944
                                                Root MSE          =     1.0493

------------------------------------------------------------------------------
           y |      Coef.   Std. Err.      t    P>|t|     [95% Conf. Interval]
-------------+----------------------------------------------------------------
    _k_eq_m6 |  -1.889067   .1203812   -15.69   0.000    -2.125042   -1.653093
    _k_eq_m5 |  -1.837805   .1332997   -13.79   0.000    -2.099103   -1.576508
    _k_eq_m4 |  -1.604349   .1235733   -12.98   0.000    -1.846581   -1.362118
    _k_eq_m3 |  -1.634046   .1169594   -13.97   0.000    -1.863313   -1.404779
    _k_eq_m2 |  -1.499136   .1096697   -13.67   0.000    -1.714113   -1.284158
    _k_eq_m1 |  -1.345638   .1056954   -12.73   0.000    -1.552825    -1.13845
    _k_eq_p0 |   .1264647   .0990901     1.28   0.202    -.0677746    .3207041
    _k_eq_p2 |   .0918159   .1036847     0.89   0.376    -.1114297    .2950615
    _k_eq_p3 |   .1263863   .1079272     1.17   0.242    -.0851757    .3379482
    _k_eq_p4 |   .1944059   .1125647     1.73   0.084    -.0262467    .4150585
    _k_eq_p5 |   .2903196   .1193609     2.43   0.015     .0563449    .5242943
    _k_eq_p6 |   .2726443   .1020367     2.67   0.008     .0726291    .4726596
             |
           t |
          7  |   .1581147   .0471368     3.35   0.001     .0657157    .2505137
          8  |   .4210278   .0472991     8.90   0.000     .3283108    .5137448
          9  |    .579209   .0476609    12.15   0.000     .4857828    .6726352
         10  |   .7961297    .048064    16.56   0.000     .7019134    .8903461
         11  |   .9095223   .0484109    18.79   0.000      .814626    1.004419
         12  |    1.06481   .0487104    21.86   0.000     .9693266    1.160294
         13  |   1.277068   .0491077    26.01   0.000     1.180805     1.37333
         14  |   1.419417   .0495981    28.62   0.000     1.322193    1.516641
         15  |   1.661983   .0500561    33.20   0.000     1.563862    1.760105
             |
       _cons |   1.559774   .0389495    40.05   0.000     1.483424    1.636124
------------------------------------------------------------------------------
F test of absorbed indicators: F(999, 8979) = 13.901          Prob > F = 0.000

. xtevent y , panelvar(i) timevar(t) policyvar(z) window(5) norm(5) plot 

No proxy or instruments provided. Implementing OLS estimator
(0 differences between z and zn)

Linear regression, absorbing indicators         Number of obs     =     10,000
Absorbed variable: i                            No. of categories =      1,000
                                                F(  21,   8979)   =     215.15
                                                Prob > F          =     0.0000
                                                R-squared         =     0.7256
                                                Adj R-squared     =     0.6944
                                                Root MSE          =     1.0493

------------------------------------------------------------------------------
           y |      Coef.   Std. Err.      t    P>|t|     [95% Conf. Interval]
-------------+----------------------------------------------------------------
    _k_eq_m6 |  -2.179387   .1460377   -14.92   0.000    -2.465654   -1.893119
    _k_eq_m5 |  -2.128125   .1561802   -13.63   0.000    -2.434274   -1.821976
    _k_eq_m4 |  -1.894669   .1459596   -12.98   0.000    -2.180783   -1.608555
    _k_eq_m3 |  -1.924366   .1388839   -13.86   0.000     -2.19661   -1.652122
    _k_eq_m2 |  -1.789455   .1308984   -13.67   0.000    -2.046046   -1.532864
    _k_eq_m1 |  -1.635957   .1265559   -12.93   0.000    -1.884036   -1.387879
    _k_eq_p0 |  -.1638548   .1188627    -1.38   0.168    -.3968529    .0691432
    _k_eq_p1 |  -.2903196   .1193609    -2.43   0.015    -.5242943   -.0563449
    _k_eq_p2 |  -.1985036    .120607    -1.65   0.100    -.4349208    .0379135
    _k_eq_p3 |  -.1639333   .1225743    -1.34   0.181    -.4042068    .0763402
    _k_eq_p4 |  -.0959137   .1251473    -0.77   0.443    -.3412309    .1494036
    _k_eq_p6 |  -.0176753   .1116775    -0.16   0.874    -.2365886    .2012381
             |
           t |
          7  |   .1581147   .0471368     3.35   0.001     .0657157    .2505137
          8  |   .4210278   .0472991     8.90   0.000     .3283108    .5137448
          9  |    .579209   .0476609    12.15   0.000     .4857828    .6726352
         10  |   .7961297    .048064    16.56   0.000     .7019134    .8903461
         11  |   .9095223   .0484109    18.79   0.000      .814626    1.004419
         12  |    1.06481   .0487104    21.86   0.000     .9693266    1.160294
         13  |   1.277068   .0491077    26.01   0.000     1.180805     1.37333
         14  |   1.419417   .0495981    28.62   0.000     1.322193    1.516641
         15  |   1.661983   .0500561    33.20   0.000     1.563862    1.760105
             |
       _cons |    1.62829   .0428913    37.96   0.000     1.544213    1.712366
------------------------------------------------------------------------------
F test of absorbed indicators: F(999, 8979) = 13.559          Prob > F = 0.000

. 
. graph drop _all

. 
. * Test exclusion of unbalanced units with ambiguous eventtime
. gen z2 = z

. replace z2 = . if i==1 & t==7 
(1 real change made, 1 to missing)

. xtevent y , policyvar(z2) window(5) 

Using options panelvar and timevar from xtset

No proxy or instruments provided. Implementing OLS estimator
(1 differences between z2 and zn)

Linear regression, absorbing indicators         Number of obs     =     10,000
Absorbed variable: i                            No. of categories =      1,000
                                                F(  21,   8979)   =     215.48
                                                Prob > F          =     0.0000
                                                R-squared         =     0.7257
                                                Adj R-squared     =     0.6946
                                                Root MSE          =     1.0490

------------------------------------------------------------------------------
           y |      Coef.   Std. Err.      t    P>|t|     [95% Conf. Interval]
-------------+----------------------------------------------------------------
    _k_eq_m6 |  -.5317859   .1177453    -4.52   0.000    -.7625936   -.3009782
    _k_eq_m5 |  -.4808844   .1325844    -3.63   0.000    -.7407801   -.2209886
    _k_eq_m4 |   -.247624   .1234915    -2.01   0.045    -.4896955   -.0055524
    _k_eq_m3 |  -.2773419   .1174837    -2.36   0.018    -.5076367   -.0470471
    _k_eq_m2 |    -.14219   .1109868    -1.28   0.200    -.3597493    .0753694
    _k_eq_p0 |   1.498003   .1034589    14.48   0.000       1.2952    1.700806
    _k_eq_p1 |   1.342933   .1058479    12.69   0.000     1.135447    1.550419
    _k_eq_p2 |   1.460075   .1096048    13.32   0.000     1.245225    1.674926
    _k_eq_p3 |   1.484549    .114452    12.97   0.000     1.260197    1.708901
    _k_eq_p4 |   1.546867    .119439    12.95   0.000     1.312739    1.780994
    _k_eq_p5 |   1.646562   .1267256    12.99   0.000     1.398151    1.894973
    _k_eq_p6 |   1.634554   .1131384    14.45   0.000     1.412777    1.856331
             |
           t |
          7  |   .1607862   .0471288     3.41   0.001      .068403    .2531694
          8  |   .4225275   .0472804     8.94   0.000     .3298471    .5152079
          9  |   .5815539   .0476452    12.21   0.000     .4881585    .6749494
         10  |   .7983568   .0480463    16.62   0.000      .704175    .8925386
         11  |   .9117641   .0483912    18.84   0.000     .8169063    1.006622
         12  |   1.066976   .0486839    21.92   0.000     .9715446    1.162408
         13  |   1.278843   .0490752    26.06   0.000     1.182644    1.375042
         14  |   1.421157   .0495626    28.67   0.000     1.324003     1.51831
         15  |   1.663433   .0500159    33.26   0.000      1.56539    1.761476
             |
       _cons |   1.237416    .038346    32.27   0.000     1.162249    1.312583
------------------------------------------------------------------------------
F test of absorbed indicators: F(999, 8979) = 12.964          Prob > F = 0.000

. drop z2

. 
. * Test estimate witthout staggered adoption
. xtevent y , panelvar(i) timevar(t) policyvar(z) window(3) nostaggered plot

No proxy or instruments provided. Implementing OLS estimator
(0 differences between z and zn)

Linear regression, absorbing indicators         Number of obs     =      3,000
Absorbed variable: i                            No. of categories =      1,000
                                                F(  10,   1990)   =      11.33
                                                Prob > F          =     0.0000
                                                R-squared         =     0.7938
                                                Adj R-squared     =     0.6893
                                                Root MSE          =     1.0052

------------------------------------------------------------------------------
           y |      Coef.   Std. Err.      t    P>|t|     [95% Conf. Interval]
-------------+----------------------------------------------------------------
    _k_eq_m4 |  -.1019227   .3032067    -0.34   0.737    -.6965585    .4927132
    _k_eq_m3 |   .0762107   .2465757     0.31   0.757     -.407363    .5597844
    _k_eq_m2 |   .0554162   .2054712     0.27   0.787     -.347545    .4583775
    _k_eq_p0 |   1.429029   .2052477     6.96   0.000     1.026506    1.831552
    _k_eq_p1 |   1.079118   .2459303     4.39   0.000     .5968102    1.561426
    _k_eq_p2 |   1.228289   .2998964     4.10   0.000     .6401454    1.816433
    _k_eq_p3 |   1.127701    .341013     3.31   0.001     .4589214    1.796481
    _k_eq_p4 |   1.153058    .375875     3.07   0.002     .4159086    1.890208
             |
           t |
         11  |   .1343286   .0461946     2.91   0.004     .0437339    .2249234
         12  |     .30353   .0496339     6.12   0.000     .2061901      .40087
             |
       _cons |   2.129787   .2542401     8.38   0.000     1.631182    2.628392
------------------------------------------------------------------------------
F test of absorbed indicators: F(999, 1990) = 5.053           Prob > F = 0.000

. 
. * Overlay static plot
. xtevent y , policyvar(z) timevar(t) window(5)

Using options panelvar and timevar from xtset

No proxy or instruments provided. Implementing OLS estimator
(0 differences between z and zn)

Linear regression, absorbing indicators         Number of obs     =     10,000
Absorbed variable: i                            No. of categories =      1,000
                                                F(  21,   8979)   =     215.15
                                                Prob > F          =     0.0000
                                                R-squared         =     0.7256
                                                Adj R-squared     =     0.6944
                                                Root MSE          =     1.0493

------------------------------------------------------------------------------
           y |      Coef.   Std. Err.      t    P>|t|     [95% Conf. Interval]
-------------+----------------------------------------------------------------
    _k_eq_m6 |  -.5434296   .1176844    -4.62   0.000     -.774118   -.3127413
    _k_eq_m5 |  -.4921678   .1325328    -3.71   0.000    -.7519624   -.2323732
    _k_eq_m4 |  -.2587117   .1234276    -2.10   0.036     -.500658   -.0167655
    _k_eq_m3 |  -.2884085   .1174086    -2.46   0.014    -.5185562   -.0582608
    _k_eq_m2 |   -.153498   .1108932    -1.38   0.166     -.370874    .0638781
    _k_eq_p0 |   1.472102    .103296    14.25   0.000     1.269619    1.674586
    _k_eq_p1 |   1.345638   .1056954    12.73   0.000      1.13845    1.552825
    _k_eq_p2 |   1.437454   .1094489    13.13   0.000     1.222909    1.651998
    _k_eq_p3 |   1.472024   .1142907    12.88   0.000     1.247988     1.69606
    _k_eq_p4 |   1.540043   .1192755    12.91   0.000     1.306236    1.773851
    _k_eq_p5 |   1.635957   .1265559    12.93   0.000     1.387879    1.884036
    _k_eq_p6 |   1.618282   .1129949    14.32   0.000     1.396786    1.839778
             |
           t |
          7  |   .1581147   .0471368     3.35   0.001     .0657157    .2505137
          8  |   .4210278   .0472991     8.90   0.000     .3283108    .5137448
          9  |    .579209   .0476609    12.15   0.000     .4857828    .6726352
         10  |   .7961297    .048064    16.56   0.000     .7019134    .8903461
         11  |   .9095223   .0484109    18.79   0.000      .814626    1.004419
         12  |    1.06481   .0487104    21.86   0.000     .9693266    1.160294
         13  |   1.277068   .0491077    26.01   0.000     1.180805     1.37333
         14  |   1.419417   .0495981    28.62   0.000     1.322193    1.516641
         15  |   1.661983   .0500561    33.20   0.000     1.563862    1.760105
             |
       _cons |   1.242204   .0383104    32.42   0.000     1.167106    1.317301
------------------------------------------------------------------------------
F test of absorbed indicators: F(999, 8979) = 12.961          Prob > F = 0.000

. xteventplot, overlay(static) 
Estimating static model...

Using options panelvar and timevar from xtset

option static specified. Estimating static model

Plotting options ignored

No proxy or instruments provided. Implementing OLS estimator

Linear regression, absorbing indicators         Number of obs     =     10,000
Absorbed variable: i                            No. of categories =      1,000
                                                F(  10,   8990)   =     447.38
                                                Prob > F          =     0.0000
                                                R-squared         =     0.7246
                                                Adj R-squared     =     0.6937
                                                Root MSE          =     1.0506

------------------------------------------------------------------------------
           y |      Coef.   Std. Err.      t    P>|t|     [95% Conf. Interval]
-------------+----------------------------------------------------------------
           z |   1.652167   .0591011    27.95   0.000     1.536316    1.768019
             |
           t |
          7  |   .1616075   .0469952     3.44   0.001     .0694863    .2537288
          8  |   .4322421   .0470617     9.18   0.000     .3399904    .5244938
          9  |   .5990656   .0471399    12.71   0.000     .5066606    .6914706
         10  |   .8271289   .0472637    17.50   0.000     .7344813    .9197764
         11  |   .9513111   .0474308    20.06   0.000      .858336    1.044286
         12  |   1.111623   .0475977    23.35   0.000      1.01832    1.204925
         13  |   1.329385   .0478343    27.79   0.000     1.235619    1.423151
         14  |   1.473017   .0480828    30.64   0.000     1.378764     1.56727
         15  |   1.715974   .0483064    35.52   0.000     1.621282    1.810665
             |
       _cons |   1.163657   .0333331    34.91   0.000     1.098316    1.228998
------------------------------------------------------------------------------
F test of absorbed indicators: F(999, 8990) = 13.396          Prob > F = 0.000

. 
. *------------------------ 2.3: Replicate 2c  ----------------------------------
. 
. * Replicate 2c
. xtevent y x , panelvar(i) timevar(t) policyvar(z) window(5) plot

No proxy or instruments provided. Implementing OLS estimator
(0 differences between z and zn)

Linear regression, absorbing indicators         Number of obs     =     10,000
Absorbed variable: i                            No. of categories =      1,000
                                                F(  22,   8978)   =     223.91
                                                Prob > F          =     0.0000
                                                R-squared         =     0.7337
                                                Adj R-squared     =     0.7034
                                                Root MSE          =     1.0338

------------------------------------------------------------------------------
           y |      Coef.   Std. Err.      t    P>|t|     [95% Conf. Interval]
-------------+----------------------------------------------------------------
           x |   .0765262   .0046429    16.48   0.000     .0674251    .0856274
    _k_eq_m6 |  -.3099534   .1168118    -2.65   0.008    -.5389313   -.0809756
    _k_eq_m5 |  -.2983346   .1311078    -2.28   0.023    -.5553357   -.0413334
    _k_eq_m4 |  -.1167672   .1219128    -0.96   0.338    -.3557442    .1222097
    _k_eq_m3 |  -.1443776   .1160076    -1.24   0.213     -.371779    .0830238
    _k_eq_m2 |  -.0693777   .1093778    -0.63   0.526    -.2837832    .1450277
    _k_eq_p0 |   1.365289   .1019795    13.39   0.000     1.165386    1.565192
    _k_eq_p1 |   1.225937   .1043904    11.74   0.000     1.021308    1.430566
    _k_eq_p2 |   1.295473   .1081791    11.98   0.000     1.083417    1.507528
    _k_eq_p3 |   1.317335   .1129965    11.66   0.000     1.095836    1.538834
    _k_eq_p4 |   1.389042    .117874    11.78   0.000     1.157983    1.620102
    _k_eq_p5 |   1.477425   .1250609    11.81   0.000     1.232277    1.722573
    _k_eq_p6 |   1.448739   .1118035    12.96   0.000     1.229578    1.667899
             |
           t |
          7  |   .1654311   .0464442     3.56   0.000     .0743899    .2564723
          8  |   .4345465   .0466091     9.32   0.000      .343182    .5259111
          9  |    .598025   .0469722    12.73   0.000     .5059487    .6901014
         10  |   .8302252   .0474007    17.52   0.000     .7373091    .9231413
         11  |   .9487451   .0477566    19.87   0.000     .8551312    1.042359
         12  |   1.113699    .048084    23.16   0.000     1.019443    1.207955
         13  |   1.323158   .0484646    27.30   0.000     1.228156     1.41816
         14  |   1.476741   .0489907    30.14   0.000     1.380709    1.572774
         15  |   1.716851   .0494305    34.73   0.000     1.619956    1.813746
             |
       _cons |   1.216756   .0377773    32.21   0.000     1.142704    1.290808
------------------------------------------------------------------------------
F test of absorbed indicators: F(999, 8978) = 11.401          Prob > F = 0.000

. 
. * areg y x _k_eq* i.t , absorb(i) cluster(i)
. 
. *------------------------ 2.4: Replicate 2d and test basic funcionality  ----------------------------------
. 
. * Replicate 2d
. xtevent y , panelvar(i) timevar(t) policyvar(z) window(5) proxy(x) plot

Proxy for the confound specified. Implementing FHS estimator

proxyiv=select. Selecting lead order of differenced policy variable to use as instrument.

Lead 1 selected.
(0 differences between z and zn)

Fixed-effects (within) IV regression            Number of obs     =      9,000
Group variable: i                               Number of groups  =      1,000

R-sq:                                           Obs per group:
     within  = 0.2950                                         min =          9
     between = 0.4244                                         avg =        9.0
     overall = 0.3585                                         max =          9

                                                Wald chi2(20)     =   41330.02
corr(u_i, Xb)  = 0.1576                         Prob > chi2       =     0.0000

------------------------------------------------------------------------------
           y |      Coef.   Std. Err.      z    P>|z|     [95% Conf. Interval]
-------------+----------------------------------------------------------------
           x |   .1392525   .1010632     1.38   0.168    -.0588277    .3373327
    _k_eq_m6 |  -.1065394   .2743785    -0.39   0.698    -.6443113    .4312325
    _k_eq_m5 |   -.122451   .2355154    -0.52   0.603    -.5840526    .3391506
    _k_eq_m4 |   .0123289   .1741198     0.07   0.944    -.3289396    .3535975
    _k_eq_m3 |  -.0161372   .1718398    -0.09   0.925     -.352937    .3206627
    _k_eq_p0 |   1.261102   .2152361     5.86   0.000     .8392473    1.682957
    _k_eq_p1 |   1.149739   .2281563     5.04   0.000     .7025606    1.596917
    _k_eq_p2 |   1.178902   .2474892     4.76   0.000      .693832    1.663972
    _k_eq_p3 |   1.103255   .2750459     4.01   0.000      .564175    1.642335
    _k_eq_p4 |   1.223123   .2752642     4.44   0.000     .6836148    1.762631
    _k_eq_p5 |   1.311952   .2863164     4.58   0.000     .7507823    1.873122
    _k_eq_p6 |   1.288417    .287052     4.49   0.000     .7258057    1.851029
             |
           t |
          7  |   .1702115   .0477075     3.57   0.000     .0767066    .2637165
          8  |   .4454482   .0500072     8.91   0.000     .3474358    .5434606
          9  |   .6171858   .0531204    11.62   0.000     .5130716    .7212999
         10  |   .8619131   .0647035    13.32   0.000     .7350966    .9887296
         11  |   .9862705   .0699671    14.10   0.000     .8491375    1.123404
         12  |   1.158941    .079196    14.63   0.000      1.00372    1.314162
         13  |   1.367058   .0763369    17.91   0.000      1.21744    1.516675
         14  |   1.530227   .0876087    17.47   0.000     1.358517    1.701937
             |
       _cons |   1.194822   .0411253    29.05   0.000     1.114218    1.275426
-------------+----------------------------------------------------------------
     sigma_u |  1.1160791
     sigma_e |  1.0453467
         rho |  .53268988   (fraction of variance due to u_i)
------------------------------------------------------------------------------
F  test that all u_i=0:     F(999,7980) =     9.50        Prob > F    = 0.0000
------------------------------------------------------------------------------
Instrumented:   x
Instruments:    _k_eq_m6 _k_eq_m5 _k_eq_m4 _k_eq_m3 _k_eq_p0 _k_eq_p1 _k_eq_p2
                _k_eq_p3 _k_eq_p4 _k_eq_p5 _k_eq_p6 7.t 8.t 9.t 10.t 11.t 12.t
                13.t 14.t _fd1z
------------------------------------------------------------------------------

. 
. * Test alternative ways of specifying iv
. xtevent y , panelvar(i) timevar(t) policyvar(z) window(5) proxy(x) proxyiv(1) plot

Proxy for the confound specified. Implementing FHS estimator
(0 differences between z and zn)

Fixed-effects (within) IV regression            Number of obs     =      9,000
Group variable: i                               Number of groups  =      1,000

R-sq:                                           Obs per group:
     within  = 0.2950                                         min =          9
     between = 0.4244                                         avg =        9.0
     overall = 0.3585                                         max =          9

                                                Wald chi2(20)     =   41330.02
corr(u_i, Xb)  = 0.1576                         Prob > chi2       =     0.0000

------------------------------------------------------------------------------
           y |      Coef.   Std. Err.      z    P>|z|     [95% Conf. Interval]
-------------+----------------------------------------------------------------
           x |   .1392525   .1010632     1.38   0.168    -.0588277    .3373327
    _k_eq_m6 |  -.1065394   .2743785    -0.39   0.698    -.6443113    .4312325
    _k_eq_m5 |   -.122451   .2355154    -0.52   0.603    -.5840526    .3391506
    _k_eq_m4 |   .0123289   .1741198     0.07   0.944    -.3289396    .3535975
    _k_eq_m3 |  -.0161372   .1718398    -0.09   0.925     -.352937    .3206627
    _k_eq_p0 |   1.261102   .2152361     5.86   0.000     .8392473    1.682957
    _k_eq_p1 |   1.149739   .2281563     5.04   0.000     .7025606    1.596917
    _k_eq_p2 |   1.178902   .2474892     4.76   0.000      .693832    1.663972
    _k_eq_p3 |   1.103255   .2750459     4.01   0.000      .564175    1.642335
    _k_eq_p4 |   1.223123   .2752642     4.44   0.000     .6836148    1.762631
    _k_eq_p5 |   1.311952   .2863164     4.58   0.000     .7507823    1.873122
    _k_eq_p6 |   1.288417    .287052     4.49   0.000     .7258057    1.851029
             |
           t |
          7  |   .1702115   .0477075     3.57   0.000     .0767066    .2637165
          8  |   .4454482   .0500072     8.91   0.000     .3474358    .5434606
          9  |   .6171858   .0531204    11.62   0.000     .5130716    .7212999
         10  |   .8619131   .0647035    13.32   0.000     .7350966    .9887296
         11  |   .9862705   .0699671    14.10   0.000     .8491375    1.123404
         12  |   1.158941    .079196    14.63   0.000      1.00372    1.314162
         13  |   1.367058   .0763369    17.91   0.000      1.21744    1.516675
         14  |   1.530227   .0876087    17.47   0.000     1.358517    1.701937
             |
       _cons |   1.194822   .0411253    29.05   0.000     1.114218    1.275426
-------------+----------------------------------------------------------------
     sigma_u |  1.1160791
     sigma_e |  1.0453467
         rho |  .53268988   (fraction of variance due to u_i)
------------------------------------------------------------------------------
F  test that all u_i=0:     F(999,7980) =     9.50        Prob > F    = 0.0000
------------------------------------------------------------------------------
Instrumented:   x
Instruments:    _k_eq_m6 _k_eq_m5 _k_eq_m4 _k_eq_m3 _k_eq_p0 _k_eq_p1 _k_eq_p2
                _k_eq_p3 _k_eq_p4 _k_eq_p5 _k_eq_p6 7.t 8.t 9.t 10.t 11.t 12.t
                13.t 14.t _fd1z
------------------------------------------------------------------------------

. xteventplot, smpath(scatter)

Note: Smoothest line drawn for system confidence level = 95

Could not find a polynomial with order<=maxorder through the Wald confidence region.

. * This should not work now, for leads write 1
. cap gen f1z=f1.z

. cap noi xtevent y , panelvar(i) timevar(t) policyvar(z) window(5) proxy(x) proxyiv(f1z)

Proxy for the confound specified. Implementing FHS estimator
(0 differences between z and zn)
Instrument is collinear with the included event-time dummies. You may have generated leads of the policy variable a
> nd included them in the proxyiv option instead of specifying the lead numbers.

. cap drop f1z

. 
. * Other leads
. xtevent y , panelvar(i) timevar(t) policyvar(z) window(5) proxy(x) proxyiv(2) plot

Proxy for the confound specified. Implementing FHS estimator
(0 differences between z and zn)

Fixed-effects (within) IV regression            Number of obs     =      8,000
Group variable: i                               Number of groups  =      1,000

R-sq:                                           Obs per group:
     within  = 0.2397                                         min =          8
     between = 0.4075                                         avg =        8.0
     overall = 0.3326                                         max =          8

                                                Wald chi2(19)     =   32391.99
corr(u_i, Xb)  = 0.1228                         Prob > chi2       =     0.0000

------------------------------------------------------------------------------
           y |      Coef.   Std. Err.      z    P>|z|     [95% Conf. Interval]
-------------+----------------------------------------------------------------
           x |   .1661097   .1070257     1.55   0.121    -.0436569    .3758763
    _k_eq_m6 |  -.0994394   .2749079    -0.36   0.718    -.6382489    .4393701
    _k_eq_m5 |  -.1058776   .2398513    -0.44   0.659    -.5759775    .3642222
    _k_eq_m4 |   .0136366   .1767862     0.08   0.939    -.3328581    .3601312
    _k_eq_m3 |  -.0029482   .1755498    -0.02   0.987    -.3470195    .3411231
    _k_eq_p0 |   1.244999   .2202183     5.65   0.000     .8133791    1.676619
    _k_eq_p1 |   1.097589   .2318451     4.73   0.000      .643181    1.551997
    _k_eq_p2 |   1.150025    .249059     4.62   0.000     .6618782    1.638171
    _k_eq_p3 |   1.025726   .3021739     3.39   0.001     .4334757    1.617976
    _k_eq_p4 |   1.209339   .2897777     4.17   0.000     .6413852    1.777293
    _k_eq_p5 |   1.198942   .2980635     4.02   0.000     .6147486    1.783136
    _k_eq_p6 |   1.274139    .267844     4.76   0.000     .7491744    1.799104
             |
           t |
          7  |   .1721115   .0481283     3.58   0.000     .0777818    .2664413
          8  |   .4464798   .0503162     8.87   0.000      .347862    .5450977
          9  |   .6204257   .0538284    11.53   0.000      .514924    .7259273
         10  |   .8661523   .0656653    13.19   0.000     .7374506     .994854
         11  |   .9954508   .0711148    14.00   0.000     .8560683    1.134833
         12  |   1.166225   .0790993    14.74   0.000     1.011194    1.321257
         13  |   1.372642   .0755061    18.18   0.000     1.224653    1.520631
             |
       _cons |   1.194681   .0414873    28.80   0.000     1.113368    1.275995
-------------+----------------------------------------------------------------
     sigma_u |  1.1066794
     sigma_e |  1.0546503
         rho |  .52405881   (fraction of variance due to u_i)
------------------------------------------------------------------------------
F  test that all u_i=0:     F(999,6981) =     8.42        Prob > F    = 0.0000
------------------------------------------------------------------------------
Instrumented:   x
Instruments:    _k_eq_m6 _k_eq_m5 _k_eq_m4 _k_eq_m3 _k_eq_p0 _k_eq_p1 _k_eq_p2
                _k_eq_p3 _k_eq_p4 _k_eq_p5 _k_eq_p6 7.t 8.t 9.t 10.t 11.t 12.t
                13.t _fd2z
------------------------------------------------------------------------------

. xteventplot, smpath(scatter)

Note: Smoothest line drawn for system confidence level = 95

Could not find a polynomial with order<=maxorder through the Wald confidence region.

. xtevent y , panelvar(i) timevar(t) policyvar(z) window(5) proxy(x) proxyiv(3) plot

Proxy for the confound specified. Implementing FHS estimator
(0 differences between z and zn)

Fixed-effects (within) IV regression            Number of obs     =      7,000
Group variable: i                               Number of groups  =      1,000

R-sq:                                           Obs per group:
     within  = 0.2090                                         min =          7
     between = 0.3753                                         avg =        7.0
     overall = 0.3031                                         max =          7

                                                Wald chi2(18)     =   25695.37
corr(u_i, Xb)  = 0.1288                         Prob > chi2       =     0.0000

------------------------------------------------------------------------------
           y |      Coef.   Std. Err.      z    P>|z|     [95% Conf. Interval]
-------------+----------------------------------------------------------------
           x |   .1479118   .0679745     2.18   0.030     .0146843    .2811393
    _k_eq_m6 |  -.0986458   .1673167    -0.59   0.555    -.4265806    .2292889
    _k_eq_m5 |  -.0998601   .1590577    -0.63   0.530    -.4116074    .2118872
    _k_eq_m4 |   .0218621   .1272935     0.17   0.864    -.2276286    .2713528
    _k_eq_m2 |   .0118096   .1056174     0.11   0.911    -.1951966    .2188158
    _k_eq_p0 |   1.321069   .1793121     7.37   0.000     .9696236    1.672514
    _k_eq_p1 |   1.161963   .1804745     6.44   0.000     .8082398    1.515687
    _k_eq_p2 |   1.178358   .1996065     5.90   0.000     .7871369     1.56958
    _k_eq_p3 |   1.145891   .2266601     5.06   0.000     .7016458    1.590137
    _k_eq_p4 |   1.323411   .2296629     5.76   0.000       .87328    1.773542
    _k_eq_p5 |   1.191424   .2461735     4.84   0.000     .7089332    1.673916
    _k_eq_p6 |   1.291159   .2499283     5.17   0.000     .8013081    1.781009
             |
           t |
          7  |   .1715498   .0471722     3.64   0.000     .0790939    .2640057
          8  |   .4463137   .0481942     9.26   0.000     .3518548    .5407726
          9  |   .6163451   .0496349    12.42   0.000     .5190626    .7136277
         10  |   .8586311   .0550517    15.60   0.000     .7507318    .9665304
         11  |   .9909388   .0576513    17.19   0.000     .8779443    1.103933
         12  |   1.160298   .0616137    18.83   0.000     1.039538    1.281059
             |
       _cons |   1.190177   .0369519    32.21   0.000     1.117753    1.262602
-------------+----------------------------------------------------------------
     sigma_u |  1.1273352
     sigma_e |  1.0428147
         rho |  .53888784   (fraction of variance due to u_i)
------------------------------------------------------------------------------
F  test that all u_i=0:     F(999,5982) =     7.77        Prob > F    = 0.0000
------------------------------------------------------------------------------
Instrumented:   x
Instruments:    _k_eq_m6 _k_eq_m5 _k_eq_m4 _k_eq_m2 _k_eq_p0 _k_eq_p1 _k_eq_p2
                _k_eq_p3 _k_eq_p4 _k_eq_p5 _k_eq_p6 7.t 8.t 9.t 10.t 11.t 12.t
                _fd3z
------------------------------------------------------------------------------

. xteventplot, smpath(scatter)

Note: Smoothest line drawn for system confidence level = 95

Could not find a polynomial with order<=maxorder through the Wald confidence region.

. 
. * Test additional instruments
. 
. xtevent y , panelvar(i) timevar(t) policyvar(z) window(5) proxy(x) proxyiv(1 2) plot

Proxy for the confound specified. Implementing FHS estimator
(0 differences between z and zn)

Fixed-effects (within) IV regression            Number of obs     =      8,000
Group variable: i                               Number of groups  =      1,000

R-sq:                                           Obs per group:
     within  = 0.2397                                         min =          8
     between = 0.4075                                         avg =        8.0
     overall = 0.3326                                         max =          8

                                                Wald chi2(19)     =   32391.99
corr(u_i, Xb)  = 0.1228                         Prob > chi2       =     0.0000

------------------------------------------------------------------------------
           y |      Coef.   Std. Err.      z    P>|z|     [95% Conf. Interval]
-------------+----------------------------------------------------------------
           x |   .1661097   .1070257     1.55   0.121    -.0436569    .3758763
    _k_eq_m6 |  -.0994394   .2749079    -0.36   0.718    -.6382489    .4393701
    _k_eq_m5 |  -.1058776   .2398513    -0.44   0.659    -.5759775    .3642222
    _k_eq_m4 |   .0136366   .1767862     0.08   0.939    -.3328581    .3601312
    _k_eq_m3 |  -.0029482   .1755498    -0.02   0.987    -.3470195    .3411231
    _k_eq_p0 |   1.244999   .2202183     5.65   0.000     .8133791    1.676619
    _k_eq_p1 |   1.097589   .2318451     4.73   0.000      .643181    1.551997
    _k_eq_p2 |   1.150025    .249059     4.62   0.000     .6618782    1.638171
    _k_eq_p3 |   1.025726   .3021739     3.39   0.001     .4334757    1.617976
    _k_eq_p4 |   1.209339   .2897777     4.17   0.000     .6413852    1.777293
    _k_eq_p5 |   1.198942   .2980635     4.02   0.000     .6147486    1.783136
    _k_eq_p6 |   1.274139    .267844     4.76   0.000     .7491744    1.799104
             |
           t |
          7  |   .1721115   .0481283     3.58   0.000     .0777818    .2664413
          8  |   .4464798   .0503162     8.87   0.000      .347862    .5450977
          9  |   .6204257   .0538284    11.53   0.000      .514924    .7259273
         10  |   .8661523   .0656653    13.19   0.000     .7374506     .994854
         11  |   .9954508   .0711148    14.00   0.000     .8560683    1.134833
         12  |   1.166225   .0790993    14.74   0.000     1.011194    1.321257
         13  |   1.372642   .0755061    18.18   0.000     1.224653    1.520631
             |
       _cons |   1.194681   .0414873    28.80   0.000     1.113368    1.275995
-------------+----------------------------------------------------------------
     sigma_u |  1.1066794
     sigma_e |  1.0546503
         rho |  .52405881   (fraction of variance due to u_i)
------------------------------------------------------------------------------
F  test that all u_i=0:     F(999,6981) =     8.42        Prob > F    = 0.0000
------------------------------------------------------------------------------
Instrumented:   x
Instruments:    _k_eq_m6 _k_eq_m5 _k_eq_m4 _k_eq_m3 _k_eq_p0 _k_eq_p1 _k_eq_p2
                _k_eq_p3 _k_eq_p4 _k_eq_p5 _k_eq_p6 7.t 8.t 9.t 10.t 11.t 12.t
                13.t _fd1z _fd2z
------------------------------------------------------------------------------

. xteventplot, smpath(scatter, technique("nr 10 bfgs 10"))

Note: Smoothest line drawn for system confidence level = 95

Could not find a polynomial with order<=maxorder through the Wald confidence region.

. xtevent y , panelvar(i) timevar(t) policyvar(z) window(4) proxy(x) proxyiv(3 4) plot

Proxy for the confound specified. Implementing FHS estimator
(0 differences between z and zn)

Fixed-effects (within) IV regression            Number of obs     =      6,000
Group variable: i                               Number of groups  =      1,000

R-sq:                                           Obs per group:
     within  = 0.1317                                         min =          6
     between = 0.3604                                         avg =        6.0
     overall = 0.2778                                         max =          6

                                                Wald chi2(14)     =   18522.61
corr(u_i, Xb)  = 0.0455                         Prob > chi2       =     0.0000

------------------------------------------------------------------------------
           y |      Coef.   Std. Err.      z    P>|z|     [95% Conf. Interval]
-------------+----------------------------------------------------------------
           x |   .2025435   .0697844     2.90   0.004     .0657686    .3393184
    _k_eq_m5 |  -.0679172   .1263672    -0.54   0.591    -.3155925     .179758
    _k_eq_m2 |   .0545788   .1104783     0.49   0.621    -.1619547    .2711124
    _k_eq_p0 |   1.274648   .1949619     6.54   0.000     .8925299    1.656767
    _k_eq_p1 |    1.19187   .1893984     6.29   0.000     .8206557    1.563084
    _k_eq_p2 |    1.14085   .2152173     5.30   0.000     .7190316    1.562668
    _k_eq_p3 |   1.047312   .2496313     4.20   0.000     .5580437     1.53658
    _k_eq_p4 |   1.250785   .2531937     4.94   0.000     .7545342    1.747035
    _k_eq_p5 |   1.125389   .2734389     4.12   0.000     .5894585    1.661319
             |
           t |
          7  |    .169569   .0484146     3.50   0.000     .0746782    .2644598
          8  |   .4457162   .0491792     9.06   0.000     .3493268    .5421056
          9  |   .6169179   .0504423    12.23   0.000     .5180529    .7157828
         10  |   .8664948   .0549071    15.78   0.000     .7588789    .9741107
         11  |   .9989208    .057425    17.40   0.000     .8863698    1.111472
             |
       _cons |    1.18911   .0364537    32.62   0.000     1.117662    1.260558
-------------+----------------------------------------------------------------
     sigma_u |  1.1155895
     sigma_e |  1.0720769
         rho |  .51988209   (fraction of variance due to u_i)
------------------------------------------------------------------------------
F  test that all u_i=0:     F(999,4986) =     6.41        Prob > F    = 0.0000
------------------------------------------------------------------------------
Instrumented:   x
Instruments:    _k_eq_m5 _k_eq_m2 _k_eq_p0 _k_eq_p1 _k_eq_p2 _k_eq_p3 _k_eq_p4
                _k_eq_p5 7.t 8.t 9.t 10.t 11.t _fd3z _fd4z
------------------------------------------------------------------------------

. xteventplot, smpath(scatter, technique("nr 10 bfgs 10"))

Note: Smoothest line drawn for system confidence level = 95

Could not find a polynomial with order<=maxorder through the Wald confidence region.

. 
. * Test both normalizations
. xtevent y , panelvar(i) timevar(t) policyvar(z) window(5) norm(-3) proxy(x) proxyiv(1) plot

Proxy for the confound specified. Implementing FHS estimator
(0 differences between z and zn)

Fixed-effects (within) IV regression            Number of obs     =      9,000
Group variable: i                               Number of groups  =      1,000

R-sq:                                           Obs per group:
     within  = 0.2906                                         min =          9
     between = 0.4270                                         avg =        9.0
     overall = 0.3595                                         max =          9

                                                Wald chi2(20)     =   41074.71
corr(u_i, Xb)  = 0.1493                         Prob > chi2       =     0.0000

------------------------------------------------------------------------------
           y |      Coef.   Std. Err.      z    P>|z|     [95% Conf. Interval]
-------------+----------------------------------------------------------------
           x |   .1478386   .0625812     2.36   0.018     .0251817    .2704955
    _k_eq_m6 |  -.0804035   .1719744    -0.47   0.640    -.4174672    .2566602
    _k_eq_m5 |  -.1007156   .1604372    -0.63   0.530    -.4151668    .2137356
    _k_eq_m4 |   .0282777   .1282515     0.22   0.825    -.2230905    .2796459
    _k_eq_m2 |   .0093918   .1003212     0.09   0.925     -.187234    .2060177
    _k_eq_p0 |   1.248942   .1658112     7.53   0.000     .9239575    1.573926
    _k_eq_p1 |   1.136498   .1741363     6.53   0.000     .7951971    1.477799
    _k_eq_p2 |   1.164065   .1864821     6.24   0.000     .7985666    1.529563
    _k_eq_p3 |   1.086048   .2033724     5.34   0.000     .6874452     1.48465
    _k_eq_p4 |   1.206173   .2057228     5.86   0.000     .8029632    1.609382
    _k_eq_p5 |   1.294345   .2146163     6.03   0.000     .8737051    1.714986
    _k_eq_p6 |   1.270234   .2110801     6.02   0.000      .856525    1.683944
             |
           t |
          7  |   .1710172   .0474336     3.61   0.000     .0780491    .2639853
          8  |   .4469055   .0484626     9.22   0.000     .3519205    .5418905
          9  |   .6192563   .0498175    12.43   0.000     .5216158    .7168967
         10  |   .8656927   .0550927    15.71   0.000      .757713    .9736724
         11  |   .9906248   .0574956    17.23   0.000     .8779356    1.103314
         12  |   1.164344   .0617562    18.85   0.000     1.043304    1.285384
         13  |   1.372129   .0600064    22.87   0.000     1.254518    1.489739
         14  |   1.536539   .0660414    23.27   0.000       1.4071    1.665978
             |
       _cons |   1.191981   .0370586    32.16   0.000     1.119347    1.264615
-------------+----------------------------------------------------------------
     sigma_u |  1.1099788
     sigma_e |  1.0485905
         rho |  .52841636   (fraction of variance due to u_i)
------------------------------------------------------------------------------
F  test that all u_i=0:     F(999,7980) =     9.45        Prob > F    = 0.0000
------------------------------------------------------------------------------
Instrumented:   x
Instruments:    _k_eq_m6 _k_eq_m5 _k_eq_m4 _k_eq_m2 _k_eq_p0 _k_eq_p1 _k_eq_p2
                _k_eq_p3 _k_eq_p4 _k_eq_p5 _k_eq_p6 7.t 8.t 9.t 10.t 11.t 12.t
                13.t 14.t _fd1z
------------------------------------------------------------------------------

. 
. * Test additional proxys
. cap gen x2=rnormal()

. xtevent y , panelvar(i) timevar(t) policyvar(z) window(5) proxy(x x2) proxyiv(1 2) plot

Proxy for the confound specified. Implementing FHS estimator
(0 differences between z and zn)

Fixed-effects (within) IV regression            Number of obs     =      8,000
Group variable: i                               Number of groups  =      1,000

R-sq:                                           Obs per group:
     within  = 0.2375                                         min =          8
     between = 0.4074                                         avg =        8.0
     overall = 0.3320                                         max =          8

                                                Wald chi2(19)     =   32297.41
corr(u_i, Xb)  = 0.1196                         Prob > chi2       =     0.0000

------------------------------------------------------------------------------
           y |      Coef.   Std. Err.      z    P>|z|     [95% Conf. Interval]
-------------+----------------------------------------------------------------
           x |   .1680316   .0715061     2.35   0.019     .0278823    .3081809
          x2 |   .0360695   2.150903     0.02   0.987    -4.179624    4.251763
    _k_eq_m6 |  -.0927745   .2373978    -0.39   0.696    -.5580658    .3725167
    _k_eq_m5 |  -.0984651   .2992037    -0.33   0.742    -.6848936    .4879633
    _k_eq_m4 |   .0153187   .1246558     0.12   0.902    -.2290023    .2596396
    _k_eq_p0 |    1.24329    .174367     7.13   0.000     .9015372    1.585043
    _k_eq_p1 |   1.095273   .1784158     6.14   0.000     .7455849    1.444962
    _k_eq_p2 |   1.148107   .1953256     5.88   0.000     .7652764    1.530939
    _k_eq_p3 |    1.02639   .3309037     3.10   0.002     .3778303    1.674949
    _k_eq_p4 |   1.207317   .2288048     5.28   0.000     .7588674    1.655766
    _k_eq_p5 |   1.200309   .3572831     3.36   0.001     .5000465    1.900571
    _k_eq_p6 |    1.26984   .2295845     5.53   0.000     .8198627    1.719817
             |
           t |
          7  |   .1725743   .0521634     3.31   0.001     .0703358    .2748127
          8  |   .4473552    .062593     7.15   0.000     .3246751    .5700353
          9  |   .6215349   .0684171     9.08   0.000     .4874399    .7556298
         10  |   .8688638   .1377585     6.31   0.000     .5988622    1.138865
         11  |   .9959271   .0592949    16.80   0.000     .8797111    1.112143
         12  |   1.168906   .1258333     9.29   0.000     .9222768    1.415534
         13  |   1.372907   .0670569    20.47   0.000     1.241478    1.504336
             |
       _cons |    1.19336   .0683383    17.46   0.000     1.059419    1.327301
-------------+----------------------------------------------------------------
     sigma_u |  1.1058885
     sigma_e |  1.0561933
         rho |  .52297275   (fraction of variance due to u_i)
------------------------------------------------------------------------------
F  test that all u_i=0:     F(999,6981) =     8.41        Prob > F    = 0.0000
------------------------------------------------------------------------------
Instrumented:   x x2
Instruments:    _k_eq_m6 _k_eq_m5 _k_eq_m4 _k_eq_p0 _k_eq_p1 _k_eq_p2 _k_eq_p3
                _k_eq_p4 _k_eq_p5 _k_eq_p6 7.t 8.t 9.t 10.t 11.t 12.t 13.t
                _fd1z _fd2z
------------------------------------------------------------------------------

. * Must fail
. * xtevent y , panelvar(i) timevar(t) policyvar(z) window(5) proxy(x x2) proxyiv(1)
. cap drop x2

. 
. * Testing xtset options
. 
. xtevent y , policyvar(z) window(5) proxy(x) plot

Using options panelvar and timevar from xtset

Proxy for the confound specified. Implementing FHS estimator

proxyiv=select. Selecting lead order of differenced policy variable to use as instrument.

Lead 1 selected.
(0 differences between z and zn)

Fixed-effects (within) IV regression            Number of obs     =      9,000
Group variable: i                               Number of groups  =      1,000

R-sq:                                           Obs per group:
     within  = 0.2950                                         min =          9
     between = 0.4244                                         avg =        9.0
     overall = 0.3585                                         max =          9

                                                Wald chi2(20)     =   41330.02
corr(u_i, Xb)  = 0.1576                         Prob > chi2       =     0.0000

------------------------------------------------------------------------------
           y |      Coef.   Std. Err.      z    P>|z|     [95% Conf. Interval]
-------------+----------------------------------------------------------------
           x |   .1392525   .1010632     1.38   0.168    -.0588277    .3373327
    _k_eq_m6 |  -.1065394   .2743785    -0.39   0.698    -.6443113    .4312325
    _k_eq_m5 |   -.122451   .2355154    -0.52   0.603    -.5840526    .3391506
    _k_eq_m4 |   .0123289   .1741198     0.07   0.944    -.3289396    .3535975
    _k_eq_m3 |  -.0161372   .1718398    -0.09   0.925     -.352937    .3206627
    _k_eq_p0 |   1.261102   .2152361     5.86   0.000     .8392473    1.682957
    _k_eq_p1 |   1.149739   .2281563     5.04   0.000     .7025606    1.596917
    _k_eq_p2 |   1.178902   .2474892     4.76   0.000      .693832    1.663972
    _k_eq_p3 |   1.103255   .2750459     4.01   0.000      .564175    1.642335
    _k_eq_p4 |   1.223123   .2752642     4.44   0.000     .6836148    1.762631
    _k_eq_p5 |   1.311952   .2863164     4.58   0.000     .7507823    1.873122
    _k_eq_p6 |   1.288417    .287052     4.49   0.000     .7258057    1.851029
             |
           t |
          7  |   .1702115   .0477075     3.57   0.000     .0767066    .2637165
          8  |   .4454482   .0500072     8.91   0.000     .3474358    .5434606
          9  |   .6171858   .0531204    11.62   0.000     .5130716    .7212999
         10  |   .8619131   .0647035    13.32   0.000     .7350966    .9887296
         11  |   .9862705   .0699671    14.10   0.000     .8491375    1.123404
         12  |   1.158941    .079196    14.63   0.000      1.00372    1.314162
         13  |   1.367058   .0763369    17.91   0.000      1.21744    1.516675
         14  |   1.530227   .0876087    17.47   0.000     1.358517    1.701937
             |
       _cons |   1.194822   .0411253    29.05   0.000     1.114218    1.275426
-------------+----------------------------------------------------------------
     sigma_u |  1.1160791
     sigma_e |  1.0453467
         rho |  .53268988   (fraction of variance due to u_i)
------------------------------------------------------------------------------
F  test that all u_i=0:     F(999,7980) =     9.50        Prob > F    = 0.0000
------------------------------------------------------------------------------
Instrumented:   x
Instruments:    _k_eq_m6 _k_eq_m5 _k_eq_m4 _k_eq_m3 _k_eq_p0 _k_eq_p1 _k_eq_p2
                _k_eq_p3 _k_eq_p4 _k_eq_p5 _k_eq_p6 7.t 8.t 9.t 10.t 11.t 12.t
                13.t 14.t _fd1z
------------------------------------------------------------------------------

. xteventplot, levels(90 95 99)

. xtevent y , policyvar(z) panelvar(i) window(5)  proxy(x)

Using options panelvar and timevar from xtset

Proxy for the confound specified. Implementing FHS estimator

proxyiv=select. Selecting lead order of differenced policy variable to use as instrument.

Lead 1 selected.
(0 differences between z and zn)

Fixed-effects (within) IV regression            Number of obs     =      9,000
Group variable: i                               Number of groups  =      1,000

R-sq:                                           Obs per group:
     within  = 0.2950                                         min =          9
     between = 0.4244                                         avg =        9.0
     overall = 0.3585                                         max =          9

                                                Wald chi2(20)     =   41330.02
corr(u_i, Xb)  = 0.1576                         Prob > chi2       =     0.0000

------------------------------------------------------------------------------
           y |      Coef.   Std. Err.      z    P>|z|     [95% Conf. Interval]
-------------+----------------------------------------------------------------
           x |   .1392525   .1010632     1.38   0.168    -.0588277    .3373327
    _k_eq_m6 |  -.1065394   .2743785    -0.39   0.698    -.6443113    .4312325
    _k_eq_m5 |   -.122451   .2355154    -0.52   0.603    -.5840526    .3391506
    _k_eq_m4 |   .0123289   .1741198     0.07   0.944    -.3289396    .3535975
    _k_eq_m3 |  -.0161372   .1718398    -0.09   0.925     -.352937    .3206627
    _k_eq_p0 |   1.261102   .2152361     5.86   0.000     .8392473    1.682957
    _k_eq_p1 |   1.149739   .2281563     5.04   0.000     .7025606    1.596917
    _k_eq_p2 |   1.178902   .2474892     4.76   0.000      .693832    1.663972
    _k_eq_p3 |   1.103255   .2750459     4.01   0.000      .564175    1.642335
    _k_eq_p4 |   1.223123   .2752642     4.44   0.000     .6836148    1.762631
    _k_eq_p5 |   1.311952   .2863164     4.58   0.000     .7507823    1.873122
    _k_eq_p6 |   1.288417    .287052     4.49   0.000     .7258057    1.851029
             |
           t |
          7  |   .1702115   .0477075     3.57   0.000     .0767066    .2637165
          8  |   .4454482   .0500072     8.91   0.000     .3474358    .5434606
          9  |   .6171858   .0531204    11.62   0.000     .5130716    .7212999
         10  |   .8619131   .0647035    13.32   0.000     .7350966    .9887296
         11  |   .9862705   .0699671    14.10   0.000     .8491375    1.123404
         12  |   1.158941    .079196    14.63   0.000      1.00372    1.314162
         13  |   1.367058   .0763369    17.91   0.000      1.21744    1.516675
         14  |   1.530227   .0876087    17.47   0.000     1.358517    1.701937
             |
       _cons |   1.194822   .0411253    29.05   0.000     1.114218    1.275426
-------------+----------------------------------------------------------------
     sigma_u |  1.1160791
     sigma_e |  1.0453467
         rho |  .53268988   (fraction of variance due to u_i)
------------------------------------------------------------------------------
F  test that all u_i=0:     F(999,7980) =     9.50        Prob > F    = 0.0000
------------------------------------------------------------------------------
Instrumented:   x
Instruments:    _k_eq_m6 _k_eq_m5 _k_eq_m4 _k_eq_m3 _k_eq_p0 _k_eq_p1 _k_eq_p2
                _k_eq_p3 _k_eq_p4 _k_eq_p5 _k_eq_p6 7.t 8.t 9.t 10.t 11.t 12.t
                13.t 14.t _fd1z
------------------------------------------------------------------------------

. xtevent y , policyvar(z) timevar(t) window(5)  proxy(x)

Using options panelvar and timevar from xtset

Proxy for the confound specified. Implementing FHS estimator

proxyiv=select. Selecting lead order of differenced policy variable to use as instrument.

Lead 1 selected.
(0 differences between z and zn)

Fixed-effects (within) IV regression            Number of obs     =      9,000
Group variable: i                               Number of groups  =      1,000

R-sq:                                           Obs per group:
     within  = 0.2950                                         min =          9
     between = 0.4244                                         avg =        9.0
     overall = 0.3585                                         max =          9

                                                Wald chi2(20)     =   41330.02
corr(u_i, Xb)  = 0.1576                         Prob > chi2       =     0.0000

------------------------------------------------------------------------------
           y |      Coef.   Std. Err.      z    P>|z|     [95% Conf. Interval]
-------------+----------------------------------------------------------------
           x |   .1392525   .1010632     1.38   0.168    -.0588277    .3373327
    _k_eq_m6 |  -.1065394   .2743785    -0.39   0.698    -.6443113    .4312325
    _k_eq_m5 |   -.122451   .2355154    -0.52   0.603    -.5840526    .3391506
    _k_eq_m4 |   .0123289   .1741198     0.07   0.944    -.3289396    .3535975
    _k_eq_m3 |  -.0161372   .1718398    -0.09   0.925     -.352937    .3206627
    _k_eq_p0 |   1.261102   .2152361     5.86   0.000     .8392473    1.682957
    _k_eq_p1 |   1.149739   .2281563     5.04   0.000     .7025606    1.596917
    _k_eq_p2 |   1.178902   .2474892     4.76   0.000      .693832    1.663972
    _k_eq_p3 |   1.103255   .2750459     4.01   0.000      .564175    1.642335
    _k_eq_p4 |   1.223123   .2752642     4.44   0.000     .6836148    1.762631
    _k_eq_p5 |   1.311952   .2863164     4.58   0.000     .7507823    1.873122
    _k_eq_p6 |   1.288417    .287052     4.49   0.000     .7258057    1.851029
             |
           t |
          7  |   .1702115   .0477075     3.57   0.000     .0767066    .2637165
          8  |   .4454482   .0500072     8.91   0.000     .3474358    .5434606
          9  |   .6171858   .0531204    11.62   0.000     .5130716    .7212999
         10  |   .8619131   .0647035    13.32   0.000     .7350966    .9887296
         11  |   .9862705   .0699671    14.10   0.000     .8491375    1.123404
         12  |   1.158941    .079196    14.63   0.000      1.00372    1.314162
         13  |   1.367058   .0763369    17.91   0.000      1.21744    1.516675
         14  |   1.530227   .0876087    17.47   0.000     1.358517    1.701937
             |
       _cons |   1.194822   .0411253    29.05   0.000     1.114218    1.275426
-------------+----------------------------------------------------------------
     sigma_u |  1.1160791
     sigma_e |  1.0453467
         rho |  .53268988   (fraction of variance due to u_i)
------------------------------------------------------------------------------
F  test that all u_i=0:     F(999,7980) =     9.50        Prob > F    = 0.0000
------------------------------------------------------------------------------
Instrumented:   x
Instruments:    _k_eq_m6 _k_eq_m5 _k_eq_m4 _k_eq_m3 _k_eq_p0 _k_eq_p1 _k_eq_p2
                _k_eq_p3 _k_eq_p4 _k_eq_p5 _k_eq_p6 7.t 8.t 9.t 10.t 11.t 12.t
                13.t 14.t _fd1z
------------------------------------------------------------------------------

. 
. /* Must fail
> xtevent y , policyvar(z) panelvar(z) window(5) proxy(x)
> xtevent y , policyvar(z) timevar(z) window(5) proxy(x)
> */
. 
. * Testing noci, nosupt, nozeroline, nominus1label
. xtevent y , policyvar(z) timevar(t) window(5) proxy(x)

Using options panelvar and timevar from xtset

Proxy for the confound specified. Implementing FHS estimator

proxyiv=select. Selecting lead order of differenced policy variable to use as instrument.

Lead 1 selected.
(0 differences between z and zn)

Fixed-effects (within) IV regression            Number of obs     =      9,000
Group variable: i                               Number of groups  =      1,000

R-sq:                                           Obs per group:
     within  = 0.2950                                         min =          9
     between = 0.4244                                         avg =        9.0
     overall = 0.3585                                         max =          9

                                                Wald chi2(20)     =   41330.02
corr(u_i, Xb)  = 0.1576                         Prob > chi2       =     0.0000

------------------------------------------------------------------------------
           y |      Coef.   Std. Err.      z    P>|z|     [95% Conf. Interval]
-------------+----------------------------------------------------------------
           x |   .1392525   .1010632     1.38   0.168    -.0588277    .3373327
    _k_eq_m6 |  -.1065394   .2743785    -0.39   0.698    -.6443113    .4312325
    _k_eq_m5 |   -.122451   .2355154    -0.52   0.603    -.5840526    .3391506
    _k_eq_m4 |   .0123289   .1741198     0.07   0.944    -.3289396    .3535975
    _k_eq_m3 |  -.0161372   .1718398    -0.09   0.925     -.352937    .3206627
    _k_eq_p0 |   1.261102   .2152361     5.86   0.000     .8392473    1.682957
    _k_eq_p1 |   1.149739   .2281563     5.04   0.000     .7025606    1.596917
    _k_eq_p2 |   1.178902   .2474892     4.76   0.000      .693832    1.663972
    _k_eq_p3 |   1.103255   .2750459     4.01   0.000      .564175    1.642335
    _k_eq_p4 |   1.223123   .2752642     4.44   0.000     .6836148    1.762631
    _k_eq_p5 |   1.311952   .2863164     4.58   0.000     .7507823    1.873122
    _k_eq_p6 |   1.288417    .287052     4.49   0.000     .7258057    1.851029
             |
           t |
          7  |   .1702115   .0477075     3.57   0.000     .0767066    .2637165
          8  |   .4454482   .0500072     8.91   0.000     .3474358    .5434606
          9  |   .6171858   .0531204    11.62   0.000     .5130716    .7212999
         10  |   .8619131   .0647035    13.32   0.000     .7350966    .9887296
         11  |   .9862705   .0699671    14.10   0.000     .8491375    1.123404
         12  |   1.158941    .079196    14.63   0.000      1.00372    1.314162
         13  |   1.367058   .0763369    17.91   0.000      1.21744    1.516675
         14  |   1.530227   .0876087    17.47   0.000     1.358517    1.701937
             |
       _cons |   1.194822   .0411253    29.05   0.000     1.114218    1.275426
-------------+----------------------------------------------------------------
     sigma_u |  1.1160791
     sigma_e |  1.0453467
         rho |  .53268988   (fraction of variance due to u_i)
------------------------------------------------------------------------------
F  test that all u_i=0:     F(999,7980) =     9.50        Prob > F    = 0.0000
------------------------------------------------------------------------------
Instrumented:   x
Instruments:    _k_eq_m6 _k_eq_m5 _k_eq_m4 _k_eq_m3 _k_eq_p0 _k_eq_p1 _k_eq_p2
                _k_eq_p3 _k_eq_p4 _k_eq_p5 _k_eq_p6 7.t 8.t 9.t 10.t 11.t 12.t
                13.t 14.t _fd1z
------------------------------------------------------------------------------

. xteventplot, nosupt

option nosupt has been specified. Sup-t confidence intervals won't be displayed or calculated

. xteventplot, noci

option noci has been specified. Confidence intervals won't be displayed

. xteventplot, nozeroline

option nozeroline has been specified. The reference line at 0 won't be displayed

. xteventplot, nominus1label

{option bf:nominus1label} has been specified. The label for the value of the depedent variable at event-time = -1 w
> on't be displayed

. 
. * Test if/in
. xtevent y if i<100, panelvar(i) timevar(t) policyvar(z) window(5) proxy(x) plot

Proxy for the confound specified. Implementing FHS estimator

proxyiv=select. Selecting lead order of differenced policy variable to use as instrument.

Lead 1 selected.
(0 differences between z and zn)

Fixed-effects (within) IV regression            Number of obs     =        891
Group variable: i                               Number of groups  =         99

R-sq:                                           Obs per group:
     within  =      .                                         min =          9
     between = 0.4757                                         avg =        9.0
     overall = 0.3072                                         max =          9

                                                Wald chi2(20)     =    1120.25
corr(u_i, Xb)  = -0.5536                        Prob > chi2       =     0.0000

------------------------------------------------------------------------------
           y |      Coef.   Std. Err.      z    P>|z|     [95% Conf. Interval]
-------------+----------------------------------------------------------------
           x |   .7456906   .5806115     1.28   0.199     -.392287    1.883668
    _k_eq_m6 |   1.609992   2.051722     0.78   0.433     -2.41131    5.631293
    _k_eq_m5 |   1.052834   1.259751     0.84   0.403    -1.416234    3.521901
    _k_eq_m4 |   .9589366    1.14127     0.84   0.401    -1.277912    3.195785
    _k_eq_m3 |   .8394258   .9804861     0.86   0.392    -1.082292    2.761143
    _k_eq_p0 |  -.4441353   1.325926    -0.33   0.738    -3.042903    2.154632
    _k_eq_p1 |  -.3969466   1.562421    -0.25   0.799    -3.459235    2.665342
    _k_eq_p2 |  -.2472683   1.430608    -0.17   0.863    -3.051209    2.556672
    _k_eq_p3 |  -1.244866   2.263575    -0.55   0.582    -5.681392     3.19166
    _k_eq_p4 |  -.3007906   1.710624    -0.18   0.860    -3.653553    3.051972
    _k_eq_p5 |  -.2080423   1.559418    -0.13   0.894    -3.264446    2.848361
    _k_eq_p6 |  -1.450548   2.455947    -0.59   0.555    -6.264116    3.363019
             |
           t |
          7  |   .6291801   .3536943     1.78   0.075     -.064048    1.322408
          8  |   .6085594   .2981511     2.04   0.041      .024194    1.192925
          9  |   1.087378   .4678991     2.32   0.020     .1703125    2.004443
         10  |   1.409432   .4430396     3.18   0.001     .5410903    2.277774
         11  |   1.482605   .4578937     3.24   0.001     .5851497     2.38006
         12  |   1.394291   .4626193     3.01   0.003     .4875737    2.301008
         13  |   1.717866   .4940681     3.48   0.001     .7495101    2.686222
         14  |    2.03854   .5201162     3.92   0.000     1.019131    3.057949
             |
       _cons |   .9390361   .2298204     4.09   0.000     .4885963    1.389476
-------------+----------------------------------------------------------------
     sigma_u |  1.5906003
     sigma_e |  1.8971401
         rho |  .41278307   (fraction of variance due to u_i)
------------------------------------------------------------------------------
F  test that all u_i=0:     F(98,772) =     2.87          Prob > F    = 0.0000
------------------------------------------------------------------------------
Instrumented:   x
Instruments:    _k_eq_m6 _k_eq_m5 _k_eq_m4 _k_eq_m3 _k_eq_p0 _k_eq_p1 _k_eq_p2
                _k_eq_p3 _k_eq_p4 _k_eq_p5 _k_eq_p6 7.t 8.t 9.t 10.t 11.t 12.t
                13.t 14.t _fd1z
------------------------------------------------------------------------------

. xtevent y in 1/600 , panelvar(i) timevar(t) policyvar(z) window(5) proxy(x) plot

Proxy for the confound specified. Implementing FHS estimator

proxyiv=select. Selecting lead order of differenced policy variable to use as instrument.

Lead 1 selected.
(0 differences between z and zn)

Fixed-effects (within) IV regression            Number of obs     =        540
Group variable: i                               Number of groups  =         60

R-sq:                                           Obs per group:
     within  =      .                                         min =          9
     between = 0.4160                                         avg =        9.0
     overall = 0.2755                                         max =          9

                                                Wald chi2(20)     =     685.81
corr(u_i, Xb)  = -0.3718                        Prob > chi2       =     0.0000

------------------------------------------------------------------------------
           y |      Coef.   Std. Err.      z    P>|z|     [95% Conf. Interval]
-------------+----------------------------------------------------------------
           x |   .4991323   .4028578     1.24   0.215    -.2904544    1.288719
    _k_eq_m6 |   1.231481   1.349454     0.91   0.361      -1.4134    3.876363
    _k_eq_m5 |   1.114901   .8950442     1.25   0.213    -.6393534    2.869155
    _k_eq_m4 |  -.2114259    .657933    -0.32   0.748    -1.500951    1.078099
    _k_eq_m3 |   .1058931   .6369155     0.17   0.868    -1.142438    1.354224
    _k_eq_p0 |  -.3194828   1.468518    -0.22   0.828    -3.197725    2.558759
    _k_eq_p1 |   .3934711   1.326798     0.30   0.767    -2.207005    2.993947
    _k_eq_p2 |   .5680792   1.136432     0.50   0.617    -1.659286    2.795444
    _k_eq_p3 |   .4219742   1.445224     0.29   0.770    -2.410612     3.25456
    _k_eq_p4 |  -.0742375   1.193467    -0.06   0.950    -2.413389    2.264914
    _k_eq_p5 |   .2888912   1.399249     0.21   0.836    -2.453587    3.031369
    _k_eq_p6 |  -.3120456   1.611817    -0.19   0.846    -3.471149    2.847058
             |
           t |
          7  |   .5921019   .3472498     1.71   0.088    -.0884952    1.272699
          8  |   .9102323    .483525     1.88   0.060    -.0374594    1.857924
          9  |   1.200268   .5705891     2.10   0.035     .0819336    2.318602
         10  |   1.577896   .5277967     2.99   0.003     .5434337    2.612359
         11  |   1.515668   .4747651     3.19   0.001      .585146    2.446191
         12  |    1.52156    .535254     2.84   0.004     .4724811    2.570638
         13  |   1.581013   .4202418     3.76   0.000     .7573542    2.404672
         14  |   2.013276   .6206183     3.24   0.001     .7968862    3.229665
             |
       _cons |   .5045412   .2282838     2.21   0.027     .0571133    .9519692
-------------+----------------------------------------------------------------
     sigma_u |   1.179271
     sigma_e |  1.4776757
         rho |  .38908787   (fraction of variance due to u_i)
------------------------------------------------------------------------------
F  test that all u_i=0:     F(59,460) =     4.23          Prob > F    = 0.0000
------------------------------------------------------------------------------
Instrumented:   x
Instruments:    _k_eq_m6 _k_eq_m5 _k_eq_m4 _k_eq_m3 _k_eq_p0 _k_eq_p1 _k_eq_p2
                _k_eq_p3 _k_eq_p4 _k_eq_p5 _k_eq_p6 7.t 8.t 9.t 10.t 11.t 12.t
                13.t 14.t _fd1z
------------------------------------------------------------------------------

. xtevent y in 1/600 if i<30 , panelvar(i) timevar(t) policyvar(z) window(5) proxy(x) plot

Proxy for the confound specified. Implementing FHS estimator

proxyiv=select. Selecting lead order of differenced policy variable to use as instrument.

Lead 3 selected.
(0 differences between z and zn)
note: _k_eq_p6 omitted because of collinearity

Fixed-effects (within) IV regression            Number of obs     =        203
Group variable: i                               Number of groups  =         29

R-sq:                                           Obs per group:
     within  =      .                                         min =          7
     between = 0.3326                                         avg =        7.0
     overall = 0.1542                                         max =          7

                                                Wald chi2(17)     =      17.94
corr(u_i, Xb)  = -0.7833                        Prob > chi2       =     0.4595

------------------------------------------------------------------------------
           y |      Coef.   Std. Err.      z    P>|z|     [95% Conf. Interval]
-------------+----------------------------------------------------------------
           x |  -2.023333   4.873128    -0.42   0.678    -11.57449    7.527822
    _k_eq_m6 |  -15.22637   33.19649    -0.46   0.646    -80.29028    49.83755
    _k_eq_m5 |  -5.538347   12.55684    -0.44   0.659     -30.1493     19.0726
    _k_eq_m4 |   -3.16335   6.335816    -0.50   0.618    -15.58132    9.254621
    _k_eq_m2 |   -5.13415   10.85028    -0.47   0.636     -26.4003      16.132
    _k_eq_p0 |   6.108551    15.4212     0.40   0.692    -24.11645    36.33355
    _k_eq_p1 |   5.941359   12.35615     0.48   0.631    -18.27625    30.15897
    _k_eq_p2 |   4.856911   13.04315     0.37   0.710    -20.70719    30.42101
    _k_eq_p3 |     11.626   23.56937     0.49   0.622    -34.56911    57.82111
    _k_eq_p4 |   5.849578    15.5009     0.38   0.706    -24.53163    36.23079
    _k_eq_p5 |   2.960612    9.71347     0.30   0.761    -16.07744    21.99866
    _k_eq_p6 |          0  (omitted)
             |
           t |
          7  |  -1.636619   5.118495    -0.32   0.749    -11.66869    8.395447
          8  |  -2.028066   5.811103    -0.35   0.727    -13.41762    9.361487
          9  |  -1.546682   5.153427    -0.30   0.764    -11.64721     8.55385
         10  |  -1.495373   5.340663    -0.28   0.779    -11.96288    8.972133
         11  |  -1.254691   5.366723    -0.23   0.815    -11.77327    9.263893
         12  |  -2.800919   9.151576    -0.31   0.760    -20.73768    15.13584
             |
       _cons |   1.380411   1.579816     0.87   0.382    -1.715971    4.476794
-------------+----------------------------------------------------------------
     sigma_u |  6.3839871
     sigma_e |  4.9285713
         rho |  .62656004   (fraction of variance due to u_i)
------------------------------------------------------------------------------
F  test that all u_i=0:     F(28,157) =     0.31          Prob > F    = 0.9997
------------------------------------------------------------------------------
Instrumented:   x
Instruments:    _k_eq_m6 _k_eq_m5 _k_eq_m4 _k_eq_m2 _k_eq_p0 _k_eq_p1 _k_eq_p2
                _k_eq_p3 _k_eq_p4 _k_eq_p5 7.t 8.t 9.t 10.t 11.t 12.t _fd3z
------------------------------------------------------------------------------
Warning: Some event-time dummies were omitted in the regression. These coefficients will be shown as zero in the pl
> ot. Check the window and the instruments, if any.

. 
. * Test nofe, note
. xtevent y, panelvar(i) timevar(t) policyvar(z) window(5) nofe proxy(x)

Proxy for the confound specified. Implementing FHS estimator

proxyiv=select. Selecting lead order of differenced policy variable to use as instrument.

Lead 1 selected.
(0 differences between z and zn)
note: 15.t identifies no observations in the sample


Instrumental variables (2SLS) regression

      Source |       SS       df       MS         Number of obs   =      9,000
-------------+------------------------------      F( 20,  8979)   =     205.95
       Model |  10163.9574    20  508.197872      Prob > F        =     0.0000
    Residual |  20656.6841  8979  2.30055509      R-squared       =     0.3298
-------------+------------------------------      Adj R-squared   =     0.3283
       Total |  30820.6416  8999  3.42489627      Root MSE        =     1.5168

------------------------------------------------------------------------------
           y |      Coef.   Std. Err.      t    P>|t|     [95% Conf. Interval]
-------------+----------------------------------------------------------------
           x |   .2700865   .0265739    10.16   0.000     .2179956    .3221773
    _k_eq_m6 |   .3894018   .1187712     3.28   0.001     .1565832    .6222204
    _k_eq_m5 |   .2456416   .1583457     1.55   0.121     -.064752    .5560352
    _k_eq_m4 |   .3620455   .1508241     2.40   0.016     .0663957    .6576952
    _k_eq_m3 |   .2794193   .1410601     1.98   0.048     .0029093    .5559293
    _k_eq_p0 |   1.080683   .1767098     6.12   0.000     .7342919    1.427075
    _k_eq_p1 |   .9530593   .1807041     5.27   0.000     .5988381     1.30728
    _k_eq_p2 |   .9218153   .1873894     4.92   0.000     .5544894    1.289141
    _k_eq_p3 |   .7977871   .1965878     4.06   0.000     .4124301    1.183144
    _k_eq_p4 |   .9515779   .2025389     4.70   0.000     .5545554      1.3486
    _k_eq_p5 |   .9394624   .2124677     4.42   0.000     .5229771    1.355948
    _k_eq_p6 |   .9814701   .1900852     5.16   0.000     .6088597    1.354081
             |
           t |
          7  |   .1828512   .0681338     2.68   0.007     .0492935     .316409
          8  |   .4724423   .0683733     6.91   0.000     .3384151    .6064694
          9  |   .6566796   .0687728     9.55   0.000     .5218692    .7914899
         10  |   .9284394   .0696353    13.33   0.000     .7919382    1.064941
         11  |   1.067836   .0700943    15.23   0.000     .9304347    1.205236
         12  |   1.256515   .0706256    17.79   0.000     1.118072    1.394957
         13  |   1.461472   .0707167    20.67   0.000     1.322851    1.600093
         14  |   1.640965   .0722903    22.70   0.000      1.49926     1.78267
         15  |          0  (empty)
             |
       _cons |   1.143363   .0512661    22.30   0.000     1.042869    1.243856
------------------------------------------------------------------------------
Instrumented:  x
Instruments:   _k_eq_m6 _k_eq_m5 _k_eq_m4 _k_eq_m3 _k_eq_p0 _k_eq_p1
               _k_eq_p2 _k_eq_p3 _k_eq_p4 _k_eq_p5 _k_eq_p6 7.t 8.t 9.t 10.t
               11.t 12.t 13.t 14.t _fd1z

. 
. * Note: Warning for the omitted time dummy comes from ivregress 2sls
. 
. xtevent y, panelvar(i) timevar(t) policyvar(z) window(5) nofe note proxy(x)

Proxy for the confound specified. Implementing FHS estimator

proxyiv=select. Selecting lead order of differenced policy variable to use as instrument.

Lead 1 selected.
(0 differences between z and zn)


Instrumental variables (2SLS) regression

      Source |       SS       df       MS         Number of obs   =      9,000
-------------+------------------------------      F( 12,  8987)   =     250.65
       Model |    7951.551    12   662.62925      Prob > F        =     0.0000
    Residual |  22869.0906  8987  2.54468572      R-squared       =     0.2580
-------------+------------------------------      Adj R-squared   =     0.2570
       Total |  30820.6416  8999  3.42489627      Root MSE        =     1.5952

------------------------------------------------------------------------------
           y |      Coef.   Std. Err.      t    P>|t|     [95% Conf. Interval]
-------------+----------------------------------------------------------------
           x |    .265655   .0278989     9.52   0.000     .2109667    .3203432
    _k_eq_m6 |  -.2453827   .1253703    -1.96   0.050     -.491137    .0003717
    _k_eq_m5 |  -.1673862   .1673411    -1.00   0.317    -.4954128    .1606405
    _k_eq_m4 |   .0525352   .1597039     0.33   0.742    -.2605209    .3655913
    _k_eq_m3 |   .0840853   .1490021     0.56   0.573    -.2079928    .3761634
    _k_eq_p0 |    1.01432   .1863588     5.44   0.000     .6490142    1.379626
    _k_eq_p1 |   .9918544   .1895301     5.23   0.000     .6203322    1.363377
    _k_eq_p2 |   1.082484   .1954461     5.54   0.000     .6993653    1.465603
    _k_eq_p3 |   1.068396   .2040559     5.24   0.000     .6684003    1.468392
    _k_eq_p4 |   1.338584   .2085994     6.42   0.000     .9296812    1.747486
    _k_eq_p5 |   1.412101   .2183249     6.47   0.000     .9841339    1.840067
    _k_eq_p6 |   1.654502   .1915932     8.64   0.000     1.278936    2.030069
       _cons |   1.987625   .0300806    66.08   0.000     1.928661     2.04659
------------------------------------------------------------------------------
Instrumented:  x
Instruments:   _k_eq_m6 _k_eq_m5 _k_eq_m4 _k_eq_m3 _k_eq_p0 _k_eq_p1
               _k_eq_p2 _k_eq_p3 _k_eq_p4 _k_eq_p5 _k_eq_p6 _fd1z

. 
. * Test savek
. xtevent y , panelvar(i) timevar(t) policyvar(z) window(5) savek(a) proxy(x)

Proxy for the confound specified. Implementing FHS estimator

proxyiv=select. Selecting lead order of differenced policy variable to use as instrument.

Lead 1 selected.
(0 differences between z and zn)

Fixed-effects (within) IV regression            Number of obs     =      9,000
Group variable: i                               Number of groups  =      1,000

R-sq:                                           Obs per group:
     within  = 0.2950                                         min =          9
     between = 0.4244                                         avg =        9.0
     overall = 0.3585                                         max =          9

                                                Wald chi2(20)     =   41330.02
corr(u_i, Xb)  = 0.1576                         Prob > chi2       =     0.0000

------------------------------------------------------------------------------
           y |      Coef.   Std. Err.      z    P>|z|     [95% Conf. Interval]
-------------+----------------------------------------------------------------
           x |   .1392525   .1010632     1.38   0.168    -.0588277    .3373327
    _k_eq_m6 |  -.1065394   .2743785    -0.39   0.698    -.6443113    .4312325
    _k_eq_m5 |   -.122451   .2355154    -0.52   0.603    -.5840526    .3391506
    _k_eq_m4 |   .0123289   .1741198     0.07   0.944    -.3289396    .3535975
    _k_eq_m3 |  -.0161372   .1718398    -0.09   0.925     -.352937    .3206627
    _k_eq_p0 |   1.261102   .2152361     5.86   0.000     .8392473    1.682957
    _k_eq_p1 |   1.149739   .2281563     5.04   0.000     .7025606    1.596917
    _k_eq_p2 |   1.178902   .2474892     4.76   0.000      .693832    1.663972
    _k_eq_p3 |   1.103255   .2750459     4.01   0.000      .564175    1.642335
    _k_eq_p4 |   1.223123   .2752642     4.44   0.000     .6836148    1.762631
    _k_eq_p5 |   1.311952   .2863164     4.58   0.000     .7507823    1.873122
    _k_eq_p6 |   1.288417    .287052     4.49   0.000     .7258057    1.851029
             |
           t |
          7  |   .1702115   .0477075     3.57   0.000     .0767066    .2637165
          8  |   .4454482   .0500072     8.91   0.000     .3474358    .5434606
          9  |   .6171858   .0531204    11.62   0.000     .5130716    .7212999
         10  |   .8619131   .0647035    13.32   0.000     .7350966    .9887296
         11  |   .9862705   .0699671    14.10   0.000     .8491375    1.123404
         12  |   1.158941    .079196    14.63   0.000      1.00372    1.314162
         13  |   1.367058   .0763369    17.91   0.000      1.21744    1.516675
         14  |   1.530227   .0876087    17.47   0.000     1.358517    1.701937
             |
       _cons |   1.194822   .0411253    29.05   0.000     1.114218    1.275426
-------------+----------------------------------------------------------------
     sigma_u |  1.1160791
     sigma_e |  1.0453467
         rho |  .53268988   (fraction of variance due to u_i)
------------------------------------------------------------------------------
F  test that all u_i=0:     F(999,7980) =     9.50        Prob > F    = 0.0000
------------------------------------------------------------------------------
Instrumented:   x
Instruments:    _k_eq_m6 _k_eq_m5 _k_eq_m4 _k_eq_m3 _k_eq_p0 _k_eq_p1 _k_eq_p2
                _k_eq_p3 _k_eq_p4 _k_eq_p5 _k_eq_p6 7.t 8.t 9.t 10.t 11.t 12.t
                13.t 14.t _fd1z
------------------------------------------------------------------------------

. des a_eq*, s

              storage   display    value
variable name   type    format     label      variable label
-------------------------------------------------------------------------------------------------------------------
a_eq_m6         float   %9.0g                 Event time <= - 6
a_eq_m5         float   %9.0g                 Event-time = - 5
a_eq_m4         float   %9.0g                 Event-time = - 4
a_eq_m3         float   %9.0g                 Event-time = - 3
a_eq_m2         float   %9.0g                 Event-time = - 2
a_eq_m1         float   %9.0g                 Event-time = - 1
a_eq_p0         float   %9.0g                 Event-time = + 0
a_eq_p1         float   %9.0g                 Event-time = + 1
a_eq_p2         float   %9.0g                 Event-time = + 2
a_eq_p3         float   %9.0g                 Event-time = + 3
a_eq_p4         float   %9.0g                 Event-time = + 4
a_eq_p5         float   %9.0g                 Event-time = + 5
a_eq_p6         float   %9.0g                 Event time >= + 6

. des a_evtime, s

              storage   display    value
variable name   type    format     label      variable label
-------------------------------------------------------------------------------------------------------------------
a_evtime        float   %9.0g                 

. drop a_*

. 
. 
. * Test factor variables in varlist
. cap gen pois=rpoisson(5)

. xtevent y i.pois, panelvar(i) timevar(t) policyvar(z) window(5) proxy(x)

Proxy for the confound specified. Implementing FHS estimator

proxyiv=select. Selecting lead order of differenced policy variable to use as instrument.

Lead 1 selected.
(0 differences between z and zn)

Fixed-effects (within) IV regression            Number of obs     =      9,000
Group variable: i                               Number of groups  =      1,000

R-sq:                                           Obs per group:
     within  = 0.2988                                         min =          9
     between = 0.4220                                         avg =        9.0
     overall = 0.3581                                         max =          9

                                                Wald chi2(37)     =   41480.23
corr(u_i, Xb)  = 0.1616                         Prob > chi2       =     0.0000

------------------------------------------------------------------------------
           y |      Coef.   Std. Err.      z    P>|z|     [95% Conf. Interval]
-------------+----------------------------------------------------------------
           x |   .1340292   .1009888     1.33   0.184    -.0639053    .3319637
             |
        pois |
          1  |   .3397589   .1609602     2.11   0.035     .0242826    .6552351
          2  |   .2738169   .1513227     1.81   0.070    -.0227701    .5704039
          3  |   .3111295   .1490694     2.09   0.037     .0189588    .6033002
          4  |   .2545469   .1483553     1.72   0.086    -.0362241     .545318
          5  |   .2993458   .1483692     2.02   0.044     .0085476    .5901441
          6  |   .2546003   .1489903     1.71   0.087    -.0374153    .5466159
          7  |   .2894528   .1499567     1.93   0.054     -.004457    .5833626
          8  |   .2720471   .1524689     1.78   0.074    -.0267865    .5708808
          9  |   .1373926   .1585683     0.87   0.386    -.1733955    .4481807
         10  |   .2768141   .1745259     1.59   0.113    -.0652504    .6188786
         11  |    .309209   .1899978     1.63   0.104    -.0631799    .6815979
         12  |   .4776829   .2425801     1.97   0.049     .0022347    .9531311
         13  |   .1818844   .3399182     0.54   0.593     -.484343    .8481119
         14  |   .7639625   .8144605     0.94   0.348    -.8323507    2.360276
         15  |   1.118516   1.162115     0.96   0.336    -1.159187    3.396219
         16  |   .1237788   1.119888     0.11   0.912    -2.071161    2.318719
         17  |  -.6808961   1.118939    -0.61   0.543    -2.873976    1.512184
             |
    _k_eq_m6 |  -.1147622   .2746474    -0.42   0.676    -.6530612    .4235368
    _k_eq_m5 |  -.1374682   .2349083    -0.59   0.558    -.5978801    .3229436
    _k_eq_m4 |   .0046743   .1739887     0.03   0.979    -.3363373     .345686
    _k_eq_m3 |  -.0324076   .1705584    -0.19   0.849    -.3666961    .3018808
    _k_eq_p0 |   1.270626   .2146662     5.92   0.000     .8498883    1.691364
    _k_eq_p1 |   1.154093    .228103     5.06   0.000     .7070192    1.601167
    _k_eq_p2 |   1.190312   .2463511     4.83   0.000     .7074725    1.673151
    _k_eq_p3 |   1.117073   .2743137     4.07   0.000     .5794279    1.654718
    _k_eq_p4 |   1.229371   .2749886     4.47   0.000     .6904034    1.768339
    _k_eq_p5 |   1.325485   .2851587     4.65   0.000     .7665839    1.884385
    _k_eq_p6 |   1.297633   .2874376     4.51   0.000     .7342652       1.861
             |
           t |
          7  |    .168599   .0477447     3.53   0.000     .0750212    .2621769
          8  |   .4455022   .0499812     8.91   0.000     .3475408    .5434636
          9  |   .6155978   .0532531    11.56   0.000     .5112235     .719972
         10  |   .8591293   .0646544    13.29   0.000     .7324089    .9858496
         11  |   .9803756   .0704215    13.92   0.000     .8423521    1.118399
         12  |   1.152951   .0793562    14.53   0.000     .9974157    1.308486
         13  |   1.361574   .0765049    17.80   0.000     1.211628    1.511521
         14  |   1.524285   .0876277    17.40   0.000     1.352538    1.696032
             |
       _cons |   .9224857   .1502436     6.14   0.000     .6280137    1.216958
-------------+----------------------------------------------------------------
     sigma_u |  1.1203184
     sigma_e |  1.0436406
         rho |  .53538959   (fraction of variance due to u_i)
------------------------------------------------------------------------------
F  test that all u_i=0:     F(999,7963) =     9.53        Prob > F    = 0.0000
------------------------------------------------------------------------------
Instrumented:   x
Instruments:    1.pois 2.pois 3.pois 4.pois 5.pois 6.pois 7.pois 8.pois 9.pois
                10.pois 11.pois 12.pois 13.pois 14.pois 15.pois 16.pois
                17.pois _k_eq_m6 _k_eq_m5 _k_eq_m4 _k_eq_m3 _k_eq_p0 _k_eq_p1
                _k_eq_p2 _k_eq_p3 _k_eq_p4 _k_eq_p5 _k_eq_p6 7.t 8.t 9.t 10.t
                11.t 12.t 13.t 14.t _fd1z
------------------------------------------------------------------------------

. cap drop pois

. 
. * Test asymmetric window
. xtevent y , panelvar(i) timevar(t) policyvar(z) window(-4 2) proxy(x) plot

Proxy for the confound specified. Implementing FHS estimator

proxyiv=select. Selecting lead order of differenced policy variable to use as instrument.

Lead 1 selected.
(0 differences between z and zn)

Fixed-effects (within) IV regression            Number of obs     =      9,000
Group variable: i                               Number of groups  =      1,000

R-sq:                                           Obs per group:
     within  = 0.2960                                         min =          9
     between = 0.4244                                         avg =        9.0
     overall = 0.3580                                         max =          9

                                                Wald chi2(16)     =   41404.92
corr(u_i, Xb)  = 0.1629                         Prob > chi2       =     0.0000

------------------------------------------------------------------------------
           y |      Coef.   Std. Err.      z    P>|z|     [95% Conf. Interval]
-------------+----------------------------------------------------------------
           x |   .1365311   .1013587     1.35   0.178    -.0621283    .3351906
    _k_eq_m5 |   -.113507   .2506606    -0.45   0.651    -.6047927    .3777787
    _k_eq_m4 |   .0156073   .1736199     0.09   0.928    -.3246815     .355896
    _k_eq_m3 |  -.0148626   .1715737    -0.09   0.931    -.3511408    .3214156
    _k_eq_p0 |   1.258337   .2144086     5.87   0.000     .8381035     1.67857
    _k_eq_p1 |   1.146201   .2267066     5.06   0.000     .7018639    1.590537
    _k_eq_p2 |   1.174143   .2455069     4.78   0.000     .6929587    1.655328
    _k_eq_p3 |   1.215218    .267886     4.54   0.000      .690171    1.740265
             |
           t |
          7  |   .1702142   .0476053     3.58   0.000     .0769096    .2635189
          8  |   .4455142   .0495949     8.98   0.000     .3483099    .5427184
          9  |   .6119594   .0523534    11.69   0.000     .5093485    .7145703
         10  |   .8598716   .0636223    13.52   0.000     .7351742    .9845691
         11  |   .9875646   .0690783    14.30   0.000     .8521735    1.122956
         12  |   1.161944    .078046    14.89   0.000     1.008977    1.314912
         13  |   1.372297   .0749299    18.31   0.000     1.225437    1.519157
         14  |   1.536327   .0858699    17.89   0.000     1.368025    1.704629
             |
       _cons |   1.195169   .0406126    29.43   0.000      1.11557    1.274769
-------------+----------------------------------------------------------------
     sigma_u |  1.1184925
     sigma_e |  1.0443515
         rho |  .53423918   (fraction of variance due to u_i)
------------------------------------------------------------------------------
F  test that all u_i=0:     F(999,7984) =     9.52        Prob > F    = 0.0000
------------------------------------------------------------------------------
Instrumented:   x
Instruments:    _k_eq_m5 _k_eq_m4 _k_eq_m3 _k_eq_p0 _k_eq_p1 _k_eq_p2 _k_eq_p3
                7.t 8.t 9.t 10.t 11.t 12.t 13.t 14.t _fd1z
------------------------------------------------------------------------------

. xtevent y , panelvar(i) timevar(t) policyvar(z) window(-2 2) proxy(x) plot

Proxy for the confound specified. Implementing FHS estimator

proxyiv=select. Selecting lead order of differenced policy variable to use as instrument.

Lead 1 selected.
(0 differences between z and zn)

Fixed-effects (within) IV regression            Number of obs     =      9,000
Group variable: i                               Number of groups  =      1,000

R-sq:                                           Obs per group:
     within  = 0.2963                                         min =          9
     between = 0.4249                                         avg =        9.0
     overall = 0.3580                                         max =          9

                                                Wald chi2(14)     =   41428.78
corr(u_i, Xb)  = 0.1657                         Prob > chi2       =     0.0000

------------------------------------------------------------------------------
           y |      Coef.   Std. Err.      z    P>|z|     [95% Conf. Interval]
-------------+----------------------------------------------------------------
           x |   .1354671   .1022896     1.32   0.185    -.0650168    .3359509
    _k_eq_m3 |  -.0524172    .195021    -0.27   0.788    -.4346513    .3298169
    _k_eq_p0 |   1.256537   .2128619     5.90   0.000     .8393351    1.673739
    _k_eq_p1 |   1.141607    .222848     5.12   0.000     .7048328    1.578381
    _k_eq_p2 |   1.167203   .2396388     4.87   0.000     .6975198    1.636887
    _k_eq_p3 |    1.20689   .2604548     4.63   0.000     .6964082    1.717372
             |
           t |
          7  |   .1719691   .0473241     3.63   0.000     .0792156    .2647227
          8  |   .4484429   .0487313     9.20   0.000     .3529314    .5439545
          9  |   .6166794   .0505445    12.20   0.000      .517614    .7157448
         10  |   .8659718   .0599102    14.45   0.000     .7485499    .9833937
         11  |   .9945769   .0644174    15.44   0.000     .8683211    1.120833
         12  |   1.167786   .0736228    15.86   0.000     1.023488    1.312084
         13  |    1.37781   .0710396    19.39   0.000     1.238575    1.517045
         14  |   1.541933   .0815908    18.90   0.000     1.382018    1.701848
             |
       _cons |   1.191156   .0388486    30.66   0.000     1.115014    1.267298
-------------+----------------------------------------------------------------
     sigma_u |   1.119333
     sigma_e |  1.0439615
         rho |  .53479882   (fraction of variance due to u_i)
------------------------------------------------------------------------------
F  test that all u_i=0:     F(999,7986) =     9.53        Prob > F    = 0.0000
------------------------------------------------------------------------------
Instrumented:   x
Instruments:    _k_eq_m3 _k_eq_p0 _k_eq_p1 _k_eq_p2 _k_eq_p3 7.t 8.t 9.t 10.t
                11.t 12.t 13.t 14.t _fd1z
------------------------------------------------------------------------------

. 
. * Test overlay plots
. graph drop _all

.         
. xteventplot, y

. xteventplot, proxy

. xteventplot, overlay(iv)

. xteventplot

. xteventplot, overlay(static)
Estimating static model...

option static specified. Estimating static model

Plotting options ignored

Proxy for the confound specified. Implementing FHS estimator

proxyiv=select. Selecting lead order of differenced policy variable to use as instrument.

Lead 1 selected.

Fixed-effects (within) IV regression            Number of obs     =      9,000
Group variable: i                               Number of groups  =      1,000

R-sq:                                           Obs per group:
     within  =      .                                         min =          9
     between = 0.4309                                         avg =        9.0
     overall = 0.2574                                         max =          9

                                                Wald chi2(2)      =   19938.49
corr(u_i, Xb)  = -0.4123                        Prob > chi2       =     0.0000

------------------------------------------------------------------------------
           y |      Coef.   Std. Err.      z    P>|z|     [95% Conf. Interval]
-------------+----------------------------------------------------------------
           x |   .4545707   .0730345     6.22   0.000     .3114257    .5977158
           z |   1.287881   .2039745     6.31   0.000     .8880985    1.687664
       _cons |   1.968396   .0301279    65.33   0.000     1.909346    2.027446
-------------+----------------------------------------------------------------
     sigma_u |  1.2504902
     sigma_e |  1.4741358
         rho |  .41846628   (fraction of variance due to u_i)
------------------------------------------------------------------------------
F  test that all u_i=0:     F(999,7998) =     4.86        Prob > F    = 0.0000
------------------------------------------------------------------------------
Instrumented:   x
Instruments:    z _f1z
------------------------------------------------------------------------------

. 
. 
. 
. 
. 
. *------------------------ 2.5: Replicate 2e and test basic funcionality  ----------------------------------
. 
. * Replicate 2e
. xtevent y , panelvar(i) timevar(t) policyvar(z) window(5) trend(-3) plot

No proxy or instruments provided. Implementing OLS estimator
(0 differences between z and zn)

Linear regression, absorbing indicators         Number of obs     =     10,000
Absorbed variable: i                            No. of categories =      1,000
                                                F(  20,   8980)   =     225.93
                                                Prob > F          =     0.0000
                                                R-squared         =     0.7256
                                                Adj R-squared     =     0.6945
                                                Root MSE          =     1.0492

------------------------------------------------------------------------------
           y |      Coef.   Std. Err.      t    P>|t|     [95% Conf. Interval]
-------------+----------------------------------------------------------------
    _k_eq_m6 |  -.6853987   .1519399    -4.51   0.000    -.9832356   -.3875618
    _k_eq_m5 |    .089175   .2129337     0.42   0.675    -.3282237    .5065736
    _k_eq_m4 |   .1779733   .1605148     1.11   0.268    -.1366723     .492619
    _k_eq_p0 |   1.330196   .1386486     9.59   0.000     1.058413    1.601979
    _k_eq_p1 |   1.059059   .1893365     5.59   0.000     .6879167    1.430202
    _k_eq_p2 |   1.006229   .2438776     4.13   0.000     .5281735    1.484285
    _k_eq_p3 |     .89615   .2999061     2.99   0.003     .3082657    1.484034
    _k_eq_p4 |   .8195069   .3566956     2.30   0.022     .1203022    1.518712
    _k_eq_p5 |   .7707869   .4142434     1.86   0.063    -.0412246    1.582798
    _k_eq_p6 |   1.476404   .1437286    10.27   0.000     1.194663    1.758145
             |
           t |
          7  |   .1582071    .047124     3.36   0.001     .0658334    .2505808
          8  |   .4210788   .0472934     8.90   0.000      .328373    .5137846
          9  |   .5792457   .0476567    12.15   0.000     .4858277    .6726636
         10  |   .7962063   .0480544    16.57   0.000     .7020087    .8904038
         11  |   .9095531   .0484071    18.79   0.000     .8146642    1.004442
         12  |   1.064849    .048706    21.86   0.000     .9693736    1.160323
         13  |   1.277061    .049105    26.01   0.000     1.180805    1.373318
         14  |   1.419503    .049587    28.63   0.000     1.322301    1.516704
         15  |   1.662022   .0500517    33.21   0.000     1.563909    1.760134
             |
     _ttrend |   .1446622   .0584976     2.47   0.013     .0299935     .259331
       _cons |    1.27565   .0443805    28.74   0.000     1.188655    1.362646
------------------------------------------------------------------------------
F test of absorbed indicators: F(999, 8980) = 12.846          Prob > F = 0.000

. 
. * Test overlay plot
. xteventplot, overlay(trend)

. 
. 
. /* Must fail
> xtevent y eta, policyvar(z) panelvar(z) window(5) trend(-3 5)
> xtevent y eta, policyvar(z) timevar(z) window(5) trend(-3 5)
> */
. 
. * Testing noci, nosupt, nozeroline, nominus1label
. xteventplot, noci

option noci has been specified. Confidence intervals won't be displayed

. xteventplot, nosupt

option nosupt has been specified. Sup-t confidence intervals won't be displayed or calculated

. xteventplot, nozeroline

option nozeroline has been specified. The reference line at 0 won't be displayed

. xteventplot, nominus1label

{option bf:nominus1label} has been specified. The label for the value of the depedent variable at event-time = -1 w
> on't be displayed

. 
. * Must fail
. * xtevent y eta if i<100, panelvar(i) timevar(t) policyvar(z) window(5) trend(-8 5)
. 
. 
. * Test nofe, note
. xtevent y, panelvar(i) timevar(t) policyvar(z) window(5) nofe trend(-3) plot

No proxy or instruments provided. Implementing OLS estimator
(0 differences between z and zn)

      Source |       SS           df       MS      Number of obs   =    10,000
-------------+----------------------------------   F(20, 9979)     =    249.62
       Model |  12013.6361        20  600.681803   Prob > F        =    0.0000
    Residual |  24013.0266     9,979  2.40635601   R-squared       =    0.3335
-------------+----------------------------------   Adj R-squared   =    0.3321
       Total |  36026.6626     9,999  3.60302657   Root MSE        =    1.5512

------------------------------------------------------------------------------
           y |      Coef.   Std. Err.      t    P>|t|     [95% Conf. Interval]
-------------+----------------------------------------------------------------
    _k_eq_m6 |   .8410291   .1146362     7.34   0.000     .6163189    1.065739
    _k_eq_m5 |  -1.476683   .2273551    -6.50   0.000    -1.922344   -1.031021
    _k_eq_m4 |  -.7524174   .1929255    -3.90   0.000     -1.13059   -.3742444
    _k_eq_p0 |   2.598651   .1026529    25.31   0.000      2.39743    2.799871
    _k_eq_p1 |   2.899873   .1132147    25.61   0.000      2.67795    3.121797
    _k_eq_p2 |   3.419325   .1335274    25.61   0.000     3.157585    3.681066
    _k_eq_p3 |   3.842697   .1600685    24.01   0.000      3.52893    4.156463
    _k_eq_p4 |    4.32742   .1893149    22.86   0.000     3.956324    4.698515
    _k_eq_p5 |   4.896685   .2222208    22.04   0.000     4.461087    5.332282
    _k_eq_p6 |   2.563631   .0920214    27.86   0.000     2.383251    2.744012
             |
           t |
          7  |    .168976   .0696375     2.43   0.015     .0324724    .3054797
          8  |   .4330195   .0697786     6.21   0.000     .2962393    .5697996
          9  |   .6041472     .07011     8.62   0.000     .4667174    .7415769
         10  |   .8283575   .0704065    11.77   0.000     .6903465    .9663686
         11  |   .9455419   .0706071    13.39   0.000     .8071377    1.083946
         12  |   1.114189   .0706251    15.78   0.000     .9757499    1.252629
         13  |   1.336925    .070809    18.88   0.000     1.198125    1.475725
         14  |    1.47979   .0711081    20.81   0.000     1.340404    1.619177
         15  |   1.714489   .0714102    24.01   0.000      1.57451    1.854467
             |
     _ttrend |  -.4497736   .0343806   -13.08   0.000    -.5171665   -.3823807
       _cons |    .953129   .0507144    18.79   0.000     .8537186    1.052539
------------------------------------------------------------------------------

. xtevent y, panelvar(i) timevar(t) policyvar(z) window(5) nofe note trend(-3) plot

No proxy or instruments provided. Implementing OLS estimator
(0 differences between z and zn)

      Source |       SS           df       MS      Number of obs   =    10,000
-------------+----------------------------------   F(11, 9988)     =    323.12
       Model |  9455.51358        11  859.592144   Prob > F        =    0.0000
    Residual |  26571.1491     9,988  2.66030727   R-squared       =    0.2625
-------------+----------------------------------   Adj R-squared   =    0.2616
       Total |  36026.6626     9,999  3.60302657   Root MSE        =     1.631

------------------------------------------------------------------------------
           y |      Coef.   Std. Err.      t    P>|t|     [95% Conf. Interval]
-------------+----------------------------------------------------------------
    _k_eq_m6 |   .1677667   .1179735     1.42   0.155    -.0634851    .3990185
    _k_eq_m5 |  -1.442253   .2386108    -6.04   0.000    -1.909978   -.9745278
    _k_eq_m4 |  -.7316904    .202657    -3.61   0.000    -1.128939   -.3344418
    _k_eq_p0 |   2.493891   .1077833    23.14   0.000     2.282614    2.705168
    _k_eq_p1 |    2.80389    .118703    23.62   0.000     2.571209    3.036572
    _k_eq_p2 |   3.337224   .1398585    23.86   0.000     3.063073    3.611375
    _k_eq_p3 |    3.74013    .167605    22.32   0.000     3.411591     4.06867
    _k_eq_p4 |   4.235753   .1982211    21.37   0.000       3.8472    4.624306
    _k_eq_p5 |   4.779882   .2327506    20.54   0.000     4.323644     5.23612
    _k_eq_p6 |   3.181505   .0940432    33.83   0.000     2.997162    3.365849
     _ttrend |  -.3479984    .035941    -9.68   0.000    -.4184501   -.2775468
       _cons |   1.815334   .0185673    97.77   0.000     1.778939     1.85173
------------------------------------------------------------------------------

. 
. * Test savek
. xtevent y, panelvar(i) timevar(t) policyvar(z) window(5) savek(a) trend(-3)

No proxy or instruments provided. Implementing OLS estimator
(0 differences between z and zn)

Linear regression, absorbing indicators         Number of obs     =     10,000
Absorbed variable: i                            No. of categories =      1,000
                                                F(  20,   8980)   =     225.93
                                                Prob > F          =     0.0000
                                                R-squared         =     0.7256
                                                Adj R-squared     =     0.6945
                                                Root MSE          =     1.0492

------------------------------------------------------------------------------
           y |      Coef.   Std. Err.      t    P>|t|     [95% Conf. Interval]
-------------+----------------------------------------------------------------
    _k_eq_m6 |  -.6853987   .1519399    -4.51   0.000    -.9832356   -.3875618
    _k_eq_m5 |    .089175   .2129337     0.42   0.675    -.3282237    .5065736
    _k_eq_m4 |   .1779733   .1605148     1.11   0.268    -.1366723     .492619
    _k_eq_p0 |   1.330196   .1386486     9.59   0.000     1.058413    1.601979
    _k_eq_p1 |   1.059059   .1893365     5.59   0.000     .6879167    1.430202
    _k_eq_p2 |   1.006229   .2438776     4.13   0.000     .5281735    1.484285
    _k_eq_p3 |     .89615   .2999061     2.99   0.003     .3082657    1.484034
    _k_eq_p4 |   .8195069   .3566956     2.30   0.022     .1203022    1.518712
    _k_eq_p5 |   .7707869   .4142434     1.86   0.063    -.0412246    1.582798
    _k_eq_p6 |   1.476404   .1437286    10.27   0.000     1.194663    1.758145
             |
           t |
          7  |   .1582071    .047124     3.36   0.001     .0658334    .2505808
          8  |   .4210788   .0472934     8.90   0.000      .328373    .5137846
          9  |   .5792457   .0476567    12.15   0.000     .4858277    .6726636
         10  |   .7962063   .0480544    16.57   0.000     .7020087    .8904038
         11  |   .9095531   .0484071    18.79   0.000     .8146642    1.004442
         12  |   1.064849    .048706    21.86   0.000     .9693736    1.160323
         13  |   1.277061    .049105    26.01   0.000     1.180805    1.373318
         14  |   1.419503    .049587    28.63   0.000     1.322301    1.516704
         15  |   1.662022   .0500517    33.21   0.000     1.563909    1.760134
             |
     _ttrend |   .1446622   .0584976     2.47   0.013     .0299935     .259331
       _cons |    1.27565   .0443805    28.74   0.000     1.188655    1.362646
------------------------------------------------------------------------------
F test of absorbed indicators: F(999, 8980) = 12.846          Prob > F = 0.000

. des a_eq*, s

              storage   display    value
variable name   type    format     label      variable label
-------------------------------------------------------------------------------------------------------------------
a_eq_m6         float   %9.0g                 Event time <= - 6
a_eq_m5         float   %9.0g                 Event-time = - 5
a_eq_m4         float   %9.0g                 Event-time = - 4
a_eq_m3         float   %9.0g                 Event-time = - 3
a_eq_m2         float   %9.0g                 Event-time = - 2
a_eq_m1         float   %9.0g                 Event-time = - 1
a_eq_p0         float   %9.0g                 Event-time = + 0
a_eq_p1         float   %9.0g                 Event-time = + 1
a_eq_p2         float   %9.0g                 Event-time = + 2
a_eq_p3         float   %9.0g                 Event-time = + 3
a_eq_p4         float   %9.0g                 Event-time = + 4
a_eq_p5         float   %9.0g                 Event-time = + 5
a_eq_p6         float   %9.0g                 Event time >= + 6

. des a_evtime, s

              storage   display    value
variable name   type    format     label      variable label
-------------------------------------------------------------------------------------------------------------------
a_evtime        float   %9.0g                 

. drop a_*

. 
. * Test factor variables in varlist
. cap gen pois=rpoisson(5)

. xtevent y i.pois, panelvar(i) timevar(t) policyvar(z) window(5) trend(-3)

No proxy or instruments provided. Implementing OLS estimator
(0 differences between z and zn)

Linear regression, absorbing indicators         Number of obs     =     10,000
Absorbed variable: i                            No. of categories =      1,000
                                                F(  35,   8965)   =     129.50
                                                Prob > F          =     0.0000
                                                R-squared         =     0.7260
                                                Adj R-squared     =     0.6944
                                                Root MSE          =     1.0493

------------------------------------------------------------------------------
           y |      Coef.   Std. Err.      t    P>|t|     [95% Conf. Interval]
-------------+----------------------------------------------------------------
        pois |
          1  |   .1089534   .1489677     0.73   0.465    -.1830574    .4009641
          2  |    .061824   .1419447     0.44   0.663      -.21642    .3400681
          3  |   .0803791   .1394809     0.58   0.564    -.1930355    .3537936
          4  |   .1123671   .1391321     0.81   0.419    -.1603637    .3850979
          5  |   .0665271   .1390039     0.48   0.632    -.2059523    .3390065
          6  |   .1184326   .1395747     0.85   0.396    -.1551658    .3920309
          7  |   .0595287   .1409696     0.42   0.673    -.2168039    .3358613
          8  |   .1104507   .1433866     0.77   0.441    -.1706199    .3915213
          9  |   .0624319   .1481116     0.42   0.673    -.2279007    .3527645
         10  |   .1359956   .1619178     0.84   0.401    -.1814002    .4533915
         11  |       .288   .1900373     1.52   0.130    -.0845164    .6605165
         12  |   .1406679    .241339     0.58   0.560    -.3324117    .6137475
         13  |  -.0136147    .336459    -0.04   0.968    -.6731512    .6459217
         14  |   1.590583    .654156     2.43   0.015     .3082877    2.872879
         15  |  -1.148997   1.115041    -1.03   0.303    -3.334733    1.036738
             |
    _k_eq_m6 |  -.6840554   .1520529    -4.50   0.000    -.9821138   -.3859969
    _k_eq_m5 |   .0841659   .2132192     0.39   0.693    -.3337925    .5021243
    _k_eq_m4 |   .1728418   .1607646     1.08   0.282    -.1422937    .4879772
    _k_eq_p0 |   1.333042   .1387726     9.61   0.000     1.061016    1.605068
    _k_eq_p1 |   1.054283   .1895666     5.56   0.000      .682689    1.425877
    _k_eq_p2 |    1.00925   .2441526     4.13   0.000     .5306548    1.487845
    _k_eq_p3 |   .9017892   .3002977     3.00   0.003     .3131371    1.490441
    _k_eq_p4 |   .8233439   .3573636     2.30   0.021     .1228297    1.523858
    _k_eq_p5 |    .778351   .4147189     1.88   0.061    -.0345928    1.591295
    _k_eq_p6 |   1.482219   .1438725    10.30   0.000     1.200196    1.764242
             |
           t |
          7  |    .155921   .0471767     3.31   0.001     .0634439     .248398
          8  |   .4189697   .0473654     8.85   0.000     .3261226    .5118167
          9  |   .5785302   .0476986    12.13   0.000       .48503    .6720303
         10  |   .7953847   .0480986    16.54   0.000     .7011004    .8896691
         11  |    .910558   .0484615    18.79   0.000     .8155624    1.005553
         12  |   1.066126   .0487525    21.87   0.000     .9705604    1.161693
         13  |   1.276751   .0491982    25.95   0.000     1.180312    1.373191
         14  |   1.419803   .0496661    28.59   0.000     1.322446     1.51716
         15  |    1.66071   .0501453    33.12   0.000     1.562414    1.759006
             |
     _ttrend |   .1435214   .0585691     2.45   0.014     .0287126    .2583302
       _cons |   1.186007   .1426572     8.31   0.000     .9063667    1.465648
------------------------------------------------------------------------------
F test of absorbed indicators: F(999, 8965) = 12.847          Prob > F = 0.000

. cap drop pois

. * Test time series variables in varlist
. 
. xtevent y l.eta , panelvar(i) timevar(t) policyvar(z) window(5) trend(-3)

No proxy or instruments provided. Implementing OLS estimator
(0 differences between z and zn)

Linear regression, absorbing indicators         Number of obs     =      9,000
Absorbed variable: i                            No. of categories =      1,000
                                                F(  20,   7980)   =     187.12
                                                Prob > F          =     0.0000
                                                R-squared         =     0.7406
                                                Adj R-squared     =     0.7075
                                                Root MSE          =     1.0231

------------------------------------------------------------------------------
           y |      Coef.   Std. Err.      t    P>|t|     [95% Conf. Interval]
-------------+----------------------------------------------------------------
         eta |
         L1. |   .1724237    .009916    17.39   0.000     .1529857    .1918616
             |
    _k_eq_m6 |  -.1791626   .1361575    -1.32   0.188    -.4460669    .0877416
    _k_eq_m5 |   .0309255   .1611383     0.19   0.848    -.2849478    .3467987
    _k_eq_m4 |   .0964058   .1314925     0.73   0.463    -.1613539    .3541654
    _k_eq_p0 |   1.182932   .1093584    10.82   0.000     .9685606    1.397303
    _k_eq_p1 |   .8078733   .1359599     5.94   0.000     .5413563     1.07439
    _k_eq_p2 |    .842088   .1583352     5.32   0.000     .5317097    1.152466
    _k_eq_p3 |   .8163282   .1808075     4.51   0.000     .4618982    1.170758
    _k_eq_p4 |   .8309946   .2017146     4.12   0.000     .4355813    1.226408
    _k_eq_p5 |   .8751599   .2211855     3.96   0.000     .4415787    1.308741
    _k_eq_p6 |   .9869141   .1469114     6.72   0.000     .6989294    1.274899
             |
           t |
          8  |   .2787839   .0460537     6.05   0.000     .1885067    .3690612
          9  |   .4543166   .0463811     9.80   0.000     .3633975    .5452356
         10  |   .6894333    .046945    14.69   0.000     .5974088    .7814577
         11  |    .813029   .0473702    17.16   0.000     .7201711     .905887
         12  |   .9801872    .047717    20.54   0.000     .8866493    1.073725
         13  |   1.207742   .0482276    25.04   0.000     1.113203     1.30228
         14  |   1.370677    .048849    28.06   0.000      1.27492    1.466434
         15  |   1.617581   .0494681    32.70   0.000     1.520611    1.714552
             |
     _ttrend |   .0524286    .032058     1.64   0.102    -.0104134    .1152707
       _cons |   1.410581    .038085    37.04   0.000     1.335924    1.485237
------------------------------------------------------------------------------
F test of absorbed indicators: F(999, 7980) = 9.945           Prob > F = 0.000

. 
. * Test asymmetric window
. * Must fail
. * xtevent y eta , panelvar(i) timevar(t) policyvar(z) window(-4 2) trend(-3 5)
. xtevent y , panelvar(i) timevar(t) policyvar(z) window(-4 6) trend(-3) plot

No proxy or instruments provided. Implementing OLS estimator
(0 differences between z and zn)

Linear regression, absorbing indicators         Number of obs     =     10,000
Absorbed variable: i                            No. of categories =      1,000
                                                F(  20,   8980)   =     225.92
                                                Prob > F          =     0.0000
                                                R-squared         =     0.7256
                                                Adj R-squared     =     0.6945
                                                Root MSE          =     1.0492

------------------------------------------------------------------------------
           y |      Coef.   Std. Err.      t    P>|t|     [95% Conf. Interval]
-------------+----------------------------------------------------------------
    _k_eq_m5 |  -.6651597   .1428662    -4.66   0.000      -.94521   -.3851094
    _k_eq_m4 |   .1780269   .1605253     1.11   0.267    -.1366393    .4926931
    _k_eq_p0 |   1.330239   .1386643     9.59   0.000     1.058425    1.602053
    _k_eq_p1 |   1.058729   .1893454     5.59   0.000     .6875687    1.429889
    _k_eq_p2 |   1.005513   .2438796     4.12   0.000     .5274538    1.483573
    _k_eq_p3 |   .8952911   .2999061     2.99   0.003     .3074067    1.483175
    _k_eq_p4 |   .8187766   .3566975     2.30   0.022     .1195681    1.517985
    _k_eq_p5 |   .7707555   .4142518     1.86   0.063    -.0412727    1.582784
    _k_eq_p6 |   .6077281   .4721442     1.29   0.198    -.3177823    1.533238
    _k_eq_p7 |   1.475864   .1529085     9.65   0.000     1.176128    1.775599
             |
           t |
          7  |   .1584901   .0471188     3.36   0.001     .0661264    .2508537
          8  |   .4219869   .0472368     8.93   0.000      .329392    .5145818
          9  |   .5805522     .04754    12.21   0.000      .487363    .6737415
         10  |   .7977637   .0478898    16.66   0.000     .7038887    .8916387
         11  |   .9105903   .0483356    18.84   0.000     .8158415    1.005339
         12  |   1.065956   .0487343    21.87   0.000     .9704256    1.161486
         13  |   1.278157   .0490418    26.06   0.000     1.182023     1.37429
         14  |   1.420626   .0495252    28.68   0.000     1.323545    1.517706
         15  |   1.663149   .0500972    33.20   0.000     1.564947    1.761351
             |
     _ttrend |   .1445112   .0584976     2.47   0.014     .0298425    .2591799
       _cons |   1.274709   .0443157    28.76   0.000      1.18784    1.361577
------------------------------------------------------------------------------
F test of absorbed indicators: F(999, 8980) = 12.845          Prob > F = 0.000

. 
. * Test overlay plot
. xtevent y , panelvar(i) timevar(t) policyvar(z) window(5) trend(-3) plot

No proxy or instruments provided. Implementing OLS estimator
(0 differences between z and zn)

Linear regression, absorbing indicators         Number of obs     =     10,000
Absorbed variable: i                            No. of categories =      1,000
                                                F(  20,   8980)   =     225.93
                                                Prob > F          =     0.0000
                                                R-squared         =     0.7256
                                                Adj R-squared     =     0.6945
                                                Root MSE          =     1.0492

------------------------------------------------------------------------------
           y |      Coef.   Std. Err.      t    P>|t|     [95% Conf. Interval]
-------------+----------------------------------------------------------------
    _k_eq_m6 |  -.6853987   .1519399    -4.51   0.000    -.9832356   -.3875618
    _k_eq_m5 |    .089175   .2129337     0.42   0.675    -.3282237    .5065736
    _k_eq_m4 |   .1779733   .1605148     1.11   0.268    -.1366723     .492619
    _k_eq_p0 |   1.330196   .1386486     9.59   0.000     1.058413    1.601979
    _k_eq_p1 |   1.059059   .1893365     5.59   0.000     .6879167    1.430202
    _k_eq_p2 |   1.006229   .2438776     4.13   0.000     .5281735    1.484285
    _k_eq_p3 |     .89615   .2999061     2.99   0.003     .3082657    1.484034
    _k_eq_p4 |   .8195069   .3566956     2.30   0.022     .1203022    1.518712
    _k_eq_p5 |   .7707869   .4142434     1.86   0.063    -.0412246    1.582798
    _k_eq_p6 |   1.476404   .1437286    10.27   0.000     1.194663    1.758145
             |
           t |
          7  |   .1582071    .047124     3.36   0.001     .0658334    .2505808
          8  |   .4210788   .0472934     8.90   0.000      .328373    .5137846
          9  |   .5792457   .0476567    12.15   0.000     .4858277    .6726636
         10  |   .7962063   .0480544    16.57   0.000     .7020087    .8904038
         11  |   .9095531   .0484071    18.79   0.000     .8146642    1.004442
         12  |   1.064849    .048706    21.86   0.000     .9693736    1.160323
         13  |   1.277061    .049105    26.01   0.000     1.180805    1.373318
         14  |   1.419503    .049587    28.63   0.000     1.322301    1.516704
         15  |   1.662022   .0500517    33.21   0.000     1.563909    1.760134
             |
     _ttrend |   .1446622   .0584976     2.47   0.013     .0299935     .259331
       _cons |    1.27565   .0443805    28.74   0.000     1.188655    1.362646
------------------------------------------------------------------------------
F test of absorbed indicators: F(999, 8980) = 12.846          Prob > F = 0.000

. xteventplot, overlay(trend)

. 
. *------------------------ 2.6: Hypotheses tests  ----------------------------------
. 
. xtevent y eta, panelvar(i) timevar(t) policyvar(z) window(3)

No proxy or instruments provided. Implementing OLS estimator
(0 differences between z and zn)

Linear regression, absorbing indicators         Number of obs     =     10,000
Absorbed variable: i                            No. of categories =      1,000
                                                F(  18,   8982)   =     326.85
                                                Prob > F          =     0.0000
                                                R-squared         =     0.7508
                                                Adj R-squared     =     0.7226
                                                Root MSE          =     0.9998

------------------------------------------------------------------------------
           y |      Coef.   Std. Err.      t    P>|t|     [95% Conf. Interval]
-------------+----------------------------------------------------------------
         eta |   .2621515   .0086707    30.23   0.000      .245155     .279148
    _k_eq_m4 |   .1646527   .0954569     1.72   0.085    -.0224645    .3517699
    _k_eq_m3 |   .0738983   .1124534     0.66   0.511     -.146536    .2943327
    _k_eq_m2 |   .0826779   .1059384     0.78   0.435    -.1249855    .2903414
    _k_eq_p0 |   1.069132   .0992577    10.77   0.000     .8745648      1.2637
    _k_eq_p1 |   .9092713   .1016075     8.95   0.000     .7100974    1.108445
    _k_eq_p2 |   .9622922   .1052364     9.14   0.000     .7560049    1.168579
    _k_eq_p3 |   .9614279   .1098666     8.75   0.000     .7460644    1.176791
    _k_eq_p4 |   1.030441   .0962225    10.71   0.000     .8418227    1.219059
             |
           t |
          7  |   .1751265   .0449005     3.90   0.000     .0871112    .2631417
          8  |   .4588032   .0450007    10.20   0.000     .3705915    .5470148
          9  |    .640743   .0452447    14.16   0.000      .552053    .7294329
         10  |   .8711449   .0454799    19.15   0.000     .7819939    .9602958
         11  |   1.019745    .045902    22.22   0.000     .9297667    1.109724
         12  |   1.194867   .0464041    25.75   0.000     1.103904     1.28583
         13  |   1.436333    .046806    30.69   0.000     1.344583    1.528084
         14  |   1.584746   .0471903    33.58   0.000     1.492243     1.67725
         15  |   1.818793   .0475103    38.28   0.000     1.725662    1.911924
             |
       _cons |    1.18622   .0363969    32.59   0.000     1.114874    1.257567
------------------------------------------------------------------------------
F test of absorbed indicators: F(999, 8982) = 11.278          Prob > F = 0.000

. 
. xteventtest, coefs(1 2)

 ( 1)  _k_eq_p1 = 0
 ( 2)  _k_eq_p2 = 0

       F(  2,  8982) =   53.02
            Prob > F =    0.0000

. xteventtest, coefs(1 2) cumul

Test sums of coefficients

 ( 1)  _k_eq_p1 + _k_eq_p2 = 0

       F(  1,  8982) =  106.02
            Prob > F =    0.0000

. xteventtest, coefs(-2 -3) 

 ( 1)  _k_eq_m2 = 0
 ( 2)  _k_eq_m3 = 0

       F(  2,  8982) =    0.36
            Prob > F =    0.6969

. xteventtest, allpre

Test for all pre-event coefficients = 0

 ( 1)  _k_eq_m4 = 0
 ( 2)  _k_eq_m3 = 0
 ( 3)  _k_eq_m2 = 0

       F(  3,  8982) =    1.04
            Prob > F =    0.3739

. xteventtest, allpre cumul

Test for all pre-event coefficients = 0

Test sums of coefficients

 ( 1)  _k_eq_m4 + _k_eq_m3 + _k_eq_m2 = 0

       F(  1,  8982) =    1.54
            Prob > F =    0.2144

. xteventtest, allpost

Test for all post-event coefficients = 0

 ( 1)  _k_eq_p0 = 0
 ( 2)  _k_eq_p1 = 0
 ( 3)  _k_eq_p2 = 0
 ( 4)  _k_eq_p3 = 0
 ( 5)  _k_eq_p4 = 0

       F(  5,  8982) =   29.45
            Prob > F =    0.0000

. xteventtest, allpost cumul

Test for all post-event coefficients = 0

Test sums of coefficients

 ( 1)  _k_eq_p0 + _k_eq_p1 + _k_eq_p2 + _k_eq_p3 + _k_eq_p4 = 0

       F(  1,  8982) =  140.46
            Prob > F =    0.0000

. xteventtest, coefs(1 2) testopts(coef)

 ( 1)  _k_eq_p1 = 0
 ( 2)  _k_eq_p2 = 0

       F(  2,  8982) =   53.02
            Prob > F =    0.0000
Warning:  variance matrix is nonsymmetric or highly singular


Constrained coefficients

------------------------------------------------------------------------------
             |      Coef.   Std. Err.      z    P>|z|     [95% Conf. Interval]
-------------+----------------------------------------------------------------
         eta |   .2766634          .        .       .            .           .
    _k_eq_m4 |  -.3500686          .        .       .            .           .
    _k_eq_m3 |   -.484252          .        .       .            .           .
    _k_eq_m2 |  -.4925442          .        .       .            .           .
    _k_eq_p0 |   .4269055          .        .       .            .           .
    _k_eq_p1 |   1.11e-16          .        .       .            .           .
    _k_eq_p2 |   3.33e-16          .        .       .            .           .
    _k_eq_p3 |   .2810614          .        .       .            .           .
    _k_eq_p4 |   .3140401          .        .       .            .           .
             |
           t |
          7  |   .1836751          .        .       .            .           .
          8  |   .4826273          .        .       .            .           .
          9  |   .6606368          .        .       .            .           .
         10  |   .8956989          .        .       .            .           .
         11  |    1.04944          .        .       .            .           .
         12  |   1.227584          .        .       .            .           .
         13  |   1.473261          .        .       .            .           .
         14  |   1.626284          .        .       .            .           .
         15  |   1.872475          .        .       .            .           .
             |
       _cons |   1.307924          .        .       .            .           .
------------------------------------------------------------------------------

. xteventtest, linpretrend

Specification test for linear pre-trend
           chi2(  1) =0
         Prob > chi2 =.966

. xteventtest, overidpre(2)

Overidentification test for pretrends: 2 pre-event coefficients are 0

 ( 1)  _k_eq_m4 = 0
 ( 2)  _k_eq_m3 = 0

       F(  2,  8982) =    1.55
            Prob > F =    0.2123

. xteventtest, overidpost(3)

Overidentification test for effects leveling off: 3 last post-event coefficients are equal

 ( 1)  - _k_eq_p3 + _k_eq_p4 = 0
 ( 2)  - _k_eq_p2 + _k_eq_p4 = 0

       F(  2,  8982) =    0.48
            Prob > F =    0.6195

. xteventtest, overid

Overidentification test for pretrends: 3 pre-event coefficients are 0

Overidentification test for effects leveling off: 2 last post-event coefficients are equal

Overidentification test for pretrends: 3 pre-event coefficients are 0

 ( 1)  _k_eq_m4 = 0
 ( 2)  _k_eq_m3 = 0
 ( 3)  _k_eq_m2 = 0

       F(  3,  8982) =    1.04
            Prob > F =    0.3739

Overidentification test for effects leveling off: 2 last post-event coefficients are equal

 ( 1)  - _k_eq_p3 + _k_eq_p4 = 0

       F(  1,  8982) =    0.61
            Prob > F =    0.4366

Joint overidentification test

 ( 1)  _k_eq_m4 = 0
 ( 2)  _k_eq_m3 = 0
 ( 3)  _k_eq_m2 = 0
 ( 4)  - _k_eq_p3 + _k_eq_p4 = 0

       F(  4,  8982) =    0.96
            Prob > F =    0.4270

. 
. cap log close
